Archive member included to satisfy reference by file (symbol)

e:/progra~2/stmicr~1/stm32c~1/gcc-ar~1.10-/gcc-ar~1.10/bin/../lib/gcc/arm-none-eabi/10.3.1/thumb/v6-m/nofp\libgcc.a(_udivsi3.o)
                              CMakeFiles/smart_servo.elf.dir/Core/Src/system_stm32f0xx.c.obj (__aeabi_uidiv)
e:/progra~2/stmicr~1/stm32c~1/gcc-ar~1.10-/gcc-ar~1.10/bin/../lib/gcc/arm-none-eabi/10.3.1/thumb/v6-m/nofp\libgcc.a(_dvmd_tls.o)
                              e:/progra~2/stmicr~1/stm32c~1/gcc-ar~1.10-/gcc-ar~1.10/bin/../lib/gcc/arm-none-eabi/10.3.1/thumb/v6-m/nofp\libgcc.a(_udivsi3.o) (__aeabi_idiv0)
e:/progra~2/stmicr~1/stm32c~1/gcc-ar~1.10-/gcc-ar~1.10/bin/../lib/gcc/arm-none-eabi/10.3.1/thumb/v6-m/nofp\libgcc.a(_arm_cmpsf2.o)
                              CMakeFiles/smart_servo.elf.dir/Ctrl/motor.cpp.obj (__aeabi_fcmplt)
e:/progra~2/stmicr~1/stm32c~1/gcc-ar~1.10-/gcc-ar~1.10/bin/../lib/gcc/arm-none-eabi/10.3.1/thumb/v6-m/nofp\libgcc.a(addsf3.o)
                              CMakeFiles/smart_servo.elf.dir/Ctrl/motor.cpp.obj (__aeabi_fadd)
e:/progra~2/stmicr~1/stm32c~1/gcc-ar~1.10-/gcc-ar~1.10/bin/../lib/gcc/arm-none-eabi/10.3.1/thumb/v6-m/nofp\libgcc.a(eqsf2.o)
                              e:/progra~2/stmicr~1/stm32c~1/gcc-ar~1.10-/gcc-ar~1.10/bin/../lib/gcc/arm-none-eabi/10.3.1/thumb/v6-m/nofp\libgcc.a(_arm_cmpsf2.o) (__eqsf2)
e:/progra~2/stmicr~1/stm32c~1/gcc-ar~1.10-/gcc-ar~1.10/bin/../lib/gcc/arm-none-eabi/10.3.1/thumb/v6-m/nofp\libgcc.a(gesf2.o)
                              e:/progra~2/stmicr~1/stm32c~1/gcc-ar~1.10-/gcc-ar~1.10/bin/../lib/gcc/arm-none-eabi/10.3.1/thumb/v6-m/nofp\libgcc.a(_arm_cmpsf2.o) (__gesf2)
e:/progra~2/stmicr~1/stm32c~1/gcc-ar~1.10-/gcc-ar~1.10/bin/../lib/gcc/arm-none-eabi/10.3.1/thumb/v6-m/nofp\libgcc.a(lesf2.o)
                              e:/progra~2/stmicr~1/stm32c~1/gcc-ar~1.10-/gcc-ar~1.10/bin/../lib/gcc/arm-none-eabi/10.3.1/thumb/v6-m/nofp\libgcc.a(_arm_cmpsf2.o) (__lesf2)
e:/progra~2/stmicr~1/stm32c~1/gcc-ar~1.10-/gcc-ar~1.10/bin/../lib/gcc/arm-none-eabi/10.3.1/thumb/v6-m/nofp\libgcc.a(mulsf3.o)
                              CMakeFiles/smart_servo.elf.dir/Ctrl/motor.cpp.obj (__aeabi_fmul)
e:/progra~2/stmicr~1/stm32c~1/gcc-ar~1.10-/gcc-ar~1.10/bin/../lib/gcc/arm-none-eabi/10.3.1/thumb/v6-m/nofp\libgcc.a(subsf3.o)
                              CMakeFiles/smart_servo.elf.dir/Ctrl/motor.cpp.obj (__aeabi_fsub)
e:/progra~2/stmicr~1/stm32c~1/gcc-ar~1.10-/gcc-ar~1.10/bin/../lib/gcc/arm-none-eabi/10.3.1/thumb/v6-m/nofp\libgcc.a(unwind-arm.o)
                              CMakeFiles/smart_servo.elf.dir/Ctrl/random_flash_utils.cpp.obj (__aeabi_unwind_cpp_pr0)
e:/progra~2/stmicr~1/stm32c~1/gcc-ar~1.10-/gcc-ar~1.10/bin/../lib/gcc/arm-none-eabi/10.3.1/thumb/v6-m/nofp\libgcc.a(libunwind.o)
                              e:/progra~2/stmicr~1/stm32c~1/gcc-ar~1.10-/gcc-ar~1.10/bin/../lib/gcc/arm-none-eabi/10.3.1/thumb/v6-m/nofp\libgcc.a(unwind-arm.o) (restore_core_regs)
e:/progra~2/stmicr~1/stm32c~1/gcc-ar~1.10-/gcc-ar~1.10/bin/../lib/gcc/arm-none-eabi/10.3.1/thumb/v6-m/nofp\libgcc.a(pr-support.o)
                              e:/progra~2/stmicr~1/stm32c~1/gcc-ar~1.10-/gcc-ar~1.10/bin/../lib/gcc/arm-none-eabi/10.3.1/thumb/v6-m/nofp\libgcc.a(unwind-arm.o) (__gnu_unwind_execute)
e:/progra~2/stmicr~1/stm32c~1/gcc-ar~1.10-/gcc-ar~1.10/bin/../lib/gcc/arm-none-eabi/10.3.1/thumb/v6-m/nofp\libgcc.a(_clzsi2.o)
                              e:/progra~2/stmicr~1/stm32c~1/gcc-ar~1.10-/gcc-ar~1.10/bin/../lib/gcc/arm-none-eabi/10.3.1/thumb/v6-m/nofp\libgcc.a(addsf3.o) (__clzsi2)
e:/progra~2/stmicr~1/stm32c~1/gcc-ar~1.10-/gcc-ar~1.10/bin/../lib/gcc/arm-none-eabi/10.3.1/../../../../arm-none-eabi/lib/thumb/v6-m/nofp\libg.a(lib_a-abort.o)
                              e:/progra~2/stmicr~1/stm32c~1/gcc-ar~1.10-/gcc-ar~1.10/bin/../lib/gcc/arm-none-eabi/10.3.1/thumb/v6-m/nofp\libgcc.a(unwind-arm.o) (abort)
e:/progra~2/stmicr~1/stm32c~1/gcc-ar~1.10-/gcc-ar~1.10/bin/../lib/gcc/arm-none-eabi/10.3.1/../../../../arm-none-eabi/lib/thumb/v6-m/nofp\libg.a(lib_a-errno.o)
                              CMakeFiles/smart_servo.elf.dir/Core/Src/syscalls.c.obj (__errno)
e:/progra~2/stmicr~1/stm32c~1/gcc-ar~1.10-/gcc-ar~1.10/bin/../lib/gcc/arm-none-eabi/10.3.1/../../../../arm-none-eabi/lib/thumb/v6-m/nofp\libg.a(lib_a-exit.o)
                              e:/progra~2/stmicr~1/stm32c~1/gcc-ar~1.10-/gcc-ar~1.10/bin/../lib/gcc/arm-none-eabi/10.3.1/../../../../arm-none-eabi/lib/thumb/v6-m/nofp/crt0.o (exit)
e:/progra~2/stmicr~1/stm32c~1/gcc-ar~1.10-/gcc-ar~1.10/bin/../lib/gcc/arm-none-eabi/10.3.1/../../../../arm-none-eabi/lib/thumb/v6-m/nofp\libg.a(lib_a-impure.o)
                              e:/progra~2/stmicr~1/stm32c~1/gcc-ar~1.10-/gcc-ar~1.10/bin/../lib/gcc/arm-none-eabi/10.3.1/../../../../arm-none-eabi/lib/thumb/v6-m/nofp\libg.a(lib_a-exit.o) (_global_impure_ptr)
e:/progra~2/stmicr~1/stm32c~1/gcc-ar~1.10-/gcc-ar~1.10/bin/../lib/gcc/arm-none-eabi/10.3.1/../../../../arm-none-eabi/lib/thumb/v6-m/nofp\libg.a(lib_a-init.o)
[...]
Memory Configuration

Name             Origin             Length             Attributes
RAM              0x20000000         0x00001800         xrw
FLASH            0x08000000         0x00008000         xr
*default*        0x00000000         0xffffffff

Linker script and memory map

LOAD e:/progra~2/stmicr~1/stm32c~1/gcc-ar~1.10-/gcc-ar~1.10/bin/../lib/gcc/arm-none-eabi/10.3.1/thumb/v6-m/nofp/crti.o
LOAD e:/progra~2/stmicr~1/stm32c~1/gcc-ar~1.10-/gcc-ar~1.10/bin/../lib/gcc/arm-none-eabi/10.3.1/thumb/v6-m/nofp/crtbegin.o
LOAD e:/progra~2/stmicr~1/stm32c~1/gcc-ar~1.10-/gcc-ar~1.10/bin/../lib/gcc/arm-none-eabi/10.3.1/../../../../arm-none-eabi/lib/thumb/v6-m/nofp/crt0.o
LOAD CMakeFiles/smart_servo.elf.dir/Core/Src/adc.c.obj
LOAD CMakeFiles/smart_servo.elf.dir/Core/Src/dma.c.obj
LOAD CMakeFiles/smart_servo.elf.dir/Core/Src/gpio.c.obj
LOAD CMakeFiles/smart_servo.elf.dir/Core/Src/i2c.c.obj
LOAD CMakeFiles/smart_servo.elf.dir/Core/Src/main.c.obj
LOAD CMakeFiles/smart_servo.elf.dir/Core/Src/stm32f0xx_hal_msp.c.obj
LOAD CMakeFiles/smart_servo.elf.dir/Core/Src/stm32f0xx_it.c.obj
LOAD CMakeFiles/smart_servo.elf.dir/Core/Src/syscalls.c.obj
LOAD CMakeFiles/smart_servo.elf.dir/Core/Src/sysmem.c.obj
LOAD CMakeFiles/smart_servo.elf.dir/Core/Src/system_stm32f0xx.c.obj
LOAD CMakeFiles/smart_servo.elf.dir/Core/Src/tim.c.obj
LOAD CMakeFiles/smart_servo.elf.dir/Core/Startup/startup_stm32f042f6px.s.obj
LOAD CMakeFiles/smart_servo.elf.dir/Ctrl/motor.cpp.obj
LOAD CMakeFiles/smart_servo.elf.dir/Ctrl/random_flash_utils.cpp.obj
LOAD CMakeFiles/smart_servo.elf.dir/Drivers/STM32F0xx_HAL_Driver/Src/stm32f0xx_hal.c.obj
LOAD CMakeFiles/smart_servo.elf.dir/Drivers/STM32F0xx_HAL_Driver/Src/stm32f0xx_hal_adc.c.obj
LOAD CMakeFiles/smart_servo.elf.dir/Drivers/STM32F0xx_HAL_Driver/Src/stm32f0xx_hal_adc_ex.c.obj
LOAD CMakeFiles/smart_servo.elf.dir/Drivers/STM32F0xx_HAL_Driver/Src/stm32f0xx_hal_cortex.c.obj
LOAD CMakeFiles/smart_servo.elf.dir/Drivers/STM32F0xx_HAL_Driver/Src/stm32f0xx_hal_dma.c.obj
LOAD CMakeFiles/smart_servo.elf.dir/Drivers/STM32F0xx_HAL_Driver/Src/stm32f0xx_hal_exti.c.obj
LOAD CMakeFiles/smart_servo.elf.dir/Drivers/STM32F0xx_HAL_Driver/Src/stm32f0xx_hal_flash.c.obj
LOAD CMakeFiles/smart_servo.elf.dir/Drivers/STM32F0xx_HAL_Driver/Src/stm32f0xx_hal_flash_ex.c.obj
LOAD CMakeFiles/smart_servo.elf.dir/Drivers/STM32F0xx_HAL_Driver/Src/stm32f0xx_hal_gpio.c.obj
LOAD CMakeFiles/smart_servo.elf.dir/Drivers/STM32F0xx_HAL_Driver/Src/stm32f0xx_hal_i2c.c.obj
LOAD CMakeFiles/smart_servo.elf.dir/Drivers/STM32F0xx_HAL_Driver/Src/stm32f0xx_hal_i2c_ex.c.obj
LOAD CMakeFiles/smart_servo.elf.dir/Drivers/STM32F0xx_HAL_Driver/Src/stm32f0xx_hal_pwr.c.obj
LOAD CMakeFiles/smart_servo.elf.dir/Drivers/STM32F0xx_HAL_Driver/Src/stm32f0xx_hal_pwr_ex.c.obj
LOAD CMakeFiles/smart_servo.elf.dir/Drivers/STM32F0xx_HAL_Driver/Src/stm32f0xx_hal_rcc.c.obj
LOAD CMakeFiles/smart_servo.elf.dir/Drivers/STM32F0xx_HAL_Driver/Src/stm32f0xx_hal_rcc_ex.c.obj
LOAD CMakeFiles/smart_servo.elf.dir/Drivers/STM32F0xx_HAL_Driver/Src/stm32f0xx_hal_tim.c.obj
LOAD CMakeFiles/smart_servo.elf.dir/Drivers/STM32F0xx_HAL_Driver/Src/stm32f0xx_hal_tim_ex.c.obj
LOAD CMakeFiles/smart_servo.elf.dir/UserApp/main.cpp.obj
LOAD e:/progra~2/stmicr~1/stm32c~1/gcc-ar~1.10-/gcc-ar~1.10/bin/../lib/gcc/arm-none-eabi/10.3.1/../../../../arm-none-eabi/lib/thumb/v6-m/nofp\libstdc++.a
LOAD e:/progra~2/stmicr~1/stm32c~1/gcc-ar~1.10-/gcc-ar~1.10/bin/../lib/gcc/arm-none-eabi/10.3.1/../../../../arm-none-eabi/lib/thumb/v6-m/nofp\libm.a
START GROUP
LOAD e:/progra~2/stmicr~1/stm32c~1/gcc-ar~1.10-/gcc-ar~1.10/bin/../lib/gcc/arm-none-eabi/10.3.1/thumb/v6-m/nofp\libgcc.a
LOAD e:/progra~2/stmicr~1/stm32c~1/gcc-ar~1.10-/gcc-ar~1.10/bin/../lib/gcc/arm-none-eabi/10.3.1/../../../../arm-none-eabi/lib/thumb/v6-m/nofp\libg.a
LOAD e:/progra~2/stmicr~1/stm32c~1/gcc-ar~1.10-/gcc-ar~1.10/bin/../lib/gcc/arm-none-eabi/10.3.1/../../../../arm-none-eabi/lib/thumb/v6-m/nofp\libc.a
END GROUP
LOAD e:/progra~2/stmicr~1/stm32c~1/gcc-ar~1.10-/gcc-ar~1.10/bin/../lib/gcc/arm-none-eabi/10.3.1/thumb/v6-m/nofp/crtend.o
LOAD e:/progra~2/stmicr~1/stm32c~1/gcc-ar~1.10-/gcc-ar~1.10/bin/../lib/gcc/arm-none-eabi/10.3.1/thumb/v6-m/nofp/crtn.o
                0x20001800                _estack = (ORIGIN (RAM) + LENGTH (RAM))
                0x00000200                _Min_Heap_Size = 0x200
                0x00000400                _Min_Stack_Size = 0x400

.isr_vector     0x08000000       0xc0
                0x08000000                . = ALIGN (0x4)
 *(.isr_vector)
 .isr_vector    0x08000000       0xc0 CMakeFiles/smart_servo.elf.dir/Core/Startup/startup_stm32f042f6px.s.obj
                0x08000000                g_pfnVectors
                0x080000c0                . = ALIGN (0x4)

.text           0x080000c0     0x3c70
                0x080000c0                . = ALIGN (0x4)
 *(.text)
 .text          0x080000c0       0x48 e:/progra~2/stmicr~1/stm32c~1/gcc-ar~1.10-/gcc-ar~1.10/bin/../lib/gcc/arm-none-eabi/10.3.1/thumb/v6-m/nofp/crtbegin.o
 .text          0x08000108      0x114 e:/progra~2/stmicr~1/stm32c~1/gcc-ar~1.10-/gcc-ar~1.10/bin/../lib/gcc/arm-none-eabi/10.3.1/thumb/v6-m/nofp\libgcc.a(_udivsi3.o)
                0x08000108                __aeabi_uidiv
                0x08000108                __udivsi3
                0x08000214                __aeabi_uidivmod
 .text          0x0800021c        0x4 e:/progra~2/stmicr~1/stm32c~1/gcc-ar~1.10-/gcc-ar~1.10/bin/../lib/gcc/arm-none-eabi/10.3.1/thumb/v6-m/nofp\libgcc.a(_dvmd_tls.o)
                0x0800021c                __aeabi_idiv0
                0x0800021c                __aeabi_ldiv0
 .text          0x08000220      0xa30 e:/progra~2/stmicr~1/stm32c~1/gcc-ar~1.10-/gcc-ar~1.10/bin/../lib/gcc/arm-none-eabi/10.3.1/thumb/v6-m/nofp\libgcc.a(unwind-arm.o)
                0x080004ec                _Unwind_GetCFA
                0x080004f0                __gnu_Unwind_RaiseException
                0x08000544                __gnu_Unwind_ForcedUnwind
                0x08000558                __gnu_Unwind_Resume
                0x080005a0                __gnu_Unwind_Resume_or_Rethrow
                0x080005bc                _Unwind_Complete
                0x080005c0                _Unwind_DeleteException
                0x080005d0                _Unwind_VRS_Get
                0x0800061c                _Unwind_VRS_Set
                0x08000668                __gnu_Unwind_Backtrace
                0x080009c4                __aeabi_unwind_cpp_pr0
                0x080009d0                __aeabi_unwind_cpp_pr1
                0x080009dc                __aeabi_unwind_cpp_pr2
                0x080009e8                _Unwind_VRS_Pop
 .text          0x08000c50      0x144 e:/progra~2/stmicr~1/stm32c~1/gcc-ar~1.10-/gcc-ar~1.10/bin/../lib/gcc/arm-none-eabi/10.3.1/thumb/v6-m/nofp\libgcc.a(libunwind.o)
                0x08000c50                __restore_core_regs
                0x08000c50                restore_core_regs
                0x08000c7c                __gnu_Unwind_Restore_VFP
                0x08000c80                __gnu_Unwind_Save_VFP
                0x08000c84                __gnu_Unwind_Restore_VFP_D
                0x08000c88                __gnu_Unwind_Save_VFP_D
                0x08000c8c                __gnu_Unwind_Restore_VFP_D_16_to_31
                0x08000c90                __gnu_Unwind_Save_VFP_D_16_to_31
                0x08000c94                __gnu_Unwind_Restore_WMMXD
                0x08000c98                __gnu_Unwind_Save_WMMXD
                0x08000c9c                __gnu_Unwind_Restore_WMMXC
                0x08000ca0                __gnu_Unwind_Save_WMMXC
                0x08000ca4                ___Unwind_RaiseException
                0x08000ca4                _Unwind_RaiseException
                0x08000cd4                _Unwind_Resume
                0x08000cd4                ___Unwind_Resume
                0x08000d04                _Unwind_Resume_or_Rethrow
                0x08000d04                ___Unwind_Resume_or_Rethrow
                0x08000d34                _Unwind_ForcedUnwind
                0x08000d34                ___Unwind_ForcedUnwind
                0x08000d64                ___Unwind_Backtrace
                0x08000d64                _Unwind_Backtrace
 .text          0x08000d94      0x38c e:/progra~2/stmicr~1/stm32c~1/gcc-ar~1.10-/gcc-ar~1.10/bin/../lib/gcc/arm-none-eabi/10.3.1/thumb/v6-m/nofp\libgcc.a(pr-support.o)
                0x08000de8                __gnu_unwind_execute
                0x080010d8                __gnu_unwind_frame
                0x08001100                _Unwind_GetRegionStart
                0x0800110c                _Unwind_GetLanguageSpecificData
 *(.text*)
 .text.MX_ADC_Init
                0x08001120       0x78 CMakeFiles/smart_servo.elf.dir/Core/Src/adc.c.obj
                0x08001120                MX_ADC_Init
 .text.HAL_ADC_MspInit
                0x08001198       0xac CMakeFiles/smart_servo.elf.dir/Core/Src/adc.c.obj
                0x08001198                HAL_ADC_MspInit
 .text.MX_DMA_Init
                0x08001244       0x30 CMakeFiles/smart_servo.elf.dir/Core/Src/dma.c.obj
                0x08001244                MX_DMA_Init
 .text.MX_GPIO_Init
                0x08001274       0x64 CMakeFiles/smart_servo.elf.dir/Core/Src/gpio.c.obj
                0x08001274                MX_GPIO_Init
 .text.MX_I2C1_Init
                0x080012d8       0x64 CMakeFiles/smart_servo.elf.dir/Core/Src/i2c.c.obj
                0x080012d8                MX_I2C1_Init
 .text.HAL_I2C_MspInit
                0x0800133c       0x7c CMakeFiles/smart_servo.elf.dir/Core/Src/i2c.c.obj
                0x0800133c                HAL_I2C_MspInit
 .text.Error_Handler
                0x080013b8        0x4 CMakeFiles/smart_servo.elf.dir/Core/Src/main.c.obj
                0x080013b8                Error_Handler
 .text.SystemClock_Config
                0x080013bc       0x7a CMakeFiles/smart_servo.elf.dir/Core/Src/main.c.obj
                0x080013bc                SystemClock_Config
 .text.main     0x08001436       0x28 CMakeFiles/smart_servo.elf.dir/Core/Src/main.c.obj
                0x08001436                main
 *fill*         0x0800145e        0x2 
 .text.HAL_MspInit
                0x08001460       0x30 CMakeFiles/smart_servo.elf.dir/Core/Src/stm32f0xx_hal_msp.c.obj
                0x08001460                HAL_MspInit
 .text.NMI_Handler
                0x08001490        0x2 CMakeFiles/smart_servo.elf.dir/Core/Src/stm32f0xx_it.c.obj
                0x08001490                NMI_Handler
 .text.HardFault_Handler
                0x08001492        0x2 CMakeFiles/smart_servo.elf.dir/Core/Src/stm32f0xx_it.c.obj
                0x08001492                HardFault_Handler
 .text.SVC_Handler
                0x08001494        0x2 CMakeFiles/smart_servo.elf.dir/Core/Src/stm32f0xx_it.c.obj
                0x08001494                SVC_Handler
 .text.PendSV_Handler
                0x08001496        0x2 CMakeFiles/smart_servo.elf.dir/Core/Src/stm32f0xx_it.c.obj
                0x08001496                PendSV_Handler
 .text.SysTick_Handler
                0x08001498        0x8 CMakeFiles/smart_servo.elf.dir/Core/Src/stm32f0xx_it.c.obj
                0x08001498                SysTick_Handler
 .text.DMA1_Channel1_IRQHandler
                0x080014a0       0x10 CMakeFiles/smart_servo.elf.dir/Core/Src/stm32f0xx_it.c.obj
                0x080014a0                DMA1_Channel1_IRQHandler
 .text.ADC1_IRQHandler
                0x080014b0       0x10 CMakeFiles/smart_servo.elf.dir/Core/Src/stm32f0xx_it.c.obj
                0x080014b0                ADC1_IRQHandler
 .text.TIM14_IRQHandler
                0x080014c0       0x10 CMakeFiles/smart_servo.elf.dir/Core/Src/stm32f0xx_it.c.obj
                0x080014c0                TIM14_IRQHandler
 .text.I2C1_IRQHandler
                0x080014d0       0x24 CMakeFiles/smart_servo.elf.dir/Core/Src/stm32f0xx_it.c.obj
                0x080014d0                I2C1_IRQHandler
 .text._getpid  0x080014f4        0x4 CMakeFiles/smart_servo.elf.dir/Core/Src/syscalls.c.obj
                0x080014f4                _getpid
 .text._kill    0x080014f8       0x10 CMakeFiles/smart_servo.elf.dir/Core/Src/syscalls.c.obj
                0x080014f8                _kill
 .text._exit    0x08001508        0xc CMakeFiles/smart_servo.elf.dir/Core/Src/syscalls.c.obj
                0x08001508                _exit
 .text.SystemInit
                0x08001514        0x2 CMakeFiles/smart_servo.elf.dir/Core/Src/system_stm32f0xx.c.obj
                0x08001514                SystemInit
 *fill*         0x08001516        0x2 
 .text.MX_TIM14_Init
                0x08001518       0x34 CMakeFiles/smart_servo.elf.dir/Core/Src/tim.c.obj
                0x08001518                MX_TIM14_Init
 .text.HAL_TIM_PWM_MspInit
                0x0800154c       0x2c CMakeFiles/smart_servo.elf.dir/Core/Src/tim.c.obj
                0x0800154c                HAL_TIM_PWM_MspInit
 .text.HAL_TIM_Base_MspInit
                0x08001578       0x40 CMakeFiles/smart_servo.elf.dir/Core/Src/tim.c.obj
                0x08001578                HAL_TIM_Base_MspInit
 .text.HAL_TIM_MspPostInit
                0x080015b8       0x50 CMakeFiles/smart_servo.elf.dir/Core/Src/tim.c.obj
                0x080015b8                HAL_TIM_MspPostInit
 .text.MX_TIM3_Init
                0x08001608       0x9c CMakeFiles/smart_servo.elf.dir/Core/Src/tim.c.obj
                0x08001608                MX_TIM3_Init
 .text.Reset_Handler
                0x080016a4       0x80 CMakeFiles/smart_servo.elf.dir/Core/Startup/startup_stm32f042f6px.s.obj
                0x080016a4                Reset_Handler
 .text.Default_Handler
                0x08001724        0x2 CMakeFiles/smart_servo.elf.dir/Core/Startup/startup_stm32f042f6px.s.obj
                0x08001724                TIM1_CC_IRQHandler
                0x08001724                TSC_IRQHandler
                0x08001724                RCC_CRS_IRQHandler
                0x08001724                SPI1_IRQHandler
                0x08001724                EXTI2_3_IRQHandler
                0x08001724                TIM17_IRQHandler
                0x08001724                CEC_CAN_IRQHandler
                0x08001724                RTC_IRQHandler
                0x08001724                PVD_VDDIO2_IRQHandler
                0x08001724                TIM16_IRQHandler
                0x08001724                TIM3_IRQHandler
                0x08001724                EXTI4_15_IRQHandler
                0x08001724                Default_Handler
                0x08001724                DMA1_Channel4_5_IRQHandler
                0x08001724                EXTI0_1_IRQHandler
                0x08001724                USB_IRQHandler
                0x08001724                SPI2_IRQHandler
                0x08001724                WWDG_IRQHandler
                0x08001724                TIM2_IRQHandler
                0x08001724                DMA1_Channel2_3_IRQHandler
                0x08001724                USART2_IRQHandler
                0x08001724                FLASH_IRQHandler
                0x08001724                USART1_IRQHandler
                0x08001724                TIM1_BRK_UP_TRG_COM_IRQHandler
 *fill*         0x08001726        0x2 
 .text.eeprom_buffered_read_byte
                0x08001728        0xc CMakeFiles/smart_servo.elf.dir/Ctrl/random_flash_utils.cpp.obj
                0x08001728                eeprom_buffered_read_byte
 .text.eeprom_buffered_write_byte
                0x08001734        0xc CMakeFiles/smart_servo.elf.dir/Ctrl/random_flash_utils.cpp.obj
                0x08001734                eeprom_buffered_write_byte
 .text.eeprom_buffer_fill
                0x08001740       0x18 CMakeFiles/smart_servo.elf.dir/Ctrl/random_flash_utils.cpp.obj
                0x08001740                eeprom_buffer_fill
 .text.eeprom_buffer_flush
                0x08001758       0x60 CMakeFiles/smart_servo.elf.dir/Ctrl/random_flash_utils.cpp.obj
                0x08001758                eeprom_buffer_flush
 .text.HAL_InitTick
                0x080017b8       0x50 CMakeFiles/smart_servo.elf.dir/Drivers/STM32F0xx_HAL_Driver/Src/stm32f0xx_hal.c.obj
                0x080017b8                HAL_InitTick
 .text.HAL_Init
                0x08001808       0x20 CMakeFiles/smart_servo.elf.dir/Drivers/STM32F0xx_HAL_Driver/Src/stm32f0xx_hal.c.obj
                0x08001808                HAL_Init
 .text.HAL_IncTick
                0x08001828       0x18 CMakeFiles/smart_servo.elf.dir/Drivers/STM32F0xx_HAL_Driver/Src/stm32f0xx_hal.c.obj
                0x08001828                HAL_IncTick
 .text.HAL_GetTick
                0x08001840        0xc CMakeFiles/smart_servo.elf.dir/Drivers/STM32F0xx_HAL_Driver/Src/stm32f0xx_hal.c.obj
                0x08001840                HAL_GetTick
 .text.HAL_ADC_Init
                0x0800184c      0x184 CMakeFiles/smart_servo.elf.dir/Drivers/STM32F0xx_HAL_Driver/Src/stm32f0xx_hal_adc.c.obj
                0x0800184c                HAL_ADC_Init
 .text.HAL_ADC_ConvCpltCallback
                0x080019d0        0x2 CMakeFiles/smart_servo.elf.dir/Drivers/STM32F0xx_HAL_Driver/Src/stm32f0xx_hal_adc.c.obj
                0x080019d0                HAL_ADC_ConvCpltCallback
 .text.HAL_ADC_LevelOutOfWindowCallback
                0x080019d2        0x2 CMakeFiles/smart_servo.elf.dir/Drivers/STM32F0xx_HAL_Driver/Src/stm32f0xx_hal_adc.c.obj
                0x080019d2                HAL_ADC_LevelOutOfWindowCallback
 .text.HAL_ADC_ErrorCallback
                0x080019d4        0x2 CMakeFiles/smart_servo.elf.dir/Drivers/STM32F0xx_HAL_Driver/Src/stm32f0xx_hal_adc.c.obj
                0x080019d4                HAL_ADC_ErrorCallback
 *fill*         0x080019d6        0x2 
 .text.HAL_ADC_IRQHandler
                0x080019d8       0xd0 CMakeFiles/smart_servo.elf.dir/Drivers/STM32F0xx_HAL_Driver/Src/stm32f0xx_hal_adc.c.obj
                0x080019d8                HAL_ADC_IRQHandler
 .text.HAL_ADC_ConfigChannel
                0x08001aa8      0x14c CMakeFiles/smart_servo.elf.dir/Drivers/STM32F0xx_HAL_Driver/Src/stm32f0xx_hal_adc.c.obj
                0x08001aa8                HAL_ADC_ConfigChannel
 .text.HAL_NVIC_SetPriority
                0x08001bf4       0x60 CMakeFiles/smart_servo.elf.dir/Drivers/STM32F0xx_HAL_Driver/Src/stm32f0xx_hal_cortex.c.obj
                0x08001bf4                HAL_NVIC_SetPriority
 .text.HAL_NVIC_EnableIRQ
                0x08001c54       0x18 CMakeFiles/smart_servo.elf.dir/Drivers/STM32F0xx_HAL_Driver/Src/stm32f0xx_hal_cortex.c.obj
                0x08001c54                HAL_NVIC_EnableIRQ
 .text.HAL_SYSTICK_Config
                0x08001c6c       0x38 CMakeFiles/smart_servo.elf.dir/Drivers/STM32F0xx_HAL_Driver/Src/stm32f0xx_hal_cortex.c.obj
                0x08001c6c                HAL_SYSTICK_Config
 .text.DMA_CalcBaseAndBitshift
                0x08001ca4       0x24 CMakeFiles/smart_servo.elf.dir/Drivers/STM32F0xx_HAL_Driver/Src/stm32f0xx_hal_dma.c.obj
 .text.HAL_DMA_Init
                0x08001cc8       0x50 CMakeFiles/smart_servo.elf.dir/Drivers/STM32F0xx_HAL_Driver/Src/stm32f0xx_hal_dma.c.obj
                0x08001cc8                HAL_DMA_Init
 .text.HAL_DMA_Abort_IT
                0x08001d18       0x4a CMakeFiles/smart_servo.elf.dir/Drivers/STM32F0xx_HAL_Driver/Src/stm32f0xx_hal_dma.c.obj
                0x08001d18                HAL_DMA_Abort_IT
 .text.HAL_DMA_IRQHandler
                0x08001d62       0xaa CMakeFiles/smart_servo.elf.dir/Drivers/STM32F0xx_HAL_Driver/Src/stm32f0xx_hal_dma.c.obj
                0x08001d62                HAL_DMA_IRQHandler
 .text.HAL_DMA_GetState
                0x08001e0c        0x8 CMakeFiles/smart_servo.elf.dir/Drivers/STM32F0xx_HAL_Driver/Src/stm32f0xx_hal_dma.c.obj
                0x08001e0c                HAL_DMA_GetState
 .text.FLASH_Program_HalfWord
                0x08001e14       0x20 CMakeFiles/smart_servo.elf.dir/Drivers/STM32F0xx_HAL_Driver/Src/stm32f0xx_hal_flash.c.obj
 .text.FLASH_SetErrorCode
                0x08001e34       0x40 CMakeFiles/smart_servo.elf.dir/Drivers/STM32F0xx_HAL_Driver/Src/stm32f0xx_hal_flash.c.obj
 .text.HAL_FLASH_Unlock
                0x08001e74       0x30 CMakeFiles/smart_servo.elf.dir/Drivers/STM32F0xx_HAL_Driver/Src/stm32f0xx_hal_flash.c.obj
                0x08001e74                HAL_FLASH_Unlock
 .text.HAL_FLASH_Lock
                0x08001ea4       0x14 CMakeFiles/smart_servo.elf.dir/Drivers/STM32F0xx_HAL_Driver/Src/stm32f0xx_hal_flash.c.obj
                0x08001ea4                HAL_FLASH_Lock
 .text.FLASH_WaitForLastOperation
                0x08001eb8       0x58 CMakeFiles/smart_servo.elf.dir/Drivers/STM32F0xx_HAL_Driver/Src/stm32f0xx_hal_flash.c.obj
                0x08001eb8                FLASH_WaitForLastOperation
 .text.HAL_FLASH_Program
                0x08001f10       0xa8 CMakeFiles/smart_servo.elf.dir/Drivers/STM32F0xx_HAL_Driver/Src/stm32f0xx_hal_flash.c.obj
                0x08001f10                HAL_FLASH_Program
 .text.FLASH_MassErase
                0x08001fb8       0x24 CMakeFiles/smart_servo.elf.dir/Drivers/STM32F0xx_HAL_Driver/Src/stm32f0xx_hal_flash_ex.c.obj
 .text.FLASH_PageErase
                0x08001fdc       0x24 CMakeFiles/smart_servo.elf.dir/Drivers/STM32F0xx_HAL_Driver/Src/stm32f0xx_hal_flash_ex.c.obj
                0x08001fdc                FLASH_PageErase
 .text.HAL_FLASHEx_Erase
                0x08002000       0xa4 CMakeFiles/smart_servo.elf.dir/Drivers/STM32F0xx_HAL_Driver/Src/stm32f0xx_hal_flash_ex.c.obj
                0x08002000                HAL_FLASHEx_Erase
 .text.HAL_GPIO_Init
                0x080020a4      0x180 CMakeFiles/smart_servo.elf.dir/Drivers/STM32F0xx_HAL_Driver/Src/stm32f0xx_hal_gpio.c.obj
                0x080020a4                HAL_GPIO_Init
 .text.HAL_GPIO_WritePin
                0x08002224        0xc CMakeFiles/smart_servo.elf.dir/Drivers/STM32F0xx_HAL_Driver/Src/stm32f0xx_hal_gpio.c.obj
                0x08002224                HAL_GPIO_WritePin
 .text.I2C_Flush_TXDR
                0x08002230       0x1e CMakeFiles/smart_servo.elf.dir/Drivers/STM32F0xx_HAL_Driver/Src/stm32f0xx_hal_i2c.c.obj
 .text.I2C_Disable_IRQ
                0x0800224e       0x6c CMakeFiles/smart_servo.elf.dir/Drivers/STM32F0xx_HAL_Driver/Src/stm32f0xx_hal_i2c.c.obj
 *fill*         0x080022ba        0x2 
 .text.HAL_I2C_Init
                0x080022bc       0xdc CMakeFiles/smart_servo.elf.dir/Drivers/STM32F0xx_HAL_Driver/Src/stm32f0xx_hal_i2c.c.obj
                0x080022bc                HAL_I2C_Init
 .text.HAL_I2C_EV_IRQHandler
                0x08002398       0x12 CMakeFiles/smart_servo.elf.dir/Drivers/STM32F0xx_HAL_Driver/Src/stm32f0xx_hal_i2c.c.obj
                0x08002398                HAL_I2C_EV_IRQHandler
 .text.HAL_I2C_SlaveTxCpltCallback
                0x080023aa        0x2 CMakeFiles/smart_servo.elf.dir/Drivers/STM32F0xx_HAL_Driver/Src/stm32f0xx_hal_i2c.c.obj
                0x080023aa                HAL_I2C_SlaveTxCpltCallback
 .text.HAL_I2C_SlaveRxCpltCallback
                0x080023ac        0x2 CMakeFiles/smart_servo.elf.dir/Drivers/STM32F0xx_HAL_Driver/Src/stm32f0xx_hal_i2c.c.obj
                0x080023ac                HAL_I2C_SlaveRxCpltCallback
 *fill*         0x080023ae        0x2 
 .text.I2C_ITSlaveSeqCplt
                0x080023b0       0x84 CMakeFiles/smart_servo.elf.dir/Drivers/STM32F0xx_HAL_Driver/Src/stm32f0xx_hal_i2c.c.obj
 .text.HAL_I2C_AddrCallback
                0x08002434        0x2 CMakeFiles/smart_servo.elf.dir/Drivers/STM32F0xx_HAL_Driver/Src/stm32f0xx_hal_i2c.c.obj
                0x08002434                HAL_I2C_AddrCallback
 .text.I2C_ITAddrCplt
                0x08002436       0xa4 CMakeFiles/smart_servo.elf.dir/Drivers/STM32F0xx_HAL_Driver/Src/stm32f0xx_hal_i2c.c.obj
 .text.HAL_I2C_ListenCpltCallback
                0x080024da        0x2 CMakeFiles/smart_servo.elf.dir/Drivers/STM32F0xx_HAL_Driver/Src/stm32f0xx_hal_i2c.c.obj
                0x080024da                HAL_I2C_ListenCpltCallback
 .text.I2C_ITListenCplt
                0x080024dc       0x68 CMakeFiles/smart_servo.elf.dir/Drivers/STM32F0xx_HAL_Driver/Src/stm32f0xx_hal_i2c.c.obj
 .text.HAL_I2C_ErrorCallback
                0x08002544        0x2 CMakeFiles/smart_servo.elf.dir/Drivers/STM32F0xx_HAL_Driver/Src/stm32f0xx_hal_i2c.c.obj
                0x08002544                HAL_I2C_ErrorCallback
 .text.HAL_I2C_AbortCpltCallback
                0x08002546        0x2 CMakeFiles/smart_servo.elf.dir/Drivers/STM32F0xx_HAL_Driver/Src/stm32f0xx_hal_i2c.c.obj
                0x08002546                HAL_I2C_AbortCpltCallback
 .text.I2C_TreatErrorCallback
                0x08002548       0x2c CMakeFiles/smart_servo.elf.dir/Drivers/STM32F0xx_HAL_Driver/Src/stm32f0xx_hal_i2c.c.obj
 .text.I2C_ITError
                0x08002574      0x134 CMakeFiles/smart_servo.elf.dir/Drivers/STM32F0xx_HAL_Driver/Src/stm32f0xx_hal_i2c.c.obj
 .text.I2C_ITSlaveCplt
                0x080026a8      0x1f8 CMakeFiles/smart_servo.elf.dir/Drivers/STM32F0xx_HAL_Driver/Src/stm32f0xx_hal_i2c.c.obj
 .text.I2C_Slave_ISR_IT
                0x080028a0      0x144 CMakeFiles/smart_servo.elf.dir/Drivers/STM32F0xx_HAL_Driver/Src/stm32f0xx_hal_i2c.c.obj
 .text.HAL_I2C_ER_IRQHandler
                0x080029e4       0x5e CMakeFiles/smart_servo.elf.dir/Drivers/STM32F0xx_HAL_Driver/Src/stm32f0xx_hal_i2c.c.obj
                0x080029e4                HAL_I2C_ER_IRQHandler
 .text.I2C_DMAAbort
                0x08002a42       0x1e CMakeFiles/smart_servo.elf.dir/Drivers/STM32F0xx_HAL_Driver/Src/stm32f0xx_hal_i2c.c.obj
 .text.HAL_I2CEx_ConfigAnalogFilter
                0x08002a60       0x58 CMakeFiles/smart_servo.elf.dir/Drivers/STM32F0xx_HAL_Driver/Src/stm32f0xx_hal_i2c_ex.c.obj
                0x08002a60                HAL_I2CEx_ConfigAnalogFilter
 .text.HAL_I2CEx_ConfigDigitalFilter
                0x08002ab8       0x54 CMakeFiles/smart_servo.elf.dir/Drivers/STM32F0xx_HAL_Driver/Src/stm32f0xx_hal_i2c_ex.c.obj
                0x08002ab8                HAL_I2CEx_ConfigDigitalFilter
 .text.HAL_RCC_OscConfig
                0x08002b0c      0x544 CMakeFiles/smart_servo.elf.dir/Drivers/STM32F0xx_HAL_Driver/Src/stm32f0xx_hal_rcc.c.obj
                0x08002b0c                HAL_RCC_OscConfig
 .text.HAL_RCC_GetSysClockFreq
                0x08003050       0x78 CMakeFiles/smart_servo.elf.dir/Drivers/STM32F0xx_HAL_Driver/Src/stm32f0xx_hal_rcc.c.obj
                0x08003050                HAL_RCC_GetSysClockFreq
 .text.HAL_RCC_ClockConfig
                0x080030c8      0x144 CMakeFiles/smart_servo.elf.dir/Drivers/STM32F0xx_HAL_Driver/Src/stm32f0xx_hal_rcc.c.obj
                0x080030c8                HAL_RCC_ClockConfig
 .text.HAL_RCCEx_PeriphCLKConfig
                0x0800320c      0x144 CMakeFiles/smart_servo.elf.dir/Drivers/STM32F0xx_HAL_Driver/Src/stm32f0xx_hal_rcc_ex.c.obj
                0x0800320c                HAL_RCCEx_PeriphCLKConfig
 .text.TIM_OC1_SetConfig
                0x08003350       0x78 CMakeFiles/smart_servo.elf.dir/Drivers/STM32F0xx_HAL_Driver/Src/stm32f0xx_hal_tim.c.obj
 .text.TIM_OC3_SetConfig
                0x080033c8       0x88 CMakeFiles/smart_servo.elf.dir/Drivers/STM32F0xx_HAL_Driver/Src/stm32f0xx_hal_tim.c.obj
 .text.TIM_OC4_SetConfig
                0x08003450       0x68 CMakeFiles/smart_servo.elf.dir/Drivers/STM32F0xx_HAL_Driver/Src/stm32f0xx_hal_tim.c.obj
 .text.HAL_TIM_PeriodElapsedCallback
                0x080034b8        0x2 CMakeFiles/smart_servo.elf.dir/Drivers/STM32F0xx_HAL_Driver/Src/stm32f0xx_hal_tim.c.obj
                0x080034b8                HAL_TIM_PeriodElapsedCallback
 .text.HAL_TIM_OC_DelayElapsedCallback
                0x080034ba        0x2 CMakeFiles/smart_servo.elf.dir/Drivers/STM32F0xx_HAL_Driver/Src/stm32f0xx_hal_tim.c.obj
                0x080034ba                HAL_TIM_OC_DelayElapsedCallback
 .text.HAL_TIM_IC_CaptureCallback
                0x080034bc        0x2 CMakeFiles/smart_servo.elf.dir/Drivers/STM32F0xx_HAL_Driver/Src/stm32f0xx_hal_tim.c.obj
                0x080034bc                HAL_TIM_IC_CaptureCallback
 .text.HAL_TIM_PWM_PulseFinishedCallback
                0x080034be        0x2 CMakeFiles/smart_servo.elf.dir/Drivers/STM32F0xx_HAL_Driver/Src/stm32f0xx_hal_tim.c.obj
                0x080034be                HAL_TIM_PWM_PulseFinishedCallback
 .text.HAL_TIM_TriggerCallback
                0x080034c0        0x2 CMakeFiles/smart_servo.elf.dir/Drivers/STM32F0xx_HAL_Driver/Src/stm32f0xx_hal_tim.c.obj
                0x080034c0                HAL_TIM_TriggerCallback
 .text.HAL_TIM_IRQHandler
                0x080034c2      0x13e CMakeFiles/smart_servo.elf.dir/Drivers/STM32F0xx_HAL_Driver/Src/stm32f0xx_hal_tim.c.obj
                0x080034c2                HAL_TIM_IRQHandler
 .text.TIM_Base_SetConfig
                0x08003600       0xa0 CMakeFiles/smart_servo.elf.dir/Drivers/STM32F0xx_HAL_Driver/Src/stm32f0xx_hal_tim.c.obj
                0x08003600                TIM_Base_SetConfig
 .text.HAL_TIM_Base_Init
                0x080036a0       0x58 CMakeFiles/smart_servo.elf.dir/Drivers/STM32F0xx_HAL_Driver/Src/stm32f0xx_hal_tim.c.obj
                0x080036a0                HAL_TIM_Base_Init
 .text.HAL_TIM_PWM_Init
                0x080036f8       0x58 CMakeFiles/smart_servo.elf.dir/Drivers/STM32F0xx_HAL_Driver/Src/stm32f0xx_hal_tim.c.obj
                0x080036f8                HAL_TIM_PWM_Init
 .text.TIM_OC2_SetConfig
                0x08003750       0x80 CMakeFiles/smart_servo.elf.dir/Drivers/STM32F0xx_HAL_Driver/Src/stm32f0xx_hal_tim.c.obj
                0x08003750                TIM_OC2_SetConfig
 .text.HAL_TIM_PWM_ConfigChannel
                0x080037d0       0xf0 CMakeFiles/smart_servo.elf.dir/Drivers/STM32F0xx_HAL_Driver/Src/stm32f0xx_hal_tim.c.obj
                0x080037d0                HAL_TIM_PWM_ConfigChannel
 .text.HAL_TIMEx_MasterConfigSynchronization
                0x080038c0       0x64 CMakeFiles/smart_servo.elf.dir/Drivers/STM32F0xx_HAL_Driver/Src/stm32f0xx_hal_tim_ex.c.obj
                0x080038c0                HAL_TIMEx_MasterConfigSynchronization
 .text.HAL_TIMEx_CommutCallback
                0x08003924        0x2 CMakeFiles/smart_servo.elf.dir/Drivers/STM32F0xx_HAL_Driver/Src/stm32f0xx_hal_tim_ex.c.obj
                0x08003924                HAL_TIMEx_CommutCallback
 .text.HAL_TIMEx_BreakCallback
                0x08003926        0x2 CMakeFiles/smart_servo.elf.dir/Drivers/STM32F0xx_HAL_Driver/Src/stm32f0xx_hal_tim_ex.c.obj
                0x08003926                HAL_TIMEx_BreakCallback
 .text.Main     0x08003928       0xb0 CMakeFiles/smart_servo.elf.dir/UserApp/main.cpp.obj
                0x08003928                Main
 .text.abort    0x080039d8       0x10 e:/progra~2/stmicr~1/stm32c~1/gcc-ar~1.10-/gcc-ar~1.10/bin/../lib/gcc/arm-none-eabi/10.3.1/../../../../arm-none-eabi/lib/thumb/v6-m/nofp\libg.a(lib_a-abort.o)
                0x080039d8                abort
 .text.__errno  0x080039e8        0xc e:/progra~2/stmicr~1/stm32c~1/gcc-ar~1.10-/gcc-ar~1.10/bin/../lib/gcc/arm-none-eabi/10.3.1/../../../../arm-none-eabi/lib/thumb/v6-m/nofp\libg.a(lib_a-errno.o)
                0x080039e8                __errno
 .text.__libc_init_array
                0x080039f4       0x44 e:/progra~2/stmicr~1/stm32c~1/gcc-ar~1.10-/gcc-ar~1.10/bin/../lib/gcc/arm-none-eabi/10.3.1/../../../../arm-none-eabi/lib/thumb/v6-m/nofp\libg.a(lib_a-init.o)
                0x080039f4                __libc_init_array
 .text.memcpy   0x08003a38       0xa4 e:/progra~2/stmicr~1/stm32c~1/gcc-ar~1.10-/gcc-ar~1.10/bin/../lib/gcc/arm-none-eabi/10.3.1/../../../../arm-none-eabi/lib/thumb/v6-m/nofp\libg.a(lib_a-memcpy-stub.o)
                0x08003a38                memcpy
 .text.memset   0x08003adc       0xa8 e:/progra~2/stmicr~1/stm32c~1/gcc-ar~1.10-/gcc-ar~1.10/bin/../lib/gcc/arm-none-eabi/10.3.1/../../../../arm-none-eabi/lib/thumb/v6-m/nofp\libg.a(lib_a-memset.o)
                0x08003adc                memset
 .text.raise    0x08003b84       0x60 e:/progra~2/stmicr~1/stm32c~1/gcc-ar~1.10-/gcc-ar~1.10/bin/../lib/gcc/arm-none-eabi/10.3.1/../../../../arm-none-eabi/lib/thumb/v6-m/nofp\libg.a(lib_a-signal.o)
                0x08003b84                raise
 .text._kill_r  0x08003be4       0x28 e:/progra~2/stmicr~1/stm32c~1/gcc-ar~1.10-/gcc-ar~1.10/bin/../lib/gcc/arm-none-eabi/10.3.1/../../../../arm-none-eabi/lib/thumb/v6-m/nofp\libg.a(lib_a-signalr.o)
                0x08003be4                _kill_r
 .text._getpid_r
                0x08003c0c        0x8 e:/progra~2/stmicr~1/stm32c~1/gcc-ar~1.10-/gcc-ar~1.10/bin/../lib/gcc/arm-none-eabi/10.3.1/../../../../arm-none-eabi/lib/thumb/v6-m/nofp\libg.a(lib_a-signalr.o)
                0x08003c0c                _getpid_r
 .text.startup.register_fini
                0x08003c14       0x18 e:/progra~2/stmicr~1/stm32c~1/gcc-ar~1.10-/gcc-ar~1.10/bin/../lib/gcc/arm-none-eabi/10.3.1/../../../../arm-none-eabi/lib/thumb/v6-m/nofp\libg.a(lib_a-__call_atexit.o)
 .text.atexit   0x08003c2c       0x10 e:/progra~2/stmicr~1/stm32c~1/gcc-ar~1.10-/gcc-ar~1.10/bin/../lib/gcc/arm-none-eabi/10.3.1/../../../../arm-none-eabi/lib/thumb/v6-m/nofp\libg.a(lib_a-atexit.o)
                0x08003c2c                atexit
 .text.__libc_fini_array
                0x08003c3c       0x28 e:/progra~2/stmicr~1/stm32c~1/gcc-ar~1.10-/gcc-ar~1.10/bin/../lib/gcc/arm-none-eabi/10.3.1/../../../../arm-none-eabi/lib/thumb/v6-m/nofp\libg.a(lib_a-fini.o)
                0x08003c3c                __libc_fini_array
 .text.__retarget_lock_acquire_recursive
                0x08003c64        0x4 e:/progra~2/stmicr~1/stm32c~1/gcc-ar~1.10-/gcc-ar~1.10/bin/../lib/gcc/arm-none-eabi/10.3.1/../../../../arm-none-eabi/lib/thumb/v6-m/nofp\libg.a(lib_a-lock.o)
                0x08003c64                __retarget_lock_acquire_recursive
 .text.__retarget_lock_release_recursive
                0x08003c68        0x4 e:/progra~2/stmicr~1/stm32c~1/gcc-ar~1.10-/gcc-ar~1.10/bin/../lib/gcc/arm-none-eabi/10.3.1/../../../../arm-none-eabi/lib/thumb/v6-m/nofp\libg.a(lib_a-lock.o)
                0x08003c68                __retarget_lock_release_recursive
 .text.__register_exitproc
                0x08003c6c       0xac e:/progra~2/stmicr~1/stm32c~1/gcc-ar~1.10-/gcc-ar~1.10/bin/../lib/gcc/arm-none-eabi/10.3.1/../../../../arm-none-eabi/lib/thumb/v6-m/nofp\libg.a(lib_a-__atexit.o)
                0x08003c6c                __register_exitproc
 *(.glue_7)
 .glue_7        0x08003d18        0x0 linker stubs
 *(.glue_7t)
 .glue_7t       0x08003d18        0x0 linker stubs
 *(.eh_frame)
 .eh_frame      0x08003d18        0x0 e:/progra~2/stmicr~1/stm32c~1/gcc-ar~1.10-/gcc-ar~1.10/bin/../lib/gcc/arm-none-eabi/10.3.1/thumb/v6-m/nofp/crtbegin.o
 *(.init)
 .init          0x08003d18        0x4 e:/progra~2/stmicr~1/stm32c~1/gcc-ar~1.10-/gcc-ar~1.10/bin/../lib/gcc/arm-none-eabi/10.3.1/thumb/v6-m/nofp/crti.o
                0x08003d18                _init
 .init          0x08003d1c        0x8 e:/progra~2/stmicr~1/stm32c~1/gcc-ar~1.10-/gcc-ar~1.10/bin/../lib/gcc/arm-none-eabi/10.3.1/thumb/v6-m/nofp/crtn.o
 *(.fini)
 .fini          0x08003d24        0x4 e:/progra~2/stmicr~1/stm32c~1/gcc-ar~1.10-/gcc-ar~1.10/bin/../lib/gcc/arm-none-eabi/10.3.1/thumb/v6-m/nofp/crti.o
                0x08003d24                _fini
 .fini          0x08003d28        0x8 e:/progra~2/stmicr~1/stm32c~1/gcc-ar~1.10-/gcc-ar~1.10/bin/../lib/gcc/arm-none-eabi/10.3.1/thumb/v6-m/nofp/crtn.o
                0x08003d30                . = ALIGN (0x4)
                0x08003d30                _etext = .

.vfp11_veneer   0x08003d30        0x0
 .vfp11_veneer  0x08003d30        0x0 linker stubs

.v4_bx          0x08003d30        0x0
 .v4_bx         0x08003d30        0x0 linker stubs

.iplt           0x08003d30        0x0
 .iplt          0x08003d30        0x0 e:/progra~2/stmicr~1/stm32c~1/gcc-ar~1.10-/gcc-ar~1.10/bin/../lib/gcc/arm-none-eabi/10.3.1/thumb/v6-m/nofp/crtbegin.o

.rodata         0x08003d30       0x64
                0x08003d30                . = ALIGN (0x4)
 *(.rodata)
 .rodata        0x08003d30       0x30 CMakeFiles/smart_servo.elf.dir/UserApp/main.cpp.obj
 *(.rodata*)
 .rodata.AHBPrescTable
                0x08003d60       0x10 CMakeFiles/smart_servo.elf.dir/Core/Src/system_stm32f0xx.c.obj
                0x08003d60                AHBPrescTable
 .rodata.aPLLMULFactorTable.1
                0x08003d70       0x10 CMakeFiles/smart_servo.elf.dir/Drivers/STM32F0xx_HAL_Driver/Src/stm32f0xx_hal_rcc.c.obj
 .rodata.aPredivFactorTable.0
                0x08003d80       0x10 CMakeFiles/smart_servo.elf.dir/Drivers/STM32F0xx_HAL_Driver/Src/stm32f0xx_hal_rcc.c.obj
 .rodata._global_impure_ptr
                0x08003d90        0x4 e:/progra~2/stmicr~1/stm32c~1/gcc-ar~1.10-/gcc-ar~1.10/bin/../lib/gcc/arm-none-eabi/10.3.1/../../../../arm-none-eabi/lib/thumb/v6-m/nofp\libg.a(lib_a-impure.o)
                0x08003d90                _global_impure_ptr
                0x08003d94                . = ALIGN (0x4)

.ARM.extab      0x08003d94       0x30
                0x08003d94                . = ALIGN (0x4)
 *(.ARM.extab* .gnu.linkonce.armextab.*)
 .ARM.extab     0x08003d94       0x24 e:/progra~2/stmicr~1/stm32c~1/gcc-ar~1.10-/gcc-ar~1.10/bin/../lib/gcc/arm-none-eabi/10.3.1/thumb/v6-m/nofp\libgcc.a(unwind-arm.o)
 .ARM.extab     0x08003db8        0xc e:/progra~2/stmicr~1/stm32c~1/gcc-ar~1.10-/gcc-ar~1.10/bin/../lib/gcc/arm-none-eabi/10.3.1/thumb/v6-m/nofp\libgcc.a(pr-support.o)
                0x08003dc4                . = ALIGN (0x4)

.ARM            0x08003dc4       0xe8
                0x08003dc4                . = ALIGN (0x4)
                0x08003dc4                __exidx_start = .
 *(.ARM.exidx*)
 .ARM.exidx.text.eeprom_buffered_read_byte
                0x08003e8c        0x0 CMakeFiles/smart_servo.elf.dir/Ctrl/random_flash_utils.cpp.obj
                                  0x8 (size before relaxing)
 .ARM.exidx.text.eeprom_buffered_write_byte
                0x08003e8c        0x0 CMakeFiles/smart_servo.elf.dir/Ctrl/random_flash_utils.cpp.obj
                                  0x8 (size before relaxing)
 .ARM.exidx.text.eeprom_buffer_fill
                0x08003e8c        0x0 CMakeFiles/smart_servo.elf.dir/Ctrl/random_flash_utils.cpp.obj
                                  0x8 (size before relaxing)
 .ARM.exidx.text.eeprom_buffer_flush
                0x08003e8c       0x10 CMakeFiles/smart_servo.elf.dir/Ctrl/random_flash_utils.cpp.obj
                                  0x8 (size before relaxing)
 .ARM.exidx.text.Main
                0x08003e9c       0x10 CMakeFiles/smart_servo.elf.dir/UserApp/main.cpp.obj
                                  0x8 (size before relaxing)
 .ARM.exidx     0x08003dc4       0x98 e:/progra~2/stmicr~1/stm32c~1/gcc-ar~1.10-/gcc-ar~1.10/bin/../lib/gcc/arm-none-eabi/10.3.1/thumb/v6-m/nofp\libgcc.a(unwind-arm.o)
                                 0xd8 (size before relaxing)
 .ARM.exidx     0x08003e5c       0x30 e:/progra~2/stmicr~1/stm32c~1/gcc-ar~1.10-/gcc-ar~1.10/bin/../lib/gcc/arm-none-eabi/10.3.1/thumb/v6-m/nofp\libgcc.a(pr-support.o)
                                 0x38 (size before relaxing)
                0x08003eac                __exidx_end = .
                0x08003eac                . = ALIGN (0x4)

.rel.dyn        0x08003eac        0x0
 .rel.iplt      0x08003eac        0x0 e:/progra~2/stmicr~1/stm32c~1/gcc-ar~1.10-/gcc-ar~1.10/bin/../lib/gcc/arm-none-eabi/10.3.1/thumb/v6-m/nofp/crtbegin.o

.preinit_array  0x08003eac        0x0
                0x08003eac                . = ALIGN (0x4)
                0x08003eac                PROVIDE (__preinit_array_start = .)
 *(.preinit_array*)
                0x08003eac                PROVIDE (__preinit_array_end = .)
                0x08003eac                . = ALIGN (0x4)

.init_array     0x08003eac        0x8
                0x08003eac                . = ALIGN (0x4)
                0x08003eac                PROVIDE (__init_array_start = .)
 *(SORT_BY_NAME(.init_array.*))
 .init_array.00000
                0x08003eac        0x4 e:/progra~2/stmicr~1/stm32c~1/gcc-ar~1.10-/gcc-ar~1.10/bin/../lib/gcc/arm-none-eabi/10.3.1/../../../../arm-none-eabi/lib/thumb/v6-m/nofp\libg.a(lib_a-__call_atexit.o)
 *(.init_array*)
 .init_array    0x08003eb0        0x4 e:/progra~2/stmicr~1/stm32c~1/gcc-ar~1.10-/gcc-ar~1.10/bin/../lib/gcc/arm-none-eabi/10.3.1/thumb/v6-m/nofp/crtbegin.o
                0x08003eb4                PROVIDE (__init_array_end = .)
                0x08003eb4                . = ALIGN (0x4)

.fini_array     0x08003eb4        0x4
                0x08003eb4                . = ALIGN (0x4)
                0x08003eb4                PROVIDE (__fini_array_start = .)
 *(SORT_BY_NAME(.fini_array.*))
 *(.fini_array*)
 .fini_array    0x08003eb4        0x4 e:/progra~2/stmicr~1/stm32c~1/gcc-ar~1.10-/gcc-ar~1.10/bin/../lib/gcc/arm-none-eabi/10.3.1/thumb/v6-m/nofp/crtbegin.o
                0x08003eb8                PROVIDE (__fini_array_end = .)
                0x08003eb8                . = ALIGN (0x4)
                0x08003eb8                _sidata = LOADADDR (.data)

.data           0x20000000      0x43c load address 0x08003eb8
                0x20000000                . = ALIGN (0x4)
                0x20000000                _sdata = .
 *(.data)
 *(.data*)
 .data.SystemCoreClock
                0x20000000        0x4 CMakeFiles/smart_servo.elf.dir/Core/Src/system_stm32f0xx.c.obj
                0x20000000                SystemCoreClock
 .data.uwTickFreq
                0x20000004        0x1 CMakeFiles/smart_servo.elf.dir/Drivers/STM32F0xx_HAL_Driver/Src/stm32f0xx_hal.c.obj
                0x20000004                uwTickFreq
 *fill*         0x20000005        0x3 
 .data.uwTickPrio
                0x20000008        0x4 CMakeFiles/smart_servo.elf.dir/Drivers/STM32F0xx_HAL_Driver/Src/stm32f0xx_hal.c.obj
                0x20000008                uwTickPrio
 .data._impure_ptr
                0x2000000c        0x4 e:/progra~2/stmicr~1/stm32c~1/gcc-ar~1.10-/gcc-ar~1.10/bin/../lib/gcc/arm-none-eabi/10.3.1/../../../../arm-none-eabi/lib/thumb/v6-m/nofp\libg.a(lib_a-impure.o)
                0x2000000c                _impure_ptr
 .data.impure_data
                0x20000010      0x428 e:/progra~2/stmicr~1/stm32c~1/gcc-ar~1.10-/gcc-ar~1.10/bin/../lib/gcc/arm-none-eabi/10.3.1/../../../../arm-none-eabi/lib/thumb/v6-m/nofp\libg.a(lib_a-impure.o)
 .data.__atexit_recursive_mutex
                0x20000438        0x4 e:/progra~2/stmicr~1/stm32c~1/gcc-ar~1.10-/gcc-ar~1.10/bin/../lib/gcc/arm-none-eabi/10.3.1/../../../../arm-none-eabi/lib/thumb/v6-m/nofp\libg.a(lib_a-__call_atexit.o)
                0x20000438                __atexit_recursive_mutex
 *(.RamFunc)
 *(.RamFunc*)
                0x2000043c                . = ALIGN (0x4)
                0x2000043c                _edata = .

.igot.plt       0x2000043c        0x0 load address 0x080042f4
 .igot.plt      0x2000043c        0x0 e:/progra~2/stmicr~1/stm32c~1/gcc-ar~1.10-/gcc-ar~1.10/bin/../lib/gcc/arm-none-eabi/10.3.1/thumb/v6-m/nofp/crtbegin.o
                0x2000043c                . = ALIGN (0x4)

.bss            0x20000440      0x5e8 load address 0x080042f4
                0x20000440                _sbss = .
                0x20000440                __bss_start__ = _sbss
 *(.bss)
 .bss           0x20000440       0x1c e:/progra~2/stmicr~1/stm32c~1/gcc-ar~1.10-/gcc-ar~1.10/bin/../lib/gcc/arm-none-eabi/10.3.1/thumb/v6-m/nofp/crtbegin.o
 *(.bss*)
 .bss.hadc      0x2000045c       0x40 CMakeFiles/smart_servo.elf.dir/Core/Src/adc.c.obj
                0x2000045c                hadc
 .bss.hdma_adc  0x2000049c       0x44 CMakeFiles/smart_servo.elf.dir/Core/Src/adc.c.obj
                0x2000049c                hdma_adc
 .bss.hi2c1     0x200004e0       0x54 CMakeFiles/smart_servo.elf.dir/Core/Src/i2c.c.obj
                0x200004e0                hi2c1
 .bss.htim14    0x20000534       0x48 CMakeFiles/smart_servo.elf.dir/Core/Src/tim.c.obj
                0x20000534                htim14
 .bss.htim3     0x2000057c       0x48 CMakeFiles/smart_servo.elf.dir/Core/Src/tim.c.obj
                0x2000057c                htim3
 *fill*         0x200005c4        0x4 
 .bss._ZL13eeprom_buffer
                0x200005c8      0x400 CMakeFiles/smart_servo.elf.dir/Ctrl/random_flash_utils.cpp.obj
 .bss.uwTick    0x200009c8        0x4 CMakeFiles/smart_servo.elf.dir/Drivers/STM32F0xx_HAL_Driver/Src/stm32f0xx_hal.c.obj
                0x200009c8                uwTick
 *fill*         0x200009cc        0x4 
 .bss.pFlash    0x200009d0       0x20 CMakeFiles/smart_servo.elf.dir/Drivers/STM32F0xx_HAL_Driver/Src/stm32f0xx_hal_flash.c.obj
                0x200009d0                pFlash
 .bss.boardConfig
                0x200009f0       0x30 CMakeFiles/smart_servo.elf.dir/UserApp/main.cpp.obj
                0x200009f0                boardConfig
 .bss.__lock___atexit_recursive_mutex
                0x20000a20        0x1 e:/progra~2/stmicr~1/stm32c~1/gcc-ar~1.10-/gcc-ar~1.10/bin/../lib/gcc/arm-none-eabi/10.3.1/../../../../arm-none-eabi/lib/thumb/v6-m/nofp\libg.a(lib_a-lock.o)
                0x20000a20                __lock___atexit_recursive_mutex
 *fill*         0x20000a21        0x3 
 .bss.errno     0x20000a24        0x4 e:/progra~2/stmicr~1/stm32c~1/gcc-ar~1.10-/gcc-ar~1.10/bin/../lib/gcc/arm-none-eabi/10.3.1/../../../../arm-none-eabi/lib/thumb/v6-m/nofp\libg.a(lib_a-reent.o)
                0x20000a24                errno
 *(COMMON)
                0x20000a28                . = ALIGN (0x4)
                0x20000a28                _ebss = .
                0x20000a28                __bss_end__ = _ebss

._user_heap_stack
                0x20000a28      0x600 load address 0x080042f4
                0x20000a28                . = ALIGN (0x8)
                [!provide]                PROVIDE (end = .)
                0x20000a28                PROVIDE (_end = .)
                0x20000c28                . = (. + _Min_Heap_Size)
 *fill*         0x20000a28      0x200 
                0x20001028                . = (. + _Min_Stack_Size)
 *fill*         0x20000c28      0x400 
                0x20001028                . = ALIGN (0x8)

/DISCARD/
 libc.a(*)
 libm.a(*)
 libgcc.a(*)

.ARM.attributes
                0x00000000       0x28
 *(.ARM.attributes)
 .ARM.attributes
                0x00000000       0x1e e:/progra~2/stmicr~1/stm32c~1/gcc-ar~1.10-/gcc-ar~1.10/bin/../lib/gcc/arm-none-eabi/10.3.1/thumb/v6-m/nofp/crti.o
 .ARM.attributes
                0x0000001e       0x2c e:/progra~2/stmicr~1/stm32c~1/gcc-ar~1.10-/gcc-ar~1.10/bin/../lib/gcc/arm-none-eabi/10.3.1/thumb/v6-m/nofp/crtbegin.o
 .ARM.attributes
                0x0000004a       0x2c CMakeFiles/smart_servo.elf.dir/Core/Src/adc.c.obj
 .ARM.attributes
                0x00000076       0x2c CMakeFiles/smart_servo.elf.dir/Core/Src/dma.c.obj
 .ARM.attributes
                0x000000a2       0x2c CMakeFiles/smart_servo.elf.dir/Core/Src/gpio.c.obj
 .ARM.attributes
                0x000000ce       0x2c CMakeFiles/smart_servo.elf.dir/Core/Src/i2c.c.obj
 .ARM.attributes
                0x000000fa       0x2c CMakeFiles/smart_servo.elf.dir/Core/Src/main.c.obj
 .ARM.attributes
                0x00000126       0x2c CMakeFiles/smart_servo.elf.dir/Core/Src/stm32f0xx_hal_msp.c.obj
 .ARM.attributes
                0x00000152       0x2c CMakeFiles/smart_servo.elf.dir/Core/Src/stm32f0xx_it.c.obj
 .ARM.attributes
                0x0000017e       0x2c CMakeFiles/smart_servo.elf.dir/Core/Src/system_stm32f0xx.c.obj
 .ARM.attributes
                0x000001aa       0x2c CMakeFiles/smart_servo.elf.dir/Core/Src/tim.c.obj
 .ARM.attributes
                0x000001d6       0x21 CMakeFiles/smart_servo.elf.dir/Core/Startup/startup_stm32f042f6px.s.obj
 .ARM.attributes
                0x000001f7       0x2c CMakeFiles/smart_servo.elf.dir/Ctrl/random_flash_utils.cpp.obj
 .ARM.attributes
                0x00000223       0x2c CMakeFiles/smart_servo.elf.dir/Drivers/STM32F0xx_HAL_Driver/Src/stm32f0xx_hal.c.obj
 .ARM.attributes
                0x0000024f       0x2c CMakeFiles/smart_servo.elf.dir/Drivers/STM32F0xx_HAL_Driver/Src/stm32f0xx_hal_adc.c.obj
 .ARM.attributes
                0x0000027b       0x2c CMakeFiles/smart_servo.elf.dir/Drivers/STM32F0xx_HAL_Driver/Src/stm32f0xx_hal_cortex.c.obj
 .ARM.attributes
                0x000002a7       0x2c CMakeFiles/smart_servo.elf.dir/Drivers/STM32F0xx_HAL_Driver/Src/stm32f0xx_hal_dma.c.obj
 .ARM.attributes
                0x000002d3       0x2c CMakeFiles/smart_servo.elf.dir/Drivers/STM32F0xx_HAL_Driver/Src/stm32f0xx_hal_flash.c.obj
 .ARM.attributes
                0x000002ff       0x2c CMakeFiles/smart_servo.elf.dir/Drivers/STM32F0xx_HAL_Driver/Src/stm32f0xx_hal_flash_ex.c.obj
 .ARM.attributes
                0x0000032b       0x2c CMakeFiles/smart_servo.elf.dir/Drivers/STM32F0xx_HAL_Driver/Src/stm32f0xx_hal_gpio.c.obj
 .ARM.attributes
                0x00000357       0x2c CMakeFiles/smart_servo.elf.dir/Drivers/STM32F0xx_HAL_Driver/Src/stm32f0xx_hal_i2c.c.obj
 .ARM.attributes
                0x00000383       0x2c CMakeFiles/smart_servo.elf.dir/Drivers/STM32F0xx_HAL_Driver/Src/stm32f0xx_hal_i2c_ex.c.obj
 .ARM.attributes
                0x000003af       0x2c CMakeFiles/smart_servo.elf.dir/Drivers/STM32F0xx_HAL_Driver/Src/stm32f0xx_hal_rcc.c.obj
 .ARM.attributes
                0x000003db       0x2c CMakeFiles/smart_servo.elf.dir/Drivers/STM32F0xx_HAL_Driver/Src/stm32f0xx_hal_rcc_ex.c.obj
 .ARM.attributes
                0x00000407       0x2c CMakeFiles/smart_servo.elf.dir/Drivers/STM32F0xx_HAL_Driver/Src/stm32f0xx_hal_tim.c.obj
 .ARM.attributes
                0x00000433       0x2c CMakeFiles/smart_servo.elf.dir/Drivers/STM32F0xx_HAL_Driver/Src/stm32f0xx_hal_tim_ex.c.obj
 .ARM.attributes
                0x0000045f       0x2c CMakeFiles/smart_servo.elf.dir/UserApp/main.cpp.obj
 .ARM.attributes
                0x0000048b       0x1e e:/progra~2/stmicr~1/stm32c~1/gcc-ar~1.10-/gcc-ar~1.10/bin/../lib/gcc/arm-none-eabi/10.3.1/thumb/v6-m/nofp\libgcc.a(_udivsi3.o)
 .ARM.attributes
                0x000004a9       0x1e e:/progra~2/stmicr~1/stm32c~1/gcc-ar~1.10-/gcc-ar~1.10/bin/../lib/gcc/arm-none-eabi/10.3.1/thumb/v6-m/nofp\libgcc.a(_dvmd_tls.o)
 .ARM.attributes
                0x000004c7       0x2c e:/progra~2/stmicr~1/stm32c~1/gcc-ar~1.10-/gcc-ar~1.10/bin/../lib/gcc/arm-none-eabi/10.3.1/thumb/v6-m/nofp\libgcc.a(unwind-arm.o)
 .ARM.attributes
                0x000004f3       0x1e e:/progra~2/stmicr~1/stm32c~1/gcc-ar~1.10-/gcc-ar~1.10/bin/../lib/gcc/arm-none-eabi/10.3.1/thumb/v6-m/nofp\libgcc.a(libunwind.o)
 .ARM.attributes
                0x00000511       0x2c e:/progra~2/stmicr~1/stm32c~1/gcc-ar~1.10-/gcc-ar~1.10/bin/../lib/gcc/arm-none-eabi/10.3.1/thumb/v6-m/nofp\libgcc.a(pr-support.o)
 .ARM.attributes
                0x0000053d       0x2c e:/progra~2/stmicr~1/stm32c~1/gcc-ar~1.10-/gcc-ar~1.10/bin/../lib/gcc/arm-none-eabi/10.3.1/../../../../arm-none-eabi/lib/thumb/v6-m/nofp\libg.a(lib_a-abort.o)
 .ARM.attributes
                0x00000569       0x2c e:/progra~2/stmicr~1/stm32c~1/gcc-ar~1.10-/gcc-ar~1.10/bin/../lib/gcc/arm-none-eabi/10.3.1/../../../../arm-none-eabi/lib/thumb/v6-m/nofp\libg.a(lib_a-errno.o)
 .ARM.attributes
                0x00000595       0x2c e:/progra~2/stmicr~1/stm32c~1/gcc-ar~1.10-/gcc-ar~1.10/bin/../lib/gcc/arm-none-eabi/10.3.1/../../../../arm-none-eabi/lib/thumb/v6-m/nofp\libg.a(lib_a-impure.o)
 .ARM.attributes
                0x000005c1       0x2c e:/progra~2/stmicr~1/stm32c~1/gcc-ar~1.10-/gcc-ar~1.10/bin/../lib/gcc/arm-none-eabi/10.3.1/../../../../arm-none-eabi/lib/thumb/v6-m/nofp\libg.a(lib_a-init.o)
 .ARM.attributes
                0x000005ed       0x2c e:/progra~2/stmicr~1/stm32c~1/gcc-ar~1.10-/gcc-ar~1.10/bin/../lib/gcc/arm-none-eabi/10.3.1/../../../../arm-none-eabi/lib/thumb/v6-m/nofp\libg.a(lib_a-memcpy-stub.o)
 .ARM.attributes
                0x00000619       0x2c e:/progra~2/stmicr~1/stm32c~1/gcc-ar~1.10-/gcc-ar~1.10/bin/../lib/gcc/arm-none-eabi/10.3.1/../../../../arm-none-eabi/lib/thumb/v6-m/nofp\libg.a(lib_a-memset.o)
 .ARM.attributes
                0x00000645       0x2c e:/progra~2/stmicr~1/stm32c~1/gcc-ar~1.10-/gcc-ar~1.10/bin/../lib/gcc/arm-none-eabi/10.3.1/../../../../arm-none-eabi/lib/thumb/v6-m/nofp\libg.a(lib_a-signal.o)
 .ARM.attributes
                0x00000671       0x2c e:/progra~2/stmicr~1/stm32c~1/gcc-ar~1.10-/gcc-ar~1.10/bin/../lib/gcc/arm-none-eabi/10.3.1/../../../../arm-none-eabi/lib/thumb/v6-m/nofp\libg.a(lib_a-signalr.o)
 .ARM.attributes
                0x0000069d       0x2c e:/progra~2/stmicr~1/stm32c~1/gcc-ar~1.10-/gcc-ar~1.10/bin/../lib/gcc/arm-none-eabi/10.3.1/../../../../arm-none-eabi/lib/thumb/v6-m/nofp\libg.a(lib_a-__call_atexit.o)
 .ARM.attributes
                0x000006c9       0x2c e:/progra~2/stmicr~1/stm32c~1/gcc-ar~1.10-/gcc-ar~1.10/bin/../lib/gcc/arm-none-eabi/10.3.1/../../../../arm-none-eabi/lib/thumb/v6-m/nofp\libg.a(lib_a-atexit.o)
 .ARM.attributes
                0x000006f5       0x2c e:/progra~2/stmicr~1/stm32c~1/gcc-ar~1.10-/gcc-ar~1.10/bin/../lib/gcc/arm-none-eabi/10.3.1/../../../../arm-none-eabi/lib/thumb/v6-m/nofp\libg.a(lib_a-fini.o)
 .ARM.attributes
                0x00000721       0x2c e:/progra~2/stmicr~1/stm32c~1/gcc-ar~1.10-/gcc-ar~1.10/bin/../lib/gcc/arm-none-eabi/10.3.1/../../../../arm-none-eabi/lib/thumb/v6-m/nofp\libg.a(lib_a-lock.o)
 .ARM.attributes
                0x0000074d       0x2c e:/progra~2/stmicr~1/stm32c~1/gcc-ar~1.10-/gcc-ar~1.10/bin/../lib/gcc/arm-none-eabi/10.3.1/../../../../arm-none-eabi/lib/thumb/v6-m/nofp\libg.a(lib_a-reent.o)
 .ARM.attributes
                0x00000779       0x2c e:/progra~2/stmicr~1/stm32c~1/gcc-ar~1.10-/gcc-ar~1.10/bin/../lib/gcc/arm-none-eabi/10.3.1/../../../../arm-none-eabi/lib/thumb/v6-m/nofp\libg.a(lib_a-__atexit.o)
 .ARM.attributes
                0x000007a5       0x1e e:/progra~2/stmicr~1/stm32c~1/gcc-ar~1.10-/gcc-ar~1.10/bin/../lib/gcc/arm-none-eabi/10.3.1/thumb/v6-m/nofp/crtn.o
OUTPUT(smart_servo.elf elf32-littlearm)
LOAD linker stubs
LOAD e:/progra~2/stmicr~1/stm32c~1/gcc-ar~1.10-/gcc-ar~1.10/bin/../lib/gcc/arm-none-eabi/10.3.1/../../../../arm-none-eabi/lib/thumb/v6-m/nofp\libc.a
LOAD e:/progra~2/stmicr~1/stm32c~1/gcc-ar~1.10-/gcc-ar~1.10/bin/../lib/gcc/arm-none-eabi/10.3.1/../../../../arm-none-eabi/lib/thumb/v6-m/nofp\libm.a
LOAD e:/progra~2/stmicr~1/stm32c~1/gcc-ar~1.10-/gcc-ar~1.10/bin/../lib/gcc/arm-none-eabi/10.3.1/thumb/v6-m/nofp\libgcc.a

.debug_info     0x00000000    0x143c1
 .debug_info    0x00000000      0xac7 CMakeFiles/smart_servo.elf.dir/Core/Src/adc.c.obj
 .debug_info    0x00000ac7      0x2b2 CMakeFiles/smart_servo.elf.dir/Core/Src/dma.c.obj
 .debug_info    0x00000d79      0x385 CMakeFiles/smart_servo.elf.dir/Core/Src/gpio.c.obj
 .debug_info    0x000010fe      0xb31 CMakeFiles/smart_servo.elf.dir/Core/Src/i2c.c.obj
 .debug_info    0x00001c2f      0x49b CMakeFiles/smart_servo.elf.dir/Core/Src/main.c.obj
 .debug_info    0x000020ca      0x1b4 CMakeFiles/smart_servo.elf.dir/Core/Src/stm32f0xx_hal_msp.c.obj
 .debug_info    0x0000227e      0xcf3 CMakeFiles/smart_servo.elf.dir/Core/Src/stm32f0xx_it.c.obj
 .debug_info    0x00002f71      0x29d CMakeFiles/smart_servo.elf.dir/Core/Src/system_stm32f0xx.c.obj
 .debug_info    0x0000320e      0xd68 CMakeFiles/smart_servo.elf.dir/Core/Src/tim.c.obj
 .debug_info    0x00003f76       0x22 CMakeFiles/smart_servo.elf.dir/Core/Startup/startup_stm32f042f6px.s.obj
 .debug_info    0x00003f98      0x46f CMakeFiles/smart_servo.elf.dir/Ctrl/random_flash_utils.cpp.obj
 .debug_info    0x00004407      0x74e CMakeFiles/smart_servo.elf.dir/Drivers/STM32F0xx_HAL_Driver/Src/stm32f0xx_hal.c.obj
 .debug_info    0x00004b55      0xfd2 CMakeFiles/smart_servo.elf.dir/Drivers/STM32F0xx_HAL_Driver/Src/stm32f0xx_hal_adc.c.obj
 .debug_info    0x00005b27      0x846 CMakeFiles/smart_servo.elf.dir/Drivers/STM32F0xx_HAL_Driver/Src/stm32f0xx_hal_cortex.c.obj
 .debug_info    0x0000636d      0x8a8 CMakeFiles/smart_servo.elf.dir/Drivers/STM32F0xx_HAL_Driver/Src/stm32f0xx_hal_dma.c.obj
 .debug_info    0x00006c15      0x671 CMakeFiles/smart_servo.elf.dir/Drivers/STM32F0xx_HAL_Driver/Src/stm32f0xx_hal_flash.c.obj
 .debug_info    0x00007286      0x98b CMakeFiles/smart_servo.elf.dir/Drivers/STM32F0xx_HAL_Driver/Src/stm32f0xx_hal_flash_ex.c.obj
 .debug_info    0x00007c11      0x664 CMakeFiles/smart_servo.elf.dir/Drivers/STM32F0xx_HAL_Driver/Src/stm32f0xx_hal_gpio.c.obj
 .debug_info    0x00008275     0x4449 CMakeFiles/smart_servo.elf.dir/Drivers/STM32F0xx_HAL_Driver/Src/stm32f0xx_hal_i2c.c.obj
 .debug_info    0x0000c6be      0x8cf CMakeFiles/smart_servo.elf.dir/Drivers/STM32F0xx_HAL_Driver/Src/stm32f0xx_hal_i2c_ex.c.obj
 .debug_info    0x0000cf8d      0xac0 CMakeFiles/smart_servo.elf.dir/Drivers/STM32F0xx_HAL_Driver/Src/stm32f0xx_hal_rcc.c.obj
 .debug_info    0x0000da4d      0x72a CMakeFiles/smart_servo.elf.dir/Drivers/STM32F0xx_HAL_Driver/Src/stm32f0xx_hal_rcc_ex.c.obj
 .debug_info    0x0000e177     0x3d4e CMakeFiles/smart_servo.elf.dir/Drivers/STM32F0xx_HAL_Driver/Src/stm32f0xx_hal_tim.c.obj
 .debug_info    0x00011ec5     0x1a59 CMakeFiles/smart_servo.elf.dir/Drivers/STM32F0xx_HAL_Driver/Src/stm32f0xx_hal_tim_ex.c.obj
 .debug_info    0x0001391e      0xaa3 CMakeFiles/smart_servo.elf.dir/UserApp/main.cpp.obj

.debug_abbrev   0x00000000     0x2ec1
 .debug_abbrev  0x00000000      0x200 CMakeFiles/smart_servo.elf.dir/Core/Src/adc.c.obj
 .debug_abbrev  0x00000200      0x114 CMakeFiles/smart_servo.elf.dir/Core/Src/dma.c.obj
 .debug_abbrev  0x00000314      0x15f CMakeFiles/smart_servo.elf.dir/Core/Src/gpio.c.obj
 .debug_abbrev  0x00000473      0x1f8 CMakeFiles/smart_servo.elf.dir/Core/Src/i2c.c.obj
 .debug_abbrev  0x0000066b      0x182 CMakeFiles/smart_servo.elf.dir/Core/Src/main.c.obj
 .debug_abbrev  0x000007ed       0xbf CMakeFiles/smart_servo.elf.dir/Core/Src/stm32f0xx_hal_msp.c.obj
 .debug_abbrev  0x000008ac      0x195 CMakeFiles/smart_servo.elf.dir/Core/Src/stm32f0xx_it.c.obj
 .debug_abbrev  0x00000a41      0x131 CMakeFiles/smart_servo.elf.dir/Core/Src/system_stm32f0xx.c.obj
 .debug_abbrev  0x00000b72      0x21a CMakeFiles/smart_servo.elf.dir/Core/Src/tim.c.obj
 .debug_abbrev  0x00000d8c       0x12 CMakeFiles/smart_servo.elf.dir/Core/Startup/startup_stm32f042f6px.s.obj
 .debug_abbrev  0x00000d9e      0x1cc CMakeFiles/smart_servo.elf.dir/Ctrl/random_flash_utils.cpp.obj
 .debug_abbrev  0x00000f6a      0x245 CMakeFiles/smart_servo.elf.dir/Drivers/STM32F0xx_HAL_Driver/Src/stm32f0xx_hal.c.obj
 .debug_abbrev  0x000011af      0x24f CMakeFiles/smart_servo.elf.dir/Drivers/STM32F0xx_HAL_Driver/Src/stm32f0xx_hal_adc.c.obj
 .debug_abbrev  0x000013fe      0x293 CMakeFiles/smart_servo.elf.dir/Drivers/STM32F0xx_HAL_Driver/Src/stm32f0xx_hal_cortex.c.obj
 .debug_abbrev  0x00001691      0x21f CMakeFiles/smart_servo.elf.dir/Drivers/STM32F0xx_HAL_Driver/Src/stm32f0xx_hal_dma.c.obj
 .debug_abbrev  0x000018b0      0x22d CMakeFiles/smart_servo.elf.dir/Drivers/STM32F0xx_HAL_Driver/Src/stm32f0xx_hal_flash.c.obj
 .debug_abbrev  0x00001add      0x232 CMakeFiles/smart_servo.elf.dir/Drivers/STM32F0xx_HAL_Driver/Src/stm32f0xx_hal_flash_ex.c.obj
 .debug_abbrev  0x00001d0f      0x1e6 CMakeFiles/smart_servo.elf.dir/Drivers/STM32F0xx_HAL_Driver/Src/stm32f0xx_hal_gpio.c.obj
 .debug_abbrev  0x00001ef5      0x259 CMakeFiles/smart_servo.elf.dir/Drivers/STM32F0xx_HAL_Driver/Src/stm32f0xx_hal_i2c.c.obj
 .debug_abbrev  0x0000214e      0x1b3 CMakeFiles/smart_servo.elf.dir/Drivers/STM32F0xx_HAL_Driver/Src/stm32f0xx_hal_i2c_ex.c.obj
 .debug_abbrev  0x00002301      0x260 CMakeFiles/smart_servo.elf.dir/Drivers/STM32F0xx_HAL_Driver/Src/stm32f0xx_hal_rcc.c.obj
 .debug_abbrev  0x00002561      0x200 CMakeFiles/smart_servo.elf.dir/Drivers/STM32F0xx_HAL_Driver/Src/stm32f0xx_hal_rcc_ex.c.obj
 .debug_abbrev  0x00002761      0x245 CMakeFiles/smart_servo.elf.dir/Drivers/STM32F0xx_HAL_Driver/Src/stm32f0xx_hal_tim.c.obj
 .debug_abbrev  0x000029a6      0x248 CMakeFiles/smart_servo.elf.dir/Drivers/STM32F0xx_HAL_Driver/Src/stm32f0xx_hal_tim_ex.c.obj
 .debug_abbrev  0x00002bee      0x2d3 CMakeFiles/smart_servo.elf.dir/UserApp/main.cpp.obj

.debug_loc      0x00000000    0x10fc7
 .debug_loc     0x00000000       0x8b CMakeFiles/smart_servo.elf.dir/Core/Src/adc.c.obj
 .debug_loc     0x0000008b       0x91 CMakeFiles/smart_servo.elf.dir/Core/Src/i2c.c.obj
 .debug_loc     0x0000011c      0x168 CMakeFiles/smart_servo.elf.dir/Core/Src/system_stm32f0xx.c.obj
 .debug_loc     0x00000284       0xc3 CMakeFiles/smart_servo.elf.dir/Core/Src/tim.c.obj
 .debug_loc     0x00000347       0xeb CMakeFiles/smart_servo.elf.dir/Ctrl/random_flash_utils.cpp.obj
 .debug_loc     0x00000432      0x141 CMakeFiles/smart_servo.elf.dir/Drivers/STM32F0xx_HAL_Driver/Src/stm32f0xx_hal.c.obj
 .debug_loc     0x00000573      0xe95 CMakeFiles/smart_servo.elf.dir/Drivers/STM32F0xx_HAL_Driver/Src/stm32f0xx_hal_adc.c.obj
 .debug_loc     0x00001408      0x433 CMakeFiles/smart_servo.elf.dir/Drivers/STM32F0xx_HAL_Driver/Src/stm32f0xx_hal_cortex.c.obj
 .debug_loc     0x0000183b      0x91b CMakeFiles/smart_servo.elf.dir/Drivers/STM32F0xx_HAL_Driver/Src/stm32f0xx_hal_dma.c.obj
 .debug_loc     0x00002156      0x383 CMakeFiles/smart_servo.elf.dir/Drivers/STM32F0xx_HAL_Driver/Src/stm32f0xx_hal_flash.c.obj
 .debug_loc     0x000024d9      0x6d5 CMakeFiles/smart_servo.elf.dir/Drivers/STM32F0xx_HAL_Driver/Src/stm32f0xx_hal_flash_ex.c.obj
 .debug_loc     0x00002bae      0x388 CMakeFiles/smart_servo.elf.dir/Drivers/STM32F0xx_HAL_Driver/Src/stm32f0xx_hal_gpio.c.obj
 .debug_loc     0x00002f36     0x534f CMakeFiles/smart_servo.elf.dir/Drivers/STM32F0xx_HAL_Driver/Src/stm32f0xx_hal_i2c.c.obj
 .debug_loc     0x00008285      0x210 CMakeFiles/smart_servo.elf.dir/Drivers/STM32F0xx_HAL_Driver/Src/stm32f0xx_hal_i2c_ex.c.obj
 .debug_loc     0x00008495      0x6b4 CMakeFiles/smart_servo.elf.dir/Drivers/STM32F0xx_HAL_Driver/Src/stm32f0xx_hal_rcc.c.obj
 .debug_loc     0x00008b49      0x7ca CMakeFiles/smart_servo.elf.dir/Drivers/STM32F0xx_HAL_Driver/Src/stm32f0xx_hal_rcc_ex.c.obj
 .debug_loc     0x00009313     0x5745 CMakeFiles/smart_servo.elf.dir/Drivers/STM32F0xx_HAL_Driver/Src/stm32f0xx_hal_tim.c.obj
 .debug_loc     0x0000ea58     0x2272 CMakeFiles/smart_servo.elf.dir/Drivers/STM32F0xx_HAL_Driver/Src/stm32f0xx_hal_tim_ex.c.obj
 .debug_loc     0x00010cca      0x2fd CMakeFiles/smart_servo.elf.dir/UserApp/main.cpp.obj

.debug_aranges  0x00000000      0xfb0
 .debug_aranges
                0x00000000       0x30 CMakeFiles/smart_servo.elf.dir/Core/Src/adc.c.obj
 .debug_aranges
                0x00000030       0x20 CMakeFiles/smart_servo.elf.dir/Core/Src/dma.c.obj
 .debug_aranges
                0x00000050       0x20 CMakeFiles/smart_servo.elf.dir/Core/Src/gpio.c.obj
 .debug_aranges
                0x00000070       0x30 CMakeFiles/smart_servo.elf.dir/Core/Src/i2c.c.obj
 .debug_aranges
                0x000000a0       0x30 CMakeFiles/smart_servo.elf.dir/Core/Src/main.c.obj
 .debug_aranges
                0x000000d0       0x20 CMakeFiles/smart_servo.elf.dir/Core/Src/stm32f0xx_hal_msp.c.obj
 .debug_aranges
                0x000000f0       0x60 CMakeFiles/smart_servo.elf.dir/Core/Src/stm32f0xx_it.c.obj
 .debug_aranges
                0x00000150       0x28 CMakeFiles/smart_servo.elf.dir/Core/Src/system_stm32f0xx.c.obj
 .debug_aranges
                0x00000178       0x50 CMakeFiles/smart_servo.elf.dir/Core/Src/tim.c.obj
 .debug_aranges
                0x000001c8       0x28 CMakeFiles/smart_servo.elf.dir/Core/Startup/startup_stm32f042f6px.s.obj
 .debug_aranges
                0x000001f0       0x48 CMakeFiles/smart_servo.elf.dir/Ctrl/random_flash_utils.cpp.obj
 .debug_aranges
                0x00000238       0xd0 CMakeFiles/smart_servo.elf.dir/Drivers/STM32F0xx_HAL_Driver/Src/stm32f0xx_hal.c.obj
 .debug_aranges
                0x00000308       0xf8 CMakeFiles/smart_servo.elf.dir/Drivers/STM32F0xx_HAL_Driver/Src/stm32f0xx_hal_adc.c.obj
 .debug_aranges
                0x00000400       0x78 CMakeFiles/smart_servo.elf.dir/Drivers/STM32F0xx_HAL_Driver/Src/stm32f0xx_hal_cortex.c.obj
 .debug_aranges
                0x00000478       0x88 CMakeFiles/smart_servo.elf.dir/Drivers/STM32F0xx_HAL_Driver/Src/stm32f0xx_hal_dma.c.obj
 .debug_aranges
                0x00000500       0x88 CMakeFiles/smart_servo.elf.dir/Drivers/STM32F0xx_HAL_Driver/Src/stm32f0xx_hal_flash.c.obj
 .debug_aranges
                0x00000588       0x98 CMakeFiles/smart_servo.elf.dir/Drivers/STM32F0xx_HAL_Driver/Src/stm32f0xx_hal_flash_ex.c.obj
 .debug_aranges
                0x00000620       0x58 CMakeFiles/smart_servo.elf.dir/Drivers/STM32F0xx_HAL_Driver/Src/stm32f0xx_hal_gpio.c.obj
 .debug_aranges
                0x00000678      0x2a0 CMakeFiles/smart_servo.elf.dir/Drivers/STM32F0xx_HAL_Driver/Src/stm32f0xx_hal_i2c.c.obj
 .debug_aranges
                0x00000918       0x48 CMakeFiles/smart_servo.elf.dir/Drivers/STM32F0xx_HAL_Driver/Src/stm32f0xx_hal_i2c_ex.c.obj
 .debug_aranges
                0x00000960       0x80 CMakeFiles/smart_servo.elf.dir/Drivers/STM32F0xx_HAL_Driver/Src/stm32f0xx_hal_rcc.c.obj
 .debug_aranges
                0x000009e0       0x78 CMakeFiles/smart_servo.elf.dir/Drivers/STM32F0xx_HAL_Driver/Src/stm32f0xx_hal_rcc_ex.c.obj
 .debug_aranges
                0x00000a58      0x3d0 CMakeFiles/smart_servo.elf.dir/Drivers/STM32F0xx_HAL_Driver/Src/stm32f0xx_hal_tim.c.obj
 .debug_aranges
                0x00000e28      0x168 CMakeFiles/smart_servo.elf.dir/Drivers/STM32F0xx_HAL_Driver/Src/stm32f0xx_hal_tim_ex.c.obj
 .debug_aranges
                0x00000f90       0x20 CMakeFiles/smart_servo.elf.dir/UserApp/main.cpp.obj

.debug_ranges   0x00000000      0xf00
 .debug_ranges  0x00000000       0x20 CMakeFiles/smart_servo.elf.dir/Core/Src/adc.c.obj
 .debug_ranges  0x00000020       0x10 CMakeFiles/smart_servo.elf.dir/Core/Src/dma.c.obj
 .debug_ranges  0x00000030       0x10 CMakeFiles/smart_servo.elf.dir/Core/Src/gpio.c.obj
 .debug_ranges  0x00000040       0x20 CMakeFiles/smart_servo.elf.dir/Core/Src/i2c.c.obj
 .debug_ranges  0x00000060       0x20 CMakeFiles/smart_servo.elf.dir/Core/Src/main.c.obj
 .debug_ranges  0x00000080       0x10 CMakeFiles/smart_servo.elf.dir/Core/Src/stm32f0xx_hal_msp.c.obj
 .debug_ranges  0x00000090       0x50 CMakeFiles/smart_servo.elf.dir/Core/Src/stm32f0xx_it.c.obj
 .debug_ranges  0x000000e0       0x18 CMakeFiles/smart_servo.elf.dir/Core/Src/system_stm32f0xx.c.obj
 .debug_ranges  0x000000f8       0x40 CMakeFiles/smart_servo.elf.dir/Core/Src/tim.c.obj
 .debug_ranges  0x00000138       0x20 CMakeFiles/smart_servo.elf.dir/Core/Startup/startup_stm32f042f6px.s.obj
 .debug_ranges  0x00000158       0x38 CMakeFiles/smart_servo.elf.dir/Ctrl/random_flash_utils.cpp.obj
 .debug_ranges  0x00000190       0xc0 CMakeFiles/smart_servo.elf.dir/Drivers/STM32F0xx_HAL_Driver/Src/stm32f0xx_hal.c.obj
 .debug_ranges  0x00000250       0xe8 CMakeFiles/smart_servo.elf.dir/Drivers/STM32F0xx_HAL_Driver/Src/stm32f0xx_hal_adc.c.obj
 .debug_ranges  0x00000338       0xc8 CMakeFiles/smart_servo.elf.dir/Drivers/STM32F0xx_HAL_Driver/Src/stm32f0xx_hal_cortex.c.obj
 .debug_ranges  0x00000400       0x78 CMakeFiles/smart_servo.elf.dir/Drivers/STM32F0xx_HAL_Driver/Src/stm32f0xx_hal_dma.c.obj
 .debug_ranges  0x00000478       0x78 CMakeFiles/smart_servo.elf.dir/Drivers/STM32F0xx_HAL_Driver/Src/stm32f0xx_hal_flash.c.obj
 .debug_ranges  0x000004f0       0x88 CMakeFiles/smart_servo.elf.dir/Drivers/STM32F0xx_HAL_Driver/Src/stm32f0xx_hal_flash_ex.c.obj
 .debug_ranges  0x00000578       0x48 CMakeFiles/smart_servo.elf.dir/Drivers/STM32F0xx_HAL_Driver/Src/stm32f0xx_hal_gpio.c.obj
 .debug_ranges  0x000005c0      0x290 CMakeFiles/smart_servo.elf.dir/Drivers/STM32F0xx_HAL_Driver/Src/stm32f0xx_hal_i2c.c.obj
 .debug_ranges  0x00000850       0x38 CMakeFiles/smart_servo.elf.dir/Drivers/STM32F0xx_HAL_Driver/Src/stm32f0xx_hal_i2c_ex.c.obj
 .debug_ranges  0x00000888       0x88 CMakeFiles/smart_servo.elf.dir/Drivers/STM32F0xx_HAL_Driver/Src/stm32f0xx_hal_rcc.c.obj
 .debug_ranges  0x00000910       0x80 CMakeFiles/smart_servo.elf.dir/Drivers/STM32F0xx_HAL_Driver/Src/stm32f0xx_hal_rcc_ex.c.obj
 .debug_ranges  0x00000990      0x3c0 CMakeFiles/smart_servo.elf.dir/Drivers/STM32F0xx_HAL_Driver/Src/stm32f0xx_hal_tim.c.obj
 .debug_ranges  0x00000d50      0x158 CMakeFiles/smart_servo.elf.dir/Drivers/STM32F0xx_HAL_Driver/Src/stm32f0xx_hal_tim_ex.c.obj
 .debug_ranges  0x00000ea8       0x58 CMakeFiles/smart_servo.elf.dir/UserApp/main.cpp.obj

.debug_line     0x00000000    0x13418
 .debug_line    0x00000000      0x41f CMakeFiles/smart_servo.elf.dir/Core/Src/adc.c.obj
 .debug_line    0x0000041f      0x1e8 CMakeFiles/smart_servo.elf.dir/Core/Src/dma.c.obj
 .debug_line    0x00000607      0x223 CMakeFiles/smart_servo.elf.dir/Core/Src/gpio.c.obj
 .debug_line    0x0000082a      0x3b7 CMakeFiles/smart_servo.elf.dir/Core/Src/i2c.c.obj
 .debug_line    0x00000be1      0x3ac CMakeFiles/smart_servo.elf.dir/Core/Src/main.c.obj
 .debug_line    0x00000f8d      0x1a1 CMakeFiles/smart_servo.elf.dir/Core/Src/stm32f0xx_hal_msp.c.obj
 .debug_line    0x0000112e      0x355 CMakeFiles/smart_servo.elf.dir/Core/Src/stm32f0xx_it.c.obj
 .debug_line    0x00001483      0x274 CMakeFiles/smart_servo.elf.dir/Core/Src/system_stm32f0xx.c.obj
 .debug_line    0x000016f7      0x4bb CMakeFiles/smart_servo.elf.dir/Core/Src/tim.c.obj
 .debug_line    0x00001bb2       0xb7 CMakeFiles/smart_servo.elf.dir/Core/Startup/startup_stm32f042f6px.s.obj
 .debug_line    0x00001c69      0x344 CMakeFiles/smart_servo.elf.dir/Ctrl/random_flash_utils.cpp.obj
 .debug_line    0x00001fad      0x578 CMakeFiles/smart_servo.elf.dir/Drivers/STM32F0xx_HAL_Driver/Src/stm32f0xx_hal.c.obj
 .debug_line    0x00002525     0x104a CMakeFiles/smart_servo.elf.dir/Drivers/STM32F0xx_HAL_Driver/Src/stm32f0xx_hal_adc.c.obj
 .debug_line    0x0000356f      0x56a CMakeFiles/smart_servo.elf.dir/Drivers/STM32F0xx_HAL_Driver/Src/stm32f0xx_hal_cortex.c.obj
 .debug_line    0x00003ad9      0xa52 CMakeFiles/smart_servo.elf.dir/Drivers/STM32F0xx_HAL_Driver/Src/stm32f0xx_hal_dma.c.obj
 .debug_line    0x0000452b      0x734 CMakeFiles/smart_servo.elf.dir/Drivers/STM32F0xx_HAL_Driver/Src/stm32f0xx_hal_flash.c.obj
 .debug_line    0x00004c5f      0x82b CMakeFiles/smart_servo.elf.dir/Drivers/STM32F0xx_HAL_Driver/Src/stm32f0xx_hal_flash_ex.c.obj
 .debug_line    0x0000548a      0x6a8 CMakeFiles/smart_servo.elf.dir/Drivers/STM32F0xx_HAL_Driver/Src/stm32f0xx_hal_gpio.c.obj
 .debug_line    0x00005b32     0x530f CMakeFiles/smart_servo.elf.dir/Drivers/STM32F0xx_HAL_Driver/Src/stm32f0xx_hal_i2c.c.obj
 .debug_line    0x0000ae41      0x524 CMakeFiles/smart_servo.elf.dir/Drivers/STM32F0xx_HAL_Driver/Src/stm32f0xx_hal_i2c_ex.c.obj
 .debug_line    0x0000b365      0xc98 CMakeFiles/smart_servo.elf.dir/Drivers/STM32F0xx_HAL_Driver/Src/stm32f0xx_hal_rcc.c.obj
 .debug_line    0x0000bffd      0x929 CMakeFiles/smart_servo.elf.dir/Drivers/STM32F0xx_HAL_Driver/Src/stm32f0xx_hal_rcc_ex.c.obj
 .debug_line    0x0000c926     0x4a93 CMakeFiles/smart_servo.elf.dir/Drivers/STM32F0xx_HAL_Driver/Src/stm32f0xx_hal_tim.c.obj
 .debug_line    0x000113b9     0x1bed CMakeFiles/smart_servo.elf.dir/Drivers/STM32F0xx_HAL_Driver/Src/stm32f0xx_hal_tim_ex.c.obj
 .debug_line    0x00012fa6      0x472 CMakeFiles/smart_servo.elf.dir/UserApp/main.cpp.obj

.debug_str      0x00000000     0x4dc7
 .debug_str     0x00000000      0x844 CMakeFiles/smart_servo.elf.dir/Core/Src/adc.c.obj
                                0x905 (size before relaxing)
 .debug_str     0x00000844       0x3a CMakeFiles/smart_servo.elf.dir/Core/Src/dma.c.obj
                                0x3f8 (size before relaxing)
 .debug_str     0x0000087e       0x6a CMakeFiles/smart_servo.elf.dir/Core/Src/gpio.c.obj
                                0x305 (size before relaxing)
 .debug_str     0x000008e8      0x319 CMakeFiles/smart_servo.elf.dir/Core/Src/i2c.c.obj
                                0x9ef (size before relaxing)
 .debug_str     0x00000c01      0x27d CMakeFiles/smart_servo.elf.dir/Core/Src/main.c.obj
                                0x4a7 (size before relaxing)
 .debug_str     0x00000e7e       0x48 CMakeFiles/smart_servo.elf.dir/Core/Src/stm32f0xx_hal_msp.c.obj
                                0x23c (size before relaxing)
 .debug_str     0x00000ec6      0x3e4 CMakeFiles/smart_servo.elf.dir/Core/Src/stm32f0xx_it.c.obj
                                0xc19 (size before relaxing)
 .debug_str     0x000012aa       0xb5 CMakeFiles/smart_servo.elf.dir/Core/Src/system_stm32f0xx.c.obj
                                0x2b4 (size before relaxing)
 .debug_str     0x0000135f      0x1d7 CMakeFiles/smart_servo.elf.dir/Core/Src/tim.c.obj
                                0xb67 (size before relaxing)
 .debug_str     0x00001536       0x52 CMakeFiles/smart_servo.elf.dir/Core/Startup/startup_stm32f042f6px.s.obj
                                 0x83 (size before relaxing)
 .debug_str     0x00001588      0x30b CMakeFiles/smart_servo.elf.dir/Ctrl/random_flash_utils.cpp.obj
                                0x4b8 (size before relaxing)
 .debug_str     0x00001893      0x268 CMakeFiles/smart_servo.elf.dir/Drivers/STM32F0xx_HAL_Driver/Src/stm32f0xx_hal.c.obj
                                0x6fe (size before relaxing)
 .debug_str     0x00001afb      0x308 CMakeFiles/smart_servo.elf.dir/Drivers/STM32F0xx_HAL_Driver/Src/stm32f0xx_hal_adc.c.obj
                                0x935 (size before relaxing)
 .debug_str     0x00001e03      0x262 CMakeFiles/smart_servo.elf.dir/Drivers/STM32F0xx_HAL_Driver/Src/stm32f0xx_hal_cortex.c.obj
                                0x649 (size before relaxing)
 .debug_str     0x00002065      0x225 CMakeFiles/smart_servo.elf.dir/Drivers/STM32F0xx_HAL_Driver/Src/stm32f0xx_hal_dma.c.obj
                                0x65a (size before relaxing)
 .debug_str     0x0000228a      0x27a CMakeFiles/smart_servo.elf.dir/Drivers/STM32F0xx_HAL_Driver/Src/stm32f0xx_hal_flash.c.obj
                                0x551 (size before relaxing)
 .debug_str     0x00002504      0x258 CMakeFiles/smart_servo.elf.dir/Drivers/STM32F0xx_HAL_Driver/Src/stm32f0xx_hal_flash_ex.c.obj
                                0x63e (size before relaxing)
 .debug_str     0x0000275c      0x127 CMakeFiles/smart_servo.elf.dir/Drivers/STM32F0xx_HAL_Driver/Src/stm32f0xx_hal_gpio.c.obj
                                0x437 (size before relaxing)
 .debug_str     0x00002883      0x8a4 CMakeFiles/smart_servo.elf.dir/Drivers/STM32F0xx_HAL_Driver/Src/stm32f0xx_hal_i2c.c.obj
                               0x1003 (size before relaxing)
 .debug_str     0x00003127       0xd4 CMakeFiles/smart_servo.elf.dir/Drivers/STM32F0xx_HAL_Driver/Src/stm32f0xx_hal_i2c_ex.c.obj
                                0x804 (size before relaxing)
 .debug_str     0x000031fb      0x1dc CMakeFiles/smart_servo.elf.dir/Drivers/STM32F0xx_HAL_Driver/Src/stm32f0xx_hal_rcc.c.obj
                                0x6a3 (size before relaxing)
 .debug_str     0x000033d7      0x27c CMakeFiles/smart_servo.elf.dir/Drivers/STM32F0xx_HAL_Driver/Src/stm32f0xx_hal_rcc_ex.c.obj
                                0x64f (size before relaxing)
 .debug_str     0x00003653      0xe0c CMakeFiles/smart_servo.elf.dir/Drivers/STM32F0xx_HAL_Driver/Src/stm32f0xx_hal_tim.c.obj
                               0x1686 (size before relaxing)
 .debug_str     0x0000445f      0x540 CMakeFiles/smart_servo.elf.dir/Drivers/STM32F0xx_HAL_Driver/Src/stm32f0xx_hal_tim_ex.c.obj
                                0xe77 (size before relaxing)
 .debug_str     0x0000499f      0x428 CMakeFiles/smart_servo.elf.dir/UserApp/main.cpp.obj
                                0x86f (size before relaxing)

.comment        0x00000000       0x49
 .comment       0x00000000       0x49 CMakeFiles/smart_servo.elf.dir/Core/Src/adc.c.obj
                                 0x4a (size before relaxing)
 .comment       0x00000049       0x4a CMakeFiles/smart_servo.elf.dir/Core/Src/dma.c.obj
 .comment       0x00000049       0x4a CMakeFiles/smart_servo.elf.dir/Core/Src/gpio.c.obj
 .comment       0x00000049       0x4a CMakeFiles/smart_servo.elf.dir/Core/Src/i2c.c.obj
 .comment       0x00000049       0x4a CMakeFiles/smart_servo.elf.dir/Core/Src/main.c.obj
 .comment       0x00000049       0x4a CMakeFiles/smart_servo.elf.dir/Core/Src/stm32f0xx_hal_msp.c.obj
 .comment       0x00000049       0x4a CMakeFiles/smart_servo.elf.dir/Core/Src/stm32f0xx_it.c.obj
 .comment       0x00000049       0x4a CMakeFiles/smart_servo.elf.dir/Core/Src/system_stm32f0xx.c.obj
 .comment       0x00000049       0x4a CMakeFiles/smart_servo.elf.dir/Core/Src/tim.c.obj
 .comment       0x00000049       0x4a CMakeFiles/smart_servo.elf.dir/Ctrl/random_flash_utils.cpp.obj
 .comment       0x00000049       0x4a CMakeFiles/smart_servo.elf.dir/Drivers/STM32F0xx_HAL_Driver/Src/stm32f0xx_hal.c.obj
 .comment       0x00000049       0x4a CMakeFiles/smart_servo.elf.dir/Drivers/STM32F0xx_HAL_Driver/Src/stm32f0xx_hal_adc.c.obj
 .comment       0x00000049       0x4a CMakeFiles/smart_servo.elf.dir/Drivers/STM32F0xx_HAL_Driver/Src/stm32f0xx_hal_cortex.c.obj
 .comment       0x00000049       0x4a CMakeFiles/smart_servo.elf.dir/Drivers/STM32F0xx_HAL_Driver/Src/stm32f0xx_hal_dma.c.obj
 .comment       0x00000049       0x4a CMakeFiles/smart_servo.elf.dir/Drivers/STM32F0xx_HAL_Driver/Src/stm32f0xx_hal_flash.c.obj
 .comment       0x00000049       0x4a CMakeFiles/smart_servo.elf.dir/Drivers/STM32F0xx_HAL_Driver/Src/stm32f0xx_hal_flash_ex.c.obj
 .comment       0x00000049       0x4a CMakeFiles/smart_servo.elf.dir/Drivers/STM32F0xx_HAL_Driver/Src/stm32f0xx_hal_gpio.c.obj
 .comment       0x00000049       0x4a CMakeFiles/smart_servo.elf.dir/Drivers/STM32F0xx_HAL_Driver/Src/stm32f0xx_hal_i2c.c.obj
 .comment       0x00000049       0x4a CMakeFiles/smart_servo.elf.dir/Drivers/STM32F0xx_HAL_Driver/Src/stm32f0xx_hal_i2c_ex.c.obj
 .comment       0x00000049       0x4a CMakeFiles/smart_servo.elf.dir/Drivers/STM32F0xx_HAL_Driver/Src/stm32f0xx_hal_rcc.c.obj
 .comment       0x00000049       0x4a CMakeFiles/smart_servo.elf.dir/Drivers/STM32F0xx_HAL_Driver/Src/stm32f0xx_hal_rcc_ex.c.obj
 .comment       0x00000049       0x4a CMakeFiles/smart_servo.elf.dir/Drivers/STM32F0xx_HAL_Driver/Src/stm32f0xx_hal_tim.c.obj
 .comment       0x00000049       0x4a CMakeFiles/smart_servo.elf.dir/Drivers/STM32F0xx_HAL_Driver/Src/stm32f0xx_hal_tim_ex.c.obj
 .comment       0x00000049       0x4a CMakeFiles/smart_servo.elf.dir/UserApp/main.cpp.obj

.debug_frame    0x00000000     0x3070
 .debug_frame   0x00000000       0x5c CMakeFiles/smart_servo.elf.dir/Core/Src/adc.c.obj
 .debug_frame   0x0000005c       0x28 CMakeFiles/smart_servo.elf.dir/Core/Src/dma.c.obj
 .debug_frame   0x00000084       0x2c CMakeFiles/smart_servo.elf.dir/Core/Src/gpio.c.obj
 .debug_frame   0x000000b0       0x5c CMakeFiles/smart_servo.elf.dir/Core/Src/i2c.c.obj
 .debug_frame   0x0000010c       0x54 CMakeFiles/smart_servo.elf.dir/Core/Src/main.c.obj
 .debug_frame   0x00000160       0x24 CMakeFiles/smart_servo.elf.dir/Core/Src/stm32f0xx_hal_msp.c.obj
 .debug_frame   0x00000184       0xc8 CMakeFiles/smart_servo.elf.dir/Core/Src/stm32f0xx_it.c.obj
 .debug_frame   0x0000024c       0x38 CMakeFiles/smart_servo.elf.dir/Core/Src/system_stm32f0xx.c.obj
 .debug_frame   0x00000284       0xb0 CMakeFiles/smart_servo.elf.dir/Core/Src/tim.c.obj
 .debug_frame   0x00000334       0x94 CMakeFiles/smart_servo.elf.dir/Ctrl/random_flash_utils.cpp.obj
 .debug_frame   0x000003c8      0x1ac CMakeFiles/smart_servo.elf.dir/Drivers/STM32F0xx_HAL_Driver/Src/stm32f0xx_hal.c.obj
 .debug_frame   0x00000574      0x2a4 CMakeFiles/smart_servo.elf.dir/Drivers/STM32F0xx_HAL_Driver/Src/stm32f0xx_hal_adc.c.obj
 .debug_frame   0x00000818       0xe4 CMakeFiles/smart_servo.elf.dir/Drivers/STM32F0xx_HAL_Driver/Src/stm32f0xx_hal_cortex.c.obj
 .debug_frame   0x000008fc      0x168 CMakeFiles/smart_servo.elf.dir/Drivers/STM32F0xx_HAL_Driver/Src/stm32f0xx_hal_dma.c.obj
 .debug_frame   0x00000a64      0x144 CMakeFiles/smart_servo.elf.dir/Drivers/STM32F0xx_HAL_Driver/Src/stm32f0xx_hal_flash.c.obj
 .debug_frame   0x00000ba8      0x178 CMakeFiles/smart_servo.elf.dir/Drivers/STM32F0xx_HAL_Driver/Src/stm32f0xx_hal_flash_ex.c.obj
 .debug_frame   0x00000d20       0xc0 CMakeFiles/smart_servo.elf.dir/Drivers/STM32F0xx_HAL_Driver/Src/stm32f0xx_hal_gpio.c.obj
 .debug_frame   0x00000de0      0x8b4 CMakeFiles/smart_servo.elf.dir/Drivers/STM32F0xx_HAL_Driver/Src/stm32f0xx_hal_i2c.c.obj
 .debug_frame   0x00001694       0xb0 CMakeFiles/smart_servo.elf.dir/Drivers/STM32F0xx_HAL_Driver/Src/stm32f0xx_hal_i2c_ex.c.obj
 .debug_frame   0x00001744      0x138 CMakeFiles/smart_servo.elf.dir/Drivers/STM32F0xx_HAL_Driver/Src/stm32f0xx_hal_rcc.c.obj
 .debug_frame   0x0000187c       0xfc CMakeFiles/smart_servo.elf.dir/Drivers/STM32F0xx_HAL_Driver/Src/stm32f0xx_hal_rcc_ex.c.obj
 .debug_frame   0x00001978      0xae4 CMakeFiles/smart_servo.elf.dir/Drivers/STM32F0xx_HAL_Driver/Src/stm32f0xx_hal_tim.c.obj
 .debug_frame   0x0000245c      0x420 CMakeFiles/smart_servo.elf.dir/Drivers/STM32F0xx_HAL_Driver/Src/stm32f0xx_hal_tim_ex.c.obj
 .debug_frame   0x0000287c       0x30 CMakeFiles/smart_servo.elf.dir/UserApp/main.cpp.obj
 .debug_frame   0x000028ac       0x20 e:/progra~2/stmicr~1/stm32c~1/gcc-ar~1.10-/gcc-ar~1.10/bin/../lib/gcc/arm-none-eabi/10.3.1/thumb/v6-m/nofp\libgcc.a(_udivsi3.o)
 .debug_frame   0x000028cc      0x2b4 e:/progra~2/stmicr~1/stm32c~1/gcc-ar~1.10-/gcc-ar~1.10/bin/../lib/gcc/arm-none-eabi/10.3.1/thumb/v6-m/nofp\libgcc.a(unwind-arm.o)
 .debug_frame   0x00002b80       0xf4 e:/progra~2/stmicr~1/stm32c~1/gcc-ar~1.10-/gcc-ar~1.10/bin/../lib/gcc/arm-none-eabi/10.3.1/thumb/v6-m/nofp\libgcc.a(pr-support.o)
 .debug_frame   0x00002c74       0x28 e:/progra~2/stmicr~1/stm32c~1/gcc-ar~1.10-/gcc-ar~1.10/bin/../lib/gcc/arm-none-eabi/10.3.1/../../../../arm-none-eabi/lib/thumb/v6-m/nofp\libg.a(lib_a-abort.o)
 .debug_frame   0x00002c9c       0x20 e:/progra~2/stmicr~1/stm32c~1/gcc-ar~1.10-/gcc-ar~1.10/bin/../lib/gcc/arm-none-eabi/10.3.1/../../../../arm-none-eabi/lib/thumb/v6-m/nofp\libg.a(lib_a-errno.o)
 .debug_frame   0x00002cbc       0x2c e:/progra~2/stmicr~1/stm32c~1/gcc-ar~1.10-/gcc-ar~1.10/bin/../lib/gcc/arm-none-eabi/10.3.1/../../../../arm-none-eabi/lib/thumb/v6-m/nofp\libg.a(lib_a-init.o)
 .debug_frame   0x00002ce8       0x34 e:/progra~2/stmicr~1/stm32c~1/gcc-ar~1.10-/gcc-ar~1.10/bin/../lib/gcc/arm-none-eabi/10.3.1/../../../../arm-none-eabi/lib/thumb/v6-m/nofp\libg.a(lib_a-memcpy-stub.o)
 .debug_frame   0x00002d1c       0x30 e:/progra~2/stmicr~1/stm32c~1/gcc-ar~1.10-/gcc-ar~1.10/bin/../lib/gcc/arm-none-eabi/10.3.1/../../../../arm-none-eabi/lib/thumb/v6-m/nofp\libg.a(lib_a-memset.o)
 .debug_frame   0x00002d4c       0xfc e:/progra~2/stmicr~1/stm32c~1/gcc-ar~1.10-/gcc-ar~1.10/bin/../lib/gcc/arm-none-eabi/10.3.1/../../../../arm-none-eabi/lib/thumb/v6-m/nofp\libg.a(lib_a-signal.o)
 .debug_frame   0x00002e48       0x44 e:/progra~2/stmicr~1/stm32c~1/gcc-ar~1.10-/gcc-ar~1.10/bin/../lib/gcc/arm-none-eabi/10.3.1/../../../../arm-none-eabi/lib/thumb/v6-m/nofp\libg.a(lib_a-signalr.o)
 .debug_frame   0x00002e8c       0x54 e:/progra~2/stmicr~1/stm32c~1/gcc-ar~1.10-/gcc-ar~1.10/bin/../lib/gcc/arm-none-eabi/10.3.1/../../../../arm-none-eabi/lib/thumb/v6-m/nofp\libg.a(lib_a-__call_atexit.o)
 .debug_frame   0x00002ee0       0x28 e:/progra~2/stmicr~1/stm32c~1/gcc-ar~1.10-/gcc-ar~1.10/bin/../lib/gcc/arm-none-eabi/10.3.1/../../../../arm-none-eabi/lib/thumb/v6-m/nofp\libg.a(lib_a-atexit.o)
 .debug_frame   0x00002f08       0x2c e:/progra~2/stmicr~1/stm32c~1/gcc-ar~1.10-/gcc-ar~1.10/bin/../lib/gcc/arm-none-eabi/10.3.1/../../../../arm-none-eabi/lib/thumb/v6-m/nofp\libg.a(lib_a-fini.o)
 .debug_frame   0x00002f34       0xb0 e:/progra~2/stmicr~1/stm32c~1/gcc-ar~1.10-/gcc-ar~1.10/bin/../lib/gcc/arm-none-eabi/10.3.1/../../../../arm-none-eabi/lib/thumb/v6-m/nofp\libg.a(lib_a-lock.o)
 .debug_frame   0x00002fe4       0x50 e:/progra~2/stmicr~1/stm32c~1/gcc-ar~1.10-/gcc-ar~1.10/bin/../lib/gcc/arm-none-eabi/10.3.1/../../../../arm-none-eabi/lib/thumb/v6-m/nofp\libg.a(lib_a-reent.o)
 .debug_frame   0x00003034       0x3c e:/progra~2/stmicr~1/stm32c~1/gcc-ar~1.10-/gcc-ar~1.10/bin/../lib/gcc/arm-none-eabi/10.3.1/../../../../arm-none-eabi/lib/thumb/v6-m/nofp\libg.a(lib_a-__atexit.o)
