Archive member included to satisfy reference by file (symbol)

e:/progra~2/stmicr~1/stm32c~1/gcc-ar~1.10-/gcc-ar~1.10/bin/../lib/gcc/arm-none-eabi/10.3.1/thumb/v6-m/nofp\libgcc.a(_udivsi3.o)
                              CMakeFiles/smart_servo.elf.dir/Core/Src/system_stm32f0xx.c.obj (__aeabi_uidiv)
e:/progra~2/stmicr~1/stm32c~1/gcc-ar~1.10-/gcc-ar~1.10/bin/../lib/gcc/arm-none-eabi/10.3.1/thumb/v6-m/nofp\libgcc.a(_dvmd_tls.o)
                              e:/progra~2/stmicr~1/stm32c~1/gcc-ar~1.10-/gcc-ar~1.10/bin/../lib/gcc/arm-none-eabi/10.3.1/thumb/v6-m/nofp\libgcc.a(_udivsi3.o) (__aeabi_idiv0)
e:/progra~2/stmicr~1/stm32c~1/gcc-ar~1.10-/gcc-ar~1.10/bin/../lib/gcc/arm-none-eabi/10.3.1/thumb/v6-m/nofp\libgcc.a(_arm_cmpsf2.o)
                              CMakeFiles/smart_servo.elf.dir/Ctrl/motor.cpp.obj (__aeabi_fcmplt)
e:/progra~2/stmicr~1/stm32c~1/gcc-ar~1.10-/gcc-ar~1.10/bin/../lib/gcc/arm-none-eabi/10.3.1/thumb/v6-m/nofp\libgcc.a(_fixunssfsi.o)
                              CMakeFiles/smart_servo.elf.dir/UserApp/main.cpp.obj (__aeabi_f2uiz)
e:/progra~2/stmicr~1/stm32c~1/gcc-ar~1.10-/gcc-ar~1.10/bin/../lib/gcc/arm-none-eabi/10.3.1/thumb/v6-m/nofp\libgcc.a(addsf3.o)
                              CMakeFiles/smart_servo.elf.dir/Ctrl/motor.cpp.obj (__aeabi_fadd)
e:/progra~2/stmicr~1/stm32c~1/gcc-ar~1.10-/gcc-ar~1.10/bin/../lib/gcc/arm-none-eabi/10.3.1/thumb/v6-m/nofp\libgcc.a(divsf3.o)
                              CMakeFiles/smart_servo.elf.dir/UserApp/main.cpp.obj (__aeabi_fdiv)
e:/progra~2/stmicr~1/stm32c~1/gcc-ar~1.10-/gcc-ar~1.10/bin/../lib/gcc/arm-none-eabi/10.3.1/thumb/v6-m/nofp\libgcc.a(eqsf2.o)
                              e:/progra~2/stmicr~1/stm32c~1/gcc-ar~1.10-/gcc-ar~1.10/bin/../lib/gcc/arm-none-eabi/10.3.1/thumb/v6-m/nofp\libgcc.a(_arm_cmpsf2.o) (__eqsf2)
e:/progra~2/stmicr~1/stm32c~1/gcc-ar~1.10-/gcc-ar~1.10/bin/../lib/gcc/arm-none-eabi/10.3.1/thumb/v6-m/nofp\libgcc.a(gesf2.o)
                              e:/progra~2/stmicr~1/stm32c~1/gcc-ar~1.10-/gcc-ar~1.10/bin/../lib/gcc/arm-none-eabi/10.3.1/thumb/v6-m/nofp\libgcc.a(_arm_cmpsf2.o) (__gesf2)
e:/progra~2/stmicr~1/stm32c~1/gcc-ar~1.10-/gcc-ar~1.10/bin/../lib/gcc/arm-none-eabi/10.3.1/thumb/v6-m/nofp\libgcc.a(lesf2.o)
                              e:/progra~2/stmicr~1/stm32c~1/gcc-ar~1.10-/gcc-ar~1.10/bin/../lib/gcc/arm-none-eabi/10.3.1/thumb/v6-m/nofp\libgcc.a(_arm_cmpsf2.o) (__lesf2)
e:/progra~2/stmicr~1/stm32c~1/gcc-ar~1.10-/gcc-ar~1.10/bin/../lib/gcc/arm-none-eabi/10.3.1/thumb/v6-m/nofp\libgcc.a(mulsf3.o)
                              CMakeFiles/smart_servo.elf.dir/Ctrl/motor.cpp.obj (__aeabi_fmul)
e:/progra~2/stmicr~1/stm32c~1/gcc-ar~1.10-/gcc-ar~1.10/bin/../lib/gcc/arm-none-eabi/10.3.1/thumb/v6-m/nofp\libgcc.a(subsf3.o)
                              CMakeFiles/smart_servo.elf.dir/Ctrl/motor.cpp.obj (__aeabi_fsub)
e:/progra~2/stmicr~1/stm32c~1/gcc-ar~1.10-/gcc-ar~1.10/bin/../lib/gcc/arm-none-eabi/10.3.1/thumb/v6-m/nofp\libgcc.a(fixsfsi.o)
                              e:/progra~2/stmicr~1/stm32c~1/gcc-ar~1.10-/gcc-ar~1.10/bin/../lib/gcc/arm-none-eabi/10.3.1/thumb/v6-m/nofp\libgcc.a(_fixunssfsi.o) (__aeabi_f2iz)
e:/progra~2/stmicr~1/stm32c~1/gcc-ar~1.10-/gcc-ar~1.10/bin/../lib/gcc/arm-none-eabi/10.3.1/thumb/v6-m/nofp\libgcc.a(floatunsisf.o)
                              CMakeFiles/smart_servo.elf.dir/UserApp/main.cpp.obj (__aeabi_ui2f)
e:/progra~2/stmicr~1/stm32c~1/gcc-ar~1.10-/gcc-ar~1.10/bin/../lib/gcc/arm-none-eabi/10.3.1/thumb/v6-m/nofp\libgcc.a(unwind-arm.o)
                              CMakeFiles/smart_servo.elf.dir/Ctrl/random_flash_utils.cpp.obj (__aeabi_unwind_cpp_pr0)
e:/progra~2/stmicr~1/stm32c~1/gcc-ar~1.10-/gcc-ar~1.10/bin/../lib/gcc/arm-none-eabi/10.3.1/thumb/v6-m/nofp\libgcc.a(libunwind.o)
                              e:/progra~2/stmicr~1/stm32c~1/gcc-ar~1.10-/gcc-ar~1.10/bin/../lib/gcc/arm-none-eabi/10.3.1/thumb/v6-m/nofp\libgcc.a(unwind-arm.o) (restore_core_regs)
e:/progra~2/stmicr~1/stm32c~1/gcc-ar~1.10-/gcc-ar~1.10/bin/../lib/gcc/arm-none-eabi/10.3.1/thumb/v6-m/nofp\libgcc.a(pr-support.o)
                              e:/progra~2/stmicr~1/stm32c~1/gcc-ar~1.10-/gcc-ar~1.10/bin/../lib/gcc/arm-none-eabi/10.3.1/thumb/v6-m/nofp\libgcc.a(unwind-arm.o) (__gnu_unwind_execute)
e:/progra~2/stmicr~1/stm32c~1/gcc-ar~1.10-/gcc-ar~1.10/bin/../lib/gcc/arm-none-eabi/10.3.1/thumb/v6-m/nofp\libgcc.a(_clzsi2.o)
                              e:/progra~2/stmicr~1/stm32c~1/gcc-ar~1.10-/gcc-ar~1.10/bin/../lib/gcc/arm-none-eabi/10.3.1/thumb/v6-m/nofp\libgcc.a(addsf3.o) (__clzsi2)
e:/progra~2/stmicr~1/stm32c~1/gcc-ar~1.10-/gcc-ar~1.10/bin/../lib/gcc/arm-none-eabi/10.3.1/../../../../arm-none-eabi/lib/thumb/v6-m/nofp\libg.a(lib_a-abort.o)
                              e:/progra~2/stmicr~1/stm32c~1/gcc-ar~1.10-/gcc-ar~1.10/bin/../lib/gcc/arm-none-eabi/10.3.1/thumb/v6-m/nofp\libgcc.a(unwind-arm.o) (abort)
[...]
Memory Configuration

Name             Origin             Length             Attributes
RAM              0x20000000         0x00001800         xrw
FLASH            0x08000000         0x00008000         xr
*default*        0x00000000         0xffffffff

Linker script and memory map

LOAD e:/progra~2/stmicr~1/stm32c~1/gcc-ar~1.10-/gcc-ar~1.10/bin/../lib/gcc/arm-none-eabi/10.3.1/thumb/v6-m/nofp/crti.o
LOAD e:/progra~2/stmicr~1/stm32c~1/gcc-ar~1.10-/gcc-ar~1.10/bin/../lib/gcc/arm-none-eabi/10.3.1/thumb/v6-m/nofp/crtbegin.o
LOAD e:/progra~2/stmicr~1/stm32c~1/gcc-ar~1.10-/gcc-ar~1.10/bin/../lib/gcc/arm-none-eabi/10.3.1/../../../../arm-none-eabi/lib/thumb/v6-m/nofp/crt0.o
LOAD CMakeFiles/smart_servo.elf.dir/Core/Src/adc.c.obj
LOAD CMakeFiles/smart_servo.elf.dir/Core/Src/dma.c.obj
LOAD CMakeFiles/smart_servo.elf.dir/Core/Src/gpio.c.obj
LOAD CMakeFiles/smart_servo.elf.dir/Core/Src/i2c.c.obj
LOAD CMakeFiles/smart_servo.elf.dir/Core/Src/main.c.obj
LOAD CMakeFiles/smart_servo.elf.dir/Core/Src/stm32f0xx_hal_msp.c.obj
LOAD CMakeFiles/smart_servo.elf.dir/Core/Src/stm32f0xx_it.c.obj
LOAD CMakeFiles/smart_servo.elf.dir/Core/Src/syscalls.c.obj
LOAD CMakeFiles/smart_servo.elf.dir/Core/Src/sysmem.c.obj
LOAD CMakeFiles/smart_servo.elf.dir/Core/Src/system_stm32f0xx.c.obj
LOAD CMakeFiles/smart_servo.elf.dir/Core/Src/tim.c.obj
LOAD CMakeFiles/smart_servo.elf.dir/Core/Startup/startup_stm32f042f6px.s.obj
LOAD CMakeFiles/smart_servo.elf.dir/Ctrl/motor.cpp.obj
LOAD CMakeFiles/smart_servo.elf.dir/Ctrl/random_flash_utils.cpp.obj
LOAD CMakeFiles/smart_servo.elf.dir/Drivers/STM32F0xx_HAL_Driver/Src/stm32f0xx_hal.c.obj
LOAD CMakeFiles/smart_servo.elf.dir/Drivers/STM32F0xx_HAL_Driver/Src/stm32f0xx_hal_adc.c.obj
LOAD CMakeFiles/smart_servo.elf.dir/Drivers/STM32F0xx_HAL_Driver/Src/stm32f0xx_hal_adc_ex.c.obj
LOAD CMakeFiles/smart_servo.elf.dir/Drivers/STM32F0xx_HAL_Driver/Src/stm32f0xx_hal_cortex.c.obj
LOAD CMakeFiles/smart_servo.elf.dir/Drivers/STM32F0xx_HAL_Driver/Src/stm32f0xx_hal_dma.c.obj
LOAD CMakeFiles/smart_servo.elf.dir/Drivers/STM32F0xx_HAL_Driver/Src/stm32f0xx_hal_exti.c.obj
LOAD CMakeFiles/smart_servo.elf.dir/Drivers/STM32F0xx_HAL_Driver/Src/stm32f0xx_hal_flash.c.obj
LOAD CMakeFiles/smart_servo.elf.dir/Drivers/STM32F0xx_HAL_Driver/Src/stm32f0xx_hal_flash_ex.c.obj
LOAD CMakeFiles/smart_servo.elf.dir/Drivers/STM32F0xx_HAL_Driver/Src/stm32f0xx_hal_gpio.c.obj
LOAD CMakeFiles/smart_servo.elf.dir/Drivers/STM32F0xx_HAL_Driver/Src/stm32f0xx_hal_i2c.c.obj
LOAD CMakeFiles/smart_servo.elf.dir/Drivers/STM32F0xx_HAL_Driver/Src/stm32f0xx_hal_i2c_ex.c.obj
LOAD CMakeFiles/smart_servo.elf.dir/Drivers/STM32F0xx_HAL_Driver/Src/stm32f0xx_hal_pwr.c.obj
LOAD CMakeFiles/smart_servo.elf.dir/Drivers/STM32F0xx_HAL_Driver/Src/stm32f0xx_hal_pwr_ex.c.obj
LOAD CMakeFiles/smart_servo.elf.dir/Drivers/STM32F0xx_HAL_Driver/Src/stm32f0xx_hal_rcc.c.obj
LOAD CMakeFiles/smart_servo.elf.dir/Drivers/STM32F0xx_HAL_Driver/Src/stm32f0xx_hal_rcc_ex.c.obj
LOAD CMakeFiles/smart_servo.elf.dir/Drivers/STM32F0xx_HAL_Driver/Src/stm32f0xx_hal_tim.c.obj
LOAD CMakeFiles/smart_servo.elf.dir/Drivers/STM32F0xx_HAL_Driver/Src/stm32f0xx_hal_tim_ex.c.obj
LOAD CMakeFiles/smart_servo.elf.dir/UserApp/main.cpp.obj
LOAD e:/progra~2/stmicr~1/stm32c~1/gcc-ar~1.10-/gcc-ar~1.10/bin/../lib/gcc/arm-none-eabi/10.3.1/../../../../arm-none-eabi/lib/thumb/v6-m/nofp\libstdc++.a
LOAD e:/progra~2/stmicr~1/stm32c~1/gcc-ar~1.10-/gcc-ar~1.10/bin/../lib/gcc/arm-none-eabi/10.3.1/../../../../arm-none-eabi/lib/thumb/v6-m/nofp\libm.a
START GROUP
LOAD e:/progra~2/stmicr~1/stm32c~1/gcc-ar~1.10-/gcc-ar~1.10/bin/../lib/gcc/arm-none-eabi/10.3.1/thumb/v6-m/nofp\libgcc.a
LOAD e:/progra~2/stmicr~1/stm32c~1/gcc-ar~1.10-/gcc-ar~1.10/bin/../lib/gcc/arm-none-eabi/10.3.1/../../../../arm-none-eabi/lib/thumb/v6-m/nofp\libg.a
LOAD e:/progra~2/stmicr~1/stm32c~1/gcc-ar~1.10-/gcc-ar~1.10/bin/../lib/gcc/arm-none-eabi/10.3.1/../../../../arm-none-eabi/lib/thumb/v6-m/nofp\libc.a
END GROUP
LOAD e:/progra~2/stmicr~1/stm32c~1/gcc-ar~1.10-/gcc-ar~1.10/bin/../lib/gcc/arm-none-eabi/10.3.1/thumb/v6-m/nofp/crtend.o
LOAD e:/progra~2/stmicr~1/stm32c~1/gcc-ar~1.10-/gcc-ar~1.10/bin/../lib/gcc/arm-none-eabi/10.3.1/thumb/v6-m/nofp/crtn.o
                0x20001800                _estack = (ORIGIN (RAM) + LENGTH (RAM))
                0x00000200                _Min_Heap_Size = 0x200
                0x00000400                _Min_Stack_Size = 0x400

.isr_vector     0x08000000       0xc0
                0x08000000                . = ALIGN (0x4)
 *(.isr_vector)
 .isr_vector    0x08000000       0xc0 CMakeFiles/smart_servo.elf.dir/Core/Startup/startup_stm32f042f6px.s.obj
                0x08000000                g_pfnVectors
                0x080000c0                . = ALIGN (0x4)

.text           0x080000c0     0x5fd0
                0x080000c0                . = ALIGN (0x4)
 *(.text)
 .text          0x080000c0       0x48 e:/progra~2/stmicr~1/stm32c~1/gcc-ar~1.10-/gcc-ar~1.10/bin/../lib/gcc/arm-none-eabi/10.3.1/thumb/v6-m/nofp/crtbegin.o
 .text          0x08000108      0x114 e:/progra~2/stmicr~1/stm32c~1/gcc-ar~1.10-/gcc-ar~1.10/bin/../lib/gcc/arm-none-eabi/10.3.1/thumb/v6-m/nofp\libgcc.a(_udivsi3.o)
                0x08000108                __aeabi_uidiv
                0x08000108                __udivsi3
                0x08000214                __aeabi_uidivmod
 .text          0x0800021c        0x4 e:/progra~2/stmicr~1/stm32c~1/gcc-ar~1.10-/gcc-ar~1.10/bin/../lib/gcc/arm-none-eabi/10.3.1/thumb/v6-m/nofp\libgcc.a(_dvmd_tls.o)
                0x0800021c                __aeabi_idiv0
                0x0800021c                __aeabi_ldiv0
 .text          0x08000220       0x74 e:/progra~2/stmicr~1/stm32c~1/gcc-ar~1.10-/gcc-ar~1.10/bin/../lib/gcc/arm-none-eabi/10.3.1/thumb/v6-m/nofp\libgcc.a(_arm_cmpsf2.o)
                0x08000220                __aeabi_cfrcmple
                0x08000228                __aeabi_cfcmpeq
                0x08000228                __aeabi_cfcmple
                0x08000238                __aeabi_fcmpeq
                0x08000244                __aeabi_fcmplt
                0x08000258                __aeabi_fcmple
                0x0800026c                __aeabi_fcmpgt
                0x08000280                __aeabi_fcmpge
 .text          0x08000294       0x30 e:/progra~2/stmicr~1/stm32c~1/gcc-ar~1.10-/gcc-ar~1.10/bin/../lib/gcc/arm-none-eabi/10.3.1/thumb/v6-m/nofp\libgcc.a(_fixunssfsi.o)
                0x08000294                __fixunssfsi
                0x08000294                __aeabi_f2uiz
 .text          0x080002c4      0x33c e:/progra~2/stmicr~1/stm32c~1/gcc-ar~1.10-/gcc-ar~1.10/bin/../lib/gcc/arm-none-eabi/10.3.1/thumb/v6-m/nofp\libgcc.a(addsf3.o)
                0x080002c4                __aeabi_fadd
 .text          0x08000600      0x230 e:/progra~2/stmicr~1/stm32c~1/gcc-ar~1.10-/gcc-ar~1.10/bin/../lib/gcc/arm-none-eabi/10.3.1/thumb/v6-m/nofp\libgcc.a(divsf3.o)
                0x08000600                __aeabi_fdiv
 .text          0x08000830       0x4c e:/progra~2/stmicr~1/stm32c~1/gcc-ar~1.10-/gcc-ar~1.10/bin/../lib/gcc/arm-none-eabi/10.3.1/thumb/v6-m/nofp\libgcc.a(eqsf2.o)
                0x08000830                __eqsf2
                0x08000830                __nesf2
 .text          0x0800087c       0x8c e:/progra~2/stmicr~1/stm32c~1/gcc-ar~1.10-/gcc-ar~1.10/bin/../lib/gcc/arm-none-eabi/10.3.1/thumb/v6-m/nofp\libgcc.a(gesf2.o)
                0x0800087c                __gesf2
                0x0800087c                __gtsf2
 .text          0x08000908       0x88 e:/progra~2/stmicr~1/stm32c~1/gcc-ar~1.10-/gcc-ar~1.10/bin/../lib/gcc/arm-none-eabi/10.3.1/thumb/v6-m/nofp\libgcc.a(lesf2.o)
                0x08000908                __ltsf2
                0x08000908                __lesf2
 .text          0x08000990      0x24c e:/progra~2/stmicr~1/stm32c~1/gcc-ar~1.10-/gcc-ar~1.10/bin/../lib/gcc/arm-none-eabi/10.3.1/thumb/v6-m/nofp\libgcc.a(mulsf3.o)
                0x08000990                __aeabi_fmul
 .text          0x08000bdc      0x35c e:/progra~2/stmicr~1/stm32c~1/gcc-ar~1.10-/gcc-ar~1.10/bin/../lib/gcc/arm-none-eabi/10.3.1/thumb/v6-m/nofp\libgcc.a(subsf3.o)
                0x08000bdc                __aeabi_fsub
 .text          0x08000f38       0x40 e:/progra~2/stmicr~1/stm32c~1/gcc-ar~1.10-/gcc-ar~1.10/bin/../lib/gcc/arm-none-eabi/10.3.1/thumb/v6-m/nofp\libgcc.a(fixsfsi.o)
                0x08000f38                __aeabi_f2iz
 .text          0x08000f78       0x84 e:/progra~2/stmicr~1/stm32c~1/gcc-ar~1.10-/gcc-ar~1.10/bin/../lib/gcc/arm-none-eabi/10.3.1/thumb/v6-m/nofp\libgcc.a(floatunsisf.o)
                0x08000f78                __aeabi_ui2f
 .text          0x08000ffc      0xa30 e:/progra~2/stmicr~1/stm32c~1/gcc-ar~1.10-/gcc-ar~1.10/bin/../lib/gcc/arm-none-eabi/10.3.1/thumb/v6-m/nofp\libgcc.a(unwind-arm.o)
                0x080012c8                _Unwind_GetCFA
                0x080012cc                __gnu_Unwind_RaiseException
                0x08001320                __gnu_Unwind_ForcedUnwind
                0x08001334                __gnu_Unwind_Resume
                0x0800137c                __gnu_Unwind_Resume_or_Rethrow
                0x08001398                _Unwind_Complete
                0x0800139c                _Unwind_DeleteException
                0x080013ac                _Unwind_VRS_Get
                0x080013f8                _Unwind_VRS_Set
                0x08001444                __gnu_Unwind_Backtrace
                0x080017a0                __aeabi_unwind_cpp_pr0
                0x080017ac                __aeabi_unwind_cpp_pr1
                0x080017b8                __aeabi_unwind_cpp_pr2
                0x080017c4                _Unwind_VRS_Pop
 .text          0x08001a2c      0x144 e:/progra~2/stmicr~1/stm32c~1/gcc-ar~1.10-/gcc-ar~1.10/bin/../lib/gcc/arm-none-eabi/10.3.1/thumb/v6-m/nofp\libgcc.a(libunwind.o)
                0x08001a2c                __restore_core_regs
                0x08001a2c                restore_core_regs
                0x08001a58                __gnu_Unwind_Restore_VFP
                0x08001a5c                __gnu_Unwind_Save_VFP
                0x08001a60                __gnu_Unwind_Restore_VFP_D
                0x08001a64                __gnu_Unwind_Save_VFP_D
                0x08001a68                __gnu_Unwind_Restore_VFP_D_16_to_31
                0x08001a6c                __gnu_Unwind_Save_VFP_D_16_to_31
                0x08001a70                __gnu_Unwind_Restore_WMMXD
                0x08001a74                __gnu_Unwind_Save_WMMXD
                0x08001a78                __gnu_Unwind_Restore_WMMXC
                0x08001a7c                __gnu_Unwind_Save_WMMXC
                0x08001a80                ___Unwind_RaiseException
                0x08001a80                _Unwind_RaiseException
                0x08001ab0                _Unwind_Resume
                0x08001ab0                ___Unwind_Resume
                0x08001ae0                _Unwind_Resume_or_Rethrow
                0x08001ae0                ___Unwind_Resume_or_Rethrow
                0x08001b10                _Unwind_ForcedUnwind
                0x08001b10                ___Unwind_ForcedUnwind
                0x08001b40                ___Unwind_Backtrace
                0x08001b40                _Unwind_Backtrace
 .text          0x08001b70      0x38c e:/progra~2/stmicr~1/stm32c~1/gcc-ar~1.10-/gcc-ar~1.10/bin/../lib/gcc/arm-none-eabi/10.3.1/thumb/v6-m/nofp\libgcc.a(pr-support.o)
                0x08001bc4                __gnu_unwind_execute
                0x08001eb4                __gnu_unwind_frame
                0x08001edc                _Unwind_GetRegionStart
                0x08001ee8                _Unwind_GetLanguageSpecificData
 .text          0x08001efc       0x3c e:/progra~2/stmicr~1/stm32c~1/gcc-ar~1.10-/gcc-ar~1.10/bin/../lib/gcc/arm-none-eabi/10.3.1/thumb/v6-m/nofp\libgcc.a(_clzsi2.o)
                0x08001efc                __clzsi2
 *(.text*)
 .text.MX_ADC_Init
                0x08001f38       0x78 CMakeFiles/smart_servo.elf.dir/Core/Src/adc.c.obj
                0x08001f38                MX_ADC_Init
 .text.HAL_ADC_MspInit
                0x08001fb0       0xac CMakeFiles/smart_servo.elf.dir/Core/Src/adc.c.obj
                0x08001fb0                HAL_ADC_MspInit
 .text.MX_DMA_Init
                0x0800205c       0x30 CMakeFiles/smart_servo.elf.dir/Core/Src/dma.c.obj
                0x0800205c                MX_DMA_Init
 .text.MX_GPIO_Init
                0x0800208c       0x64 CMakeFiles/smart_servo.elf.dir/Core/Src/gpio.c.obj
                0x0800208c                MX_GPIO_Init
 .text.MX_I2C1_Init
                0x080020f0       0x64 CMakeFiles/smart_servo.elf.dir/Core/Src/i2c.c.obj
                0x080020f0                MX_I2C1_Init
 .text.HAL_I2C_MspInit
                0x08002154       0x7c CMakeFiles/smart_servo.elf.dir/Core/Src/i2c.c.obj
                0x08002154                HAL_I2C_MspInit
 .text.MY_I2C1_Init
                0x080021d0       0x64 CMakeFiles/smart_servo.elf.dir/Core/Src/i2c.c.obj
                0x080021d0                MY_I2C1_Init
 .text.Error_Handler
                0x08002234        0x4 CMakeFiles/smart_servo.elf.dir/Core/Src/main.c.obj
                0x08002234                Error_Handler
 .text.SystemClock_Config
                0x08002238       0x7a CMakeFiles/smart_servo.elf.dir/Core/Src/main.c.obj
                0x08002238                SystemClock_Config
 .text.main     0x080022b2       0x28 CMakeFiles/smart_servo.elf.dir/Core/Src/main.c.obj
                0x080022b2                main
 *fill*         0x080022da        0x2 
 .text.HAL_MspInit
                0x080022dc       0x30 CMakeFiles/smart_servo.elf.dir/Core/Src/stm32f0xx_hal_msp.c.obj
                0x080022dc                HAL_MspInit
 .text.NMI_Handler
                0x0800230c        0x2 CMakeFiles/smart_servo.elf.dir/Core/Src/stm32f0xx_it.c.obj
                0x0800230c                NMI_Handler
 .text.HardFault_Handler
                0x0800230e        0x2 CMakeFiles/smart_servo.elf.dir/Core/Src/stm32f0xx_it.c.obj
                0x0800230e                HardFault_Handler
 .text.SVC_Handler
                0x08002310        0x2 CMakeFiles/smart_servo.elf.dir/Core/Src/stm32f0xx_it.c.obj
                0x08002310                SVC_Handler
 .text.PendSV_Handler
                0x08002312        0x2 CMakeFiles/smart_servo.elf.dir/Core/Src/stm32f0xx_it.c.obj
                0x08002312                PendSV_Handler
 .text.SysTick_Handler
                0x08002314        0x8 CMakeFiles/smart_servo.elf.dir/Core/Src/stm32f0xx_it.c.obj
                0x08002314                SysTick_Handler
 .text.DMA1_Channel1_IRQHandler
                0x0800231c       0x10 CMakeFiles/smart_servo.elf.dir/Core/Src/stm32f0xx_it.c.obj
                0x0800231c                DMA1_Channel1_IRQHandler
 .text.ADC1_IRQHandler
                0x0800232c       0x10 CMakeFiles/smart_servo.elf.dir/Core/Src/stm32f0xx_it.c.obj
                0x0800232c                ADC1_IRQHandler
 .text.TIM14_IRQHandler
                0x0800233c       0x10 CMakeFiles/smart_servo.elf.dir/Core/Src/stm32f0xx_it.c.obj
                0x0800233c                TIM14_IRQHandler
 .text.I2C1_IRQHandler
                0x0800234c       0x24 CMakeFiles/smart_servo.elf.dir/Core/Src/stm32f0xx_it.c.obj
                0x0800234c                I2C1_IRQHandler
 .text._getpid  0x08002370        0x4 CMakeFiles/smart_servo.elf.dir/Core/Src/syscalls.c.obj
                0x08002370                _getpid
 .text._kill    0x08002374       0x10 CMakeFiles/smart_servo.elf.dir/Core/Src/syscalls.c.obj
                0x08002374                _kill
 .text._exit    0x08002384        0xc CMakeFiles/smart_servo.elf.dir/Core/Src/syscalls.c.obj
                0x08002384                _exit
 .text.SystemInit
                0x08002390        0x2 CMakeFiles/smart_servo.elf.dir/Core/Src/system_stm32f0xx.c.obj
                0x08002390                SystemInit
 *fill*         0x08002392        0x2 
 .text.MX_TIM14_Init
                0x08002394       0x34 CMakeFiles/smart_servo.elf.dir/Core/Src/tim.c.obj
                0x08002394                MX_TIM14_Init
 .text.HAL_TIM_PWM_MspInit
                0x080023c8       0x2c CMakeFiles/smart_servo.elf.dir/Core/Src/tim.c.obj
                0x080023c8                HAL_TIM_PWM_MspInit
 .text.HAL_TIM_Base_MspInit
                0x080023f4       0x40 CMakeFiles/smart_servo.elf.dir/Core/Src/tim.c.obj
                0x080023f4                HAL_TIM_Base_MspInit
 .text.HAL_TIM_MspPostInit
                0x08002434       0x50 CMakeFiles/smart_servo.elf.dir/Core/Src/tim.c.obj
                0x08002434                HAL_TIM_MspPostInit
 .text.MX_TIM3_Init
                0x08002484       0x9c CMakeFiles/smart_servo.elf.dir/Core/Src/tim.c.obj
                0x08002484                MX_TIM3_Init
 .text.Reset_Handler
                0x08002520       0x80 CMakeFiles/smart_servo.elf.dir/Core/Startup/startup_stm32f042f6px.s.obj
                0x08002520                Reset_Handler
 .text.Default_Handler
                0x080025a0        0x2 CMakeFiles/smart_servo.elf.dir/Core/Startup/startup_stm32f042f6px.s.obj
                0x080025a0                TIM1_CC_IRQHandler
                0x080025a0                TSC_IRQHandler
                0x080025a0                RCC_CRS_IRQHandler
                0x080025a0                SPI1_IRQHandler
                0x080025a0                EXTI2_3_IRQHandler
                0x080025a0                TIM17_IRQHandler
                0x080025a0                CEC_CAN_IRQHandler
                0x080025a0                RTC_IRQHandler
                0x080025a0                PVD_VDDIO2_IRQHandler
                0x080025a0                TIM16_IRQHandler
                0x080025a0                TIM3_IRQHandler
                0x080025a0                EXTI4_15_IRQHandler
                0x080025a0                Default_Handler
                0x080025a0                DMA1_Channel4_5_IRQHandler
                0x080025a0                EXTI0_1_IRQHandler
                0x080025a0                USB_IRQHandler
                0x080025a0                SPI2_IRQHandler
                0x080025a0                WWDG_IRQHandler
                0x080025a0                TIM2_IRQHandler
                0x080025a0                DMA1_Channel2_3_IRQHandler
                0x080025a0                USART2_IRQHandler
                0x080025a0                FLASH_IRQHandler
                0x080025a0                USART1_IRQHandler
                0x080025a0                TIM1_BRK_UP_TRG_COM_IRQHandler
 .text._ZN5Motor13CalcDceOutputEff
                0x080025a2       0xee CMakeFiles/smart_servo.elf.dir/Ctrl/motor.cpp.obj
                0x080025a2                Motor::CalcDceOutput(float, float)
 .text._ZN5Motor6SetPwmEt
                0x08002690       0x34 CMakeFiles/smart_servo.elf.dir/Ctrl/motor.cpp.obj
                0x08002690                Motor::SetPwm(unsigned short)
 .text._ZN5Motor14SetTorqueLimitEf
                0x080026c4       0x38 CMakeFiles/smart_servo.elf.dir/Ctrl/motor.cpp.obj
                0x080026c4                Motor::SetTorqueLimit(float)
 .text._ZN5Motor9SetEnableEb
                0x080026fc        0x6 CMakeFiles/smart_servo.elf.dir/Ctrl/motor.cpp.obj
                0x080026fc                Motor::SetEnable(bool)
 *fill*         0x08002702        0x2 
 .text.eeprom_buffered_read_byte
                0x08002704        0xc CMakeFiles/smart_servo.elf.dir/Ctrl/random_flash_utils.cpp.obj
                0x08002704                eeprom_buffered_read_byte
 .text.eeprom_buffered_write_byte
                0x08002710        0xc CMakeFiles/smart_servo.elf.dir/Ctrl/random_flash_utils.cpp.obj
                0x08002710                eeprom_buffered_write_byte
 .text.eeprom_buffer_fill
                0x0800271c       0x18 CMakeFiles/smart_servo.elf.dir/Ctrl/random_flash_utils.cpp.obj
                0x0800271c                eeprom_buffer_fill
 .text.eeprom_buffer_flush
                0x08002734       0x60 CMakeFiles/smart_servo.elf.dir/Ctrl/random_flash_utils.cpp.obj
                0x08002734                eeprom_buffer_flush
 .text.HAL_InitTick
                0x08002794       0x50 CMakeFiles/smart_servo.elf.dir/Drivers/STM32F0xx_HAL_Driver/Src/stm32f0xx_hal.c.obj
                0x08002794                HAL_InitTick
 .text.HAL_Init
                0x080027e4       0x20 CMakeFiles/smart_servo.elf.dir/Drivers/STM32F0xx_HAL_Driver/Src/stm32f0xx_hal.c.obj
                0x080027e4                HAL_Init
 .text.HAL_IncTick
                0x08002804       0x18 CMakeFiles/smart_servo.elf.dir/Drivers/STM32F0xx_HAL_Driver/Src/stm32f0xx_hal.c.obj
                0x08002804                HAL_IncTick
 .text.HAL_GetTick
                0x0800281c        0xc CMakeFiles/smart_servo.elf.dir/Drivers/STM32F0xx_HAL_Driver/Src/stm32f0xx_hal.c.obj
                0x0800281c                HAL_GetTick
 .text.HAL_Delay
                0x08002828       0x24 CMakeFiles/smart_servo.elf.dir/Drivers/STM32F0xx_HAL_Driver/Src/stm32f0xx_hal.c.obj
                0x08002828                HAL_Delay
 .text.ADC_Enable
                0x0800284c       0xb0 CMakeFiles/smart_servo.elf.dir/Drivers/STM32F0xx_HAL_Driver/Src/stm32f0xx_hal_adc.c.obj
 .text.HAL_ADC_Init
                0x080028fc      0x184 CMakeFiles/smart_servo.elf.dir/Drivers/STM32F0xx_HAL_Driver/Src/stm32f0xx_hal_adc.c.obj
                0x080028fc                HAL_ADC_Init
 .text.HAL_ADC_Start_DMA
                0x08002a80       0xa8 CMakeFiles/smart_servo.elf.dir/Drivers/STM32F0xx_HAL_Driver/Src/stm32f0xx_hal_adc.c.obj
                0x08002a80                HAL_ADC_Start_DMA
 .text.ADC_DMAConvCplt
                0x08002b28       0x70 CMakeFiles/smart_servo.elf.dir/Drivers/STM32F0xx_HAL_Driver/Src/stm32f0xx_hal_adc.c.obj
 .text.HAL_ADC_ConvHalfCpltCallback
                0x08002b98        0x2 CMakeFiles/smart_servo.elf.dir/Drivers/STM32F0xx_HAL_Driver/Src/stm32f0xx_hal_adc.c.obj
                0x08002b98                HAL_ADC_ConvHalfCpltCallback
 .text.ADC_DMAHalfConvCplt
                0x08002b9a        0xa CMakeFiles/smart_servo.elf.dir/Drivers/STM32F0xx_HAL_Driver/Src/stm32f0xx_hal_adc.c.obj
 .text.HAL_ADC_LevelOutOfWindowCallback
                0x08002ba4        0x2 CMakeFiles/smart_servo.elf.dir/Drivers/STM32F0xx_HAL_Driver/Src/stm32f0xx_hal_adc.c.obj
                0x08002ba4                HAL_ADC_LevelOutOfWindowCallback
 .text.HAL_ADC_ErrorCallback
                0x08002ba6        0x2 CMakeFiles/smart_servo.elf.dir/Drivers/STM32F0xx_HAL_Driver/Src/stm32f0xx_hal_adc.c.obj
                0x08002ba6                HAL_ADC_ErrorCallback
 .text.ADC_DMAError
                0x08002ba8       0x1a CMakeFiles/smart_servo.elf.dir/Drivers/STM32F0xx_HAL_Driver/Src/stm32f0xx_hal_adc.c.obj
 *fill*         0x08002bc2        0x2 
 .text.HAL_ADC_IRQHandler
                0x08002bc4       0xd0 CMakeFiles/smart_servo.elf.dir/Drivers/STM32F0xx_HAL_Driver/Src/stm32f0xx_hal_adc.c.obj
                0x08002bc4                HAL_ADC_IRQHandler
 .text.HAL_ADC_ConfigChannel
                0x08002c94      0x14c CMakeFiles/smart_servo.elf.dir/Drivers/STM32F0xx_HAL_Driver/Src/stm32f0xx_hal_adc.c.obj
                0x08002c94                HAL_ADC_ConfigChannel
 .text.HAL_NVIC_SetPriority
                0x08002de0       0x60 CMakeFiles/smart_servo.elf.dir/Drivers/STM32F0xx_HAL_Driver/Src/stm32f0xx_hal_cortex.c.obj
                0x08002de0                HAL_NVIC_SetPriority
 .text.HAL_NVIC_EnableIRQ
                0x08002e40       0x18 CMakeFiles/smart_servo.elf.dir/Drivers/STM32F0xx_HAL_Driver/Src/stm32f0xx_hal_cortex.c.obj
                0x08002e40                HAL_NVIC_EnableIRQ
 .text.HAL_NVIC_SystemReset
                0x08002e58       0x1c CMakeFiles/smart_servo.elf.dir/Drivers/STM32F0xx_HAL_Driver/Src/stm32f0xx_hal_cortex.c.obj
                0x08002e58                HAL_NVIC_SystemReset
 .text.HAL_SYSTICK_Config
                0x08002e74       0x38 CMakeFiles/smart_servo.elf.dir/Drivers/STM32F0xx_HAL_Driver/Src/stm32f0xx_hal_cortex.c.obj
                0x08002e74                HAL_SYSTICK_Config
 .text.DMA_SetConfig
                0x08002eac       0x2a CMakeFiles/smart_servo.elf.dir/Drivers/STM32F0xx_HAL_Driver/Src/stm32f0xx_hal_dma.c.obj
 *fill*         0x08002ed6        0x2 
 .text.DMA_CalcBaseAndBitshift
                0x08002ed8       0x24 CMakeFiles/smart_servo.elf.dir/Drivers/STM32F0xx_HAL_Driver/Src/stm32f0xx_hal_dma.c.obj
 .text.HAL_DMA_Init
                0x08002efc       0x50 CMakeFiles/smart_servo.elf.dir/Drivers/STM32F0xx_HAL_Driver/Src/stm32f0xx_hal_dma.c.obj
                0x08002efc                HAL_DMA_Init
 .text.HAL_DMA_Start_IT
                0x08002f4c       0x76 CMakeFiles/smart_servo.elf.dir/Drivers/STM32F0xx_HAL_Driver/Src/stm32f0xx_hal_dma.c.obj
                0x08002f4c                HAL_DMA_Start_IT
 .text.HAL_DMA_Abort_IT
                0x08002fc2       0x4a CMakeFiles/smart_servo.elf.dir/Drivers/STM32F0xx_HAL_Driver/Src/stm32f0xx_hal_dma.c.obj
                0x08002fc2                HAL_DMA_Abort_IT
 .text.HAL_DMA_IRQHandler
                0x0800300c       0xaa CMakeFiles/smart_servo.elf.dir/Drivers/STM32F0xx_HAL_Driver/Src/stm32f0xx_hal_dma.c.obj
                0x0800300c                HAL_DMA_IRQHandler
 .text.HAL_DMA_GetState
                0x080030b6        0x8 CMakeFiles/smart_servo.elf.dir/Drivers/STM32F0xx_HAL_Driver/Src/stm32f0xx_hal_dma.c.obj
                0x080030b6                HAL_DMA_GetState
 *fill*         0x080030be        0x2 
 .text.FLASH_Program_HalfWord
                0x080030c0       0x20 CMakeFiles/smart_servo.elf.dir/Drivers/STM32F0xx_HAL_Driver/Src/stm32f0xx_hal_flash.c.obj
 .text.FLASH_SetErrorCode
                0x080030e0       0x40 CMakeFiles/smart_servo.elf.dir/Drivers/STM32F0xx_HAL_Driver/Src/stm32f0xx_hal_flash.c.obj
 .text.HAL_FLASH_Unlock
                0x08003120       0x30 CMakeFiles/smart_servo.elf.dir/Drivers/STM32F0xx_HAL_Driver/Src/stm32f0xx_hal_flash.c.obj
                0x08003120                HAL_FLASH_Unlock
 .text.HAL_FLASH_Lock
                0x08003150       0x14 CMakeFiles/smart_servo.elf.dir/Drivers/STM32F0xx_HAL_Driver/Src/stm32f0xx_hal_flash.c.obj
                0x08003150                HAL_FLASH_Lock
 .text.FLASH_WaitForLastOperation
                0x08003164       0x58 CMakeFiles/smart_servo.elf.dir/Drivers/STM32F0xx_HAL_Driver/Src/stm32f0xx_hal_flash.c.obj
                0x08003164                FLASH_WaitForLastOperation
 .text.HAL_FLASH_Program
                0x080031bc       0xa8 CMakeFiles/smart_servo.elf.dir/Drivers/STM32F0xx_HAL_Driver/Src/stm32f0xx_hal_flash.c.obj
                0x080031bc                HAL_FLASH_Program
 .text.FLASH_MassErase
                0x08003264       0x24 CMakeFiles/smart_servo.elf.dir/Drivers/STM32F0xx_HAL_Driver/Src/stm32f0xx_hal_flash_ex.c.obj
 .text.FLASH_PageErase
                0x08003288       0x24 CMakeFiles/smart_servo.elf.dir/Drivers/STM32F0xx_HAL_Driver/Src/stm32f0xx_hal_flash_ex.c.obj
                0x08003288                FLASH_PageErase
 .text.HAL_FLASHEx_Erase
                0x080032ac       0xa4 CMakeFiles/smart_servo.elf.dir/Drivers/STM32F0xx_HAL_Driver/Src/stm32f0xx_hal_flash_ex.c.obj
                0x080032ac                HAL_FLASHEx_Erase
 .text.HAL_GPIO_Init
                0x08003350      0x180 CMakeFiles/smart_servo.elf.dir/Drivers/STM32F0xx_HAL_Driver/Src/stm32f0xx_hal_gpio.c.obj
                0x08003350                HAL_GPIO_Init
 .text.HAL_GPIO_WritePin
                0x080034d0        0xc CMakeFiles/smart_servo.elf.dir/Drivers/STM32F0xx_HAL_Driver/Src/stm32f0xx_hal_gpio.c.obj
                0x080034d0                HAL_GPIO_WritePin
 .text.I2C_Flush_TXDR
                0x080034dc       0x1e CMakeFiles/smart_servo.elf.dir/Drivers/STM32F0xx_HAL_Driver/Src/stm32f0xx_hal_i2c.c.obj
 *fill*         0x080034fa        0x2 
 .text.I2C_TransferConfig
                0x080034fc       0x30 CMakeFiles/smart_servo.elf.dir/Drivers/STM32F0xx_HAL_Driver/Src/stm32f0xx_hal_i2c.c.obj
 .text.I2C_Enable_IRQ
                0x0800352c       0x94 CMakeFiles/smart_servo.elf.dir/Drivers/STM32F0xx_HAL_Driver/Src/stm32f0xx_hal_i2c.c.obj
 .text.I2C_Disable_IRQ
                0x080035c0       0x6c CMakeFiles/smart_servo.elf.dir/Drivers/STM32F0xx_HAL_Driver/Src/stm32f0xx_hal_i2c.c.obj
 .text.I2C_IsErrorOccurred
                0x0800362c      0x118 CMakeFiles/smart_servo.elf.dir/Drivers/STM32F0xx_HAL_Driver/Src/stm32f0xx_hal_i2c.c.obj
 .text.I2C_WaitOnTXISFlagUntilTimeout
                0x08003744       0x5a CMakeFiles/smart_servo.elf.dir/Drivers/STM32F0xx_HAL_Driver/Src/stm32f0xx_hal_i2c.c.obj
 .text.I2C_WaitOnFlagUntilTimeout
                0x0800379e       0x8a CMakeFiles/smart_servo.elf.dir/Drivers/STM32F0xx_HAL_Driver/Src/stm32f0xx_hal_i2c.c.obj
 .text.I2C_WaitOnSTOPFlagUntilTimeout
                0x08003828       0x5a CMakeFiles/smart_servo.elf.dir/Drivers/STM32F0xx_HAL_Driver/Src/stm32f0xx_hal_i2c.c.obj
 *fill*         0x08003882        0x2 
 .text.HAL_I2C_Init
                0x08003884       0xdc CMakeFiles/smart_servo.elf.dir/Drivers/STM32F0xx_HAL_Driver/Src/stm32f0xx_hal_i2c.c.obj
                0x08003884                HAL_I2C_Init
 .text.HAL_I2C_Slave_Transmit
                0x08003960      0x20c CMakeFiles/smart_servo.elf.dir/Drivers/STM32F0xx_HAL_Driver/Src/stm32f0xx_hal_i2c.c.obj
                0x08003960                HAL_I2C_Slave_Transmit
 .text.HAL_I2C_Slave_Receive_IT
                0x08003b6c       0x68 CMakeFiles/smart_servo.elf.dir/Drivers/STM32F0xx_HAL_Driver/Src/stm32f0xx_hal_i2c.c.obj
                0x08003b6c                HAL_I2C_Slave_Receive_IT
 .text.HAL_I2C_EV_IRQHandler
                0x08003bd4       0x12 CMakeFiles/smart_servo.elf.dir/Drivers/STM32F0xx_HAL_Driver/Src/stm32f0xx_hal_i2c.c.obj
                0x08003bd4                HAL_I2C_EV_IRQHandler
 .text.HAL_I2C_MasterTxCpltCallback
                0x08003be6        0x2 CMakeFiles/smart_servo.elf.dir/Drivers/STM32F0xx_HAL_Driver/Src/stm32f0xx_hal_i2c.c.obj
                0x08003be6                HAL_I2C_MasterTxCpltCallback
 .text.HAL_I2C_MasterRxCpltCallback
                0x08003be8        0x2 CMakeFiles/smart_servo.elf.dir/Drivers/STM32F0xx_HAL_Driver/Src/stm32f0xx_hal_i2c.c.obj
                0x08003be8                HAL_I2C_MasterRxCpltCallback
 .text.I2C_ITMasterSeqCplt
                0x08003bea       0x52 CMakeFiles/smart_servo.elf.dir/Drivers/STM32F0xx_HAL_Driver/Src/stm32f0xx_hal_i2c.c.obj
 .text.HAL_I2C_SlaveTxCpltCallback
                0x08003c3c        0x2 CMakeFiles/smart_servo.elf.dir/Drivers/STM32F0xx_HAL_Driver/Src/stm32f0xx_hal_i2c.c.obj
                0x08003c3c                HAL_I2C_SlaveTxCpltCallback
 *fill*         0x08003c3e        0x2 
 .text.I2C_ITSlaveSeqCplt
                0x08003c40       0x84 CMakeFiles/smart_servo.elf.dir/Drivers/STM32F0xx_HAL_Driver/Src/stm32f0xx_hal_i2c.c.obj
 .text.HAL_I2C_AddrCallback
                0x08003cc4        0x2 CMakeFiles/smart_servo.elf.dir/Drivers/STM32F0xx_HAL_Driver/Src/stm32f0xx_hal_i2c.c.obj
                0x08003cc4                HAL_I2C_AddrCallback
 .text.I2C_ITAddrCplt
                0x08003cc6       0xa4 CMakeFiles/smart_servo.elf.dir/Drivers/STM32F0xx_HAL_Driver/Src/stm32f0xx_hal_i2c.c.obj
 .text.HAL_I2C_ListenCpltCallback
                0x08003d6a        0x2 CMakeFiles/smart_servo.elf.dir/Drivers/STM32F0xx_HAL_Driver/Src/stm32f0xx_hal_i2c.c.obj
                0x08003d6a                HAL_I2C_ListenCpltCallback
 .text.I2C_ITListenCplt
                0x08003d6c       0x68 CMakeFiles/smart_servo.elf.dir/Drivers/STM32F0xx_HAL_Driver/Src/stm32f0xx_hal_i2c.c.obj
 .text.HAL_I2C_MemTxCpltCallback
                0x08003dd4        0x2 CMakeFiles/smart_servo.elf.dir/Drivers/STM32F0xx_HAL_Driver/Src/stm32f0xx_hal_i2c.c.obj
                0x08003dd4                HAL_I2C_MemTxCpltCallback
 .text.HAL_I2C_MemRxCpltCallback
                0x08003dd6        0x2 CMakeFiles/smart_servo.elf.dir/Drivers/STM32F0xx_HAL_Driver/Src/stm32f0xx_hal_i2c.c.obj
                0x08003dd6                HAL_I2C_MemRxCpltCallback
 .text.HAL_I2C_ErrorCallback
                0x08003dd8        0x2 CMakeFiles/smart_servo.elf.dir/Drivers/STM32F0xx_HAL_Driver/Src/stm32f0xx_hal_i2c.c.obj
                0x08003dd8                HAL_I2C_ErrorCallback
 .text.HAL_I2C_AbortCpltCallback
                0x08003dda        0x2 CMakeFiles/smart_servo.elf.dir/Drivers/STM32F0xx_HAL_Driver/Src/stm32f0xx_hal_i2c.c.obj
                0x08003dda                HAL_I2C_AbortCpltCallback
 .text.I2C_TreatErrorCallback
                0x08003ddc       0x2c CMakeFiles/smart_servo.elf.dir/Drivers/STM32F0xx_HAL_Driver/Src/stm32f0xx_hal_i2c.c.obj
 .text.I2C_ITError
                0x08003e08      0x134 CMakeFiles/smart_servo.elf.dir/Drivers/STM32F0xx_HAL_Driver/Src/stm32f0xx_hal_i2c.c.obj
 .text.I2C_ITSlaveCplt
                0x08003f3c      0x1f8 CMakeFiles/smart_servo.elf.dir/Drivers/STM32F0xx_HAL_Driver/Src/stm32f0xx_hal_i2c.c.obj
 .text.I2C_Slave_ISR_IT
                0x08004134      0x144 CMakeFiles/smart_servo.elf.dir/Drivers/STM32F0xx_HAL_Driver/Src/stm32f0xx_hal_i2c.c.obj
 .text.I2C_ITMasterCplt
                0x08004278      0x118 CMakeFiles/smart_servo.elf.dir/Drivers/STM32F0xx_HAL_Driver/Src/stm32f0xx_hal_i2c.c.obj
 .text.I2C_Mem_ISR_DMA
                0x08004390      0x1bc CMakeFiles/smart_servo.elf.dir/Drivers/STM32F0xx_HAL_Driver/Src/stm32f0xx_hal_i2c.c.obj
 .text.I2C_Slave_ISR_DMA
                0x0800454c      0x128 CMakeFiles/smart_servo.elf.dir/Drivers/STM32F0xx_HAL_Driver/Src/stm32f0xx_hal_i2c.c.obj
 .text.I2C_Master_ISR_DMA
                0x08004674      0x150 CMakeFiles/smart_servo.elf.dir/Drivers/STM32F0xx_HAL_Driver/Src/stm32f0xx_hal_i2c.c.obj
 .text.HAL_I2C_ER_IRQHandler
                0x080047c4       0x5e CMakeFiles/smart_servo.elf.dir/Drivers/STM32F0xx_HAL_Driver/Src/stm32f0xx_hal_i2c.c.obj
                0x080047c4                HAL_I2C_ER_IRQHandler
 .text.I2C_DMAAbort
                0x08004822       0x1e CMakeFiles/smart_servo.elf.dir/Drivers/STM32F0xx_HAL_Driver/Src/stm32f0xx_hal_i2c.c.obj
 .text.HAL_I2CEx_ConfigAnalogFilter
                0x08004840       0x58 CMakeFiles/smart_servo.elf.dir/Drivers/STM32F0xx_HAL_Driver/Src/stm32f0xx_hal_i2c_ex.c.obj
                0x08004840                HAL_I2CEx_ConfigAnalogFilter
 .text.HAL_I2CEx_ConfigDigitalFilter
                0x08004898       0x54 CMakeFiles/smart_servo.elf.dir/Drivers/STM32F0xx_HAL_Driver/Src/stm32f0xx_hal_i2c_ex.c.obj
                0x08004898                HAL_I2CEx_ConfigDigitalFilter
 .text.HAL_RCC_OscConfig
                0x080048ec      0x544 CMakeFiles/smart_servo.elf.dir/Drivers/STM32F0xx_HAL_Driver/Src/stm32f0xx_hal_rcc.c.obj
                0x080048ec                HAL_RCC_OscConfig
 .text.HAL_RCC_GetSysClockFreq
                0x08004e30       0x78 CMakeFiles/smart_servo.elf.dir/Drivers/STM32F0xx_HAL_Driver/Src/stm32f0xx_hal_rcc.c.obj
                0x08004e30                HAL_RCC_GetSysClockFreq
 .text.HAL_RCC_ClockConfig
                0x08004ea8      0x144 CMakeFiles/smart_servo.elf.dir/Drivers/STM32F0xx_HAL_Driver/Src/stm32f0xx_hal_rcc.c.obj
                0x08004ea8                HAL_RCC_ClockConfig
 .text.HAL_RCCEx_PeriphCLKConfig
                0x08004fec      0x144 CMakeFiles/smart_servo.elf.dir/Drivers/STM32F0xx_HAL_Driver/Src/stm32f0xx_hal_rcc_ex.c.obj
                0x08004fec                HAL_RCCEx_PeriphCLKConfig
 .text.TIM_OC1_SetConfig
                0x08005130       0x78 CMakeFiles/smart_servo.elf.dir/Drivers/STM32F0xx_HAL_Driver/Src/stm32f0xx_hal_tim.c.obj
 .text.TIM_OC3_SetConfig
                0x080051a8       0x88 CMakeFiles/smart_servo.elf.dir/Drivers/STM32F0xx_HAL_Driver/Src/stm32f0xx_hal_tim.c.obj
 .text.TIM_OC4_SetConfig
                0x08005230       0x68 CMakeFiles/smart_servo.elf.dir/Drivers/STM32F0xx_HAL_Driver/Src/stm32f0xx_hal_tim.c.obj
 .text.HAL_TIM_Base_Start_IT
                0x08005298       0x60 CMakeFiles/smart_servo.elf.dir/Drivers/STM32F0xx_HAL_Driver/Src/stm32f0xx_hal_tim.c.obj
                0x08005298                HAL_TIM_Base_Start_IT
 .text.HAL_TIM_OC_DelayElapsedCallback
                0x080052f8        0x2 CMakeFiles/smart_servo.elf.dir/Drivers/STM32F0xx_HAL_Driver/Src/stm32f0xx_hal_tim.c.obj
                0x080052f8                HAL_TIM_OC_DelayElapsedCallback
 .text.HAL_TIM_IC_CaptureCallback
                0x080052fa        0x2 CMakeFiles/smart_servo.elf.dir/Drivers/STM32F0xx_HAL_Driver/Src/stm32f0xx_hal_tim.c.obj
                0x080052fa                HAL_TIM_IC_CaptureCallback
 .text.HAL_TIM_PWM_PulseFinishedCallback
                0x080052fc        0x2 CMakeFiles/smart_servo.elf.dir/Drivers/STM32F0xx_HAL_Driver/Src/stm32f0xx_hal_tim.c.obj
                0x080052fc                HAL_TIM_PWM_PulseFinishedCallback
 .text.HAL_TIM_TriggerCallback
                0x080052fe        0x2 CMakeFiles/smart_servo.elf.dir/Drivers/STM32F0xx_HAL_Driver/Src/stm32f0xx_hal_tim.c.obj
                0x080052fe                HAL_TIM_TriggerCallback
 .text.HAL_TIM_IRQHandler
                0x08005300      0x13e CMakeFiles/smart_servo.elf.dir/Drivers/STM32F0xx_HAL_Driver/Src/stm32f0xx_hal_tim.c.obj
                0x08005300                HAL_TIM_IRQHandler
 *fill*         0x0800543e        0x2 
 .text.TIM_Base_SetConfig
                0x08005440       0xa0 CMakeFiles/smart_servo.elf.dir/Drivers/STM32F0xx_HAL_Driver/Src/stm32f0xx_hal_tim.c.obj
                0x08005440                TIM_Base_SetConfig
 .text.HAL_TIM_Base_Init
                0x080054e0       0x58 CMakeFiles/smart_servo.elf.dir/Drivers/STM32F0xx_HAL_Driver/Src/stm32f0xx_hal_tim.c.obj
                0x080054e0                HAL_TIM_Base_Init
 .text.HAL_TIM_PWM_Init
                0x08005538       0x58 CMakeFiles/smart_servo.elf.dir/Drivers/STM32F0xx_HAL_Driver/Src/stm32f0xx_hal_tim.c.obj
                0x08005538                HAL_TIM_PWM_Init
 .text.TIM_OC2_SetConfig
                0x08005590       0x80 CMakeFiles/smart_servo.elf.dir/Drivers/STM32F0xx_HAL_Driver/Src/stm32f0xx_hal_tim.c.obj
                0x08005590                TIM_OC2_SetConfig
 .text.HAL_TIM_PWM_ConfigChannel
                0x08005610       0xf0 CMakeFiles/smart_servo.elf.dir/Drivers/STM32F0xx_HAL_Driver/Src/stm32f0xx_hal_tim.c.obj
                0x08005610                HAL_TIM_PWM_ConfigChannel
 .text.TIM_CCxChannelCmd
                0x08005700       0x1a CMakeFiles/smart_servo.elf.dir/Drivers/STM32F0xx_HAL_Driver/Src/stm32f0xx_hal_tim.c.obj
                0x08005700                TIM_CCxChannelCmd
 *fill*         0x0800571a        0x2 
 .text.HAL_TIM_PWM_Start
                0x0800571c       0xec CMakeFiles/smart_servo.elf.dir/Drivers/STM32F0xx_HAL_Driver/Src/stm32f0xx_hal_tim.c.obj
                0x0800571c                HAL_TIM_PWM_Start
 .text.HAL_TIMEx_MasterConfigSynchronization
                0x08005808       0x64 CMakeFiles/smart_servo.elf.dir/Drivers/STM32F0xx_HAL_Driver/Src/stm32f0xx_hal_tim_ex.c.obj
                0x08005808                HAL_TIMEx_MasterConfigSynchronization
 .text.HAL_TIMEx_CommutCallback
                0x0800586c        0x2 CMakeFiles/smart_servo.elf.dir/Drivers/STM32F0xx_HAL_Driver/Src/stm32f0xx_hal_tim_ex.c.obj
                0x0800586c                HAL_TIMEx_CommutCallback
 .text.HAL_TIMEx_BreakCallback
                0x0800586e        0x2 CMakeFiles/smart_servo.elf.dir/Drivers/STM32F0xx_HAL_Driver/Src/stm32f0xx_hal_tim_ex.c.obj
                0x0800586e                HAL_TIMEx_BreakCallback
 .text._Z41__static_initialization_and_destruction_0ii
                0x08005870       0x20 CMakeFiles/smart_servo.elf.dir/UserApp/main.cpp.obj
 .text.HAL_ADC_ConvCpltCallback
                0x08005890        0x2 CMakeFiles/smart_servo.elf.dir/UserApp/main.cpp.obj
                0x08005890                HAL_ADC_ConvCpltCallback
 *fill*         0x08005892        0x2 
 .text.HAL_I2C_SlaveRxCpltCallback
                0x08005894      0x1f8 CMakeFiles/smart_servo.elf.dir/UserApp/main.cpp.obj
                0x08005894                HAL_I2C_SlaveRxCpltCallback
 .text.HAL_TIM_PeriodElapsedCallback
                0x08005a8c       0x98 CMakeFiles/smart_servo.elf.dir/UserApp/main.cpp.obj
                0x08005a8c                HAL_TIM_PeriodElapsedCallback
 .text._ZN6EEPROM3putI8Config_tEERKT_iS4_
                0x08005b24       0x58 CMakeFiles/smart_servo.elf.dir/UserApp/main.cpp.obj
                0x08005b24                Config_t const& EEPROM::put<Config_t>(int, Config_t const&)
 .text.Main     0x08005b7c      0x1ac CMakeFiles/smart_servo.elf.dir/UserApp/main.cpp.obj
                0x08005b7c                Main
 .text._GLOBAL__sub_I_motor
                0x08005d28       0x10 CMakeFiles/smart_servo.elf.dir/UserApp/main.cpp.obj
 .text.abort    0x08005d38       0x10 e:/progra~2/stmicr~1/stm32c~1/gcc-ar~1.10-/gcc-ar~1.10/bin/../lib/gcc/arm-none-eabi/10.3.1/../../../../arm-none-eabi/lib/thumb/v6-m/nofp\libg.a(lib_a-abort.o)
                0x08005d38                abort
 .text.__errno  0x08005d48        0xc e:/progra~2/stmicr~1/stm32c~1/gcc-ar~1.10-/gcc-ar~1.10/bin/../lib/gcc/arm-none-eabi/10.3.1/../../../../arm-none-eabi/lib/thumb/v6-m/nofp\libg.a(lib_a-errno.o)
                0x08005d48                __errno
 .text.__libc_init_array
                0x08005d54       0x44 e:/progra~2/stmicr~1/stm32c~1/gcc-ar~1.10-/gcc-ar~1.10/bin/../lib/gcc/arm-none-eabi/10.3.1/../../../../arm-none-eabi/lib/thumb/v6-m/nofp\libg.a(lib_a-init.o)
                0x08005d54                __libc_init_array
 .text.memcpy   0x08005d98       0xa4 e:/progra~2/stmicr~1/stm32c~1/gcc-ar~1.10-/gcc-ar~1.10/bin/../lib/gcc/arm-none-eabi/10.3.1/../../../../arm-none-eabi/lib/thumb/v6-m/nofp\libg.a(lib_a-memcpy-stub.o)
                0x08005d98                memcpy
 .text.memset   0x08005e3c       0xa8 e:/progra~2/stmicr~1/stm32c~1/gcc-ar~1.10-/gcc-ar~1.10/bin/../lib/gcc/arm-none-eabi/10.3.1/../../../../arm-none-eabi/lib/thumb/v6-m/nofp\libg.a(lib_a-memset.o)
                0x08005e3c                memset
 .text.raise    0x08005ee4       0x60 e:/progra~2/stmicr~1/stm32c~1/gcc-ar~1.10-/gcc-ar~1.10/bin/../lib/gcc/arm-none-eabi/10.3.1/../../../../arm-none-eabi/lib/thumb/v6-m/nofp\libg.a(lib_a-signal.o)
                0x08005ee4                raise
 .text._kill_r  0x08005f44       0x28 e:/progra~2/stmicr~1/stm32c~1/gcc-ar~1.10-/gcc-ar~1.10/bin/../lib/gcc/arm-none-eabi/10.3.1/../../../../arm-none-eabi/lib/thumb/v6-m/nofp\libg.a(lib_a-signalr.o)
                0x08005f44                _kill_r
 .text._getpid_r
                0x08005f6c        0x8 e:/progra~2/stmicr~1/stm32c~1/gcc-ar~1.10-/gcc-ar~1.10/bin/../lib/gcc/arm-none-eabi/10.3.1/../../../../arm-none-eabi/lib/thumb/v6-m/nofp\libg.a(lib_a-signalr.o)
                0x08005f6c                _getpid_r
 .text.startup.register_fini
                0x08005f74       0x18 e:/progra~2/stmicr~1/stm32c~1/gcc-ar~1.10-/gcc-ar~1.10/bin/../lib/gcc/arm-none-eabi/10.3.1/../../../../arm-none-eabi/lib/thumb/v6-m/nofp\libg.a(lib_a-__call_atexit.o)
 .text.atexit   0x08005f8c       0x10 e:/progra~2/stmicr~1/stm32c~1/gcc-ar~1.10-/gcc-ar~1.10/bin/../lib/gcc/arm-none-eabi/10.3.1/../../../../arm-none-eabi/lib/thumb/v6-m/nofp\libg.a(lib_a-atexit.o)
                0x08005f8c                atexit
 .text.__libc_fini_array
                0x08005f9c       0x28 e:/progra~2/stmicr~1/stm32c~1/gcc-ar~1.10-/gcc-ar~1.10/bin/../lib/gcc/arm-none-eabi/10.3.1/../../../../arm-none-eabi/lib/thumb/v6-m/nofp\libg.a(lib_a-fini.o)
                0x08005f9c                __libc_fini_array
 .text.__retarget_lock_acquire_recursive
                0x08005fc4        0x4 e:/progra~2/stmicr~1/stm32c~1/gcc-ar~1.10-/gcc-ar~1.10/bin/../lib/gcc/arm-none-eabi/10.3.1/../../../../arm-none-eabi/lib/thumb/v6-m/nofp\libg.a(lib_a-lock.o)
                0x08005fc4                __retarget_lock_acquire_recursive
 .text.__retarget_lock_release_recursive
                0x08005fc8        0x4 e:/progra~2/stmicr~1/stm32c~1/gcc-ar~1.10-/gcc-ar~1.10/bin/../lib/gcc/arm-none-eabi/10.3.1/../../../../arm-none-eabi/lib/thumb/v6-m/nofp\libg.a(lib_a-lock.o)
                0x08005fc8                __retarget_lock_release_recursive
 .text.__register_exitproc
                0x08005fcc       0xac e:/progra~2/stmicr~1/stm32c~1/gcc-ar~1.10-/gcc-ar~1.10/bin/../lib/gcc/arm-none-eabi/10.3.1/../../../../arm-none-eabi/lib/thumb/v6-m/nofp\libg.a(lib_a-__atexit.o)
                0x08005fcc                __register_exitproc
 *(.glue_7)
 .glue_7        0x08006078        0x0 linker stubs
 *(.glue_7t)
 .glue_7t       0x08006078        0x0 linker stubs
 *(.eh_frame)
 .eh_frame      0x08006078        0x0 e:/progra~2/stmicr~1/stm32c~1/gcc-ar~1.10-/gcc-ar~1.10/bin/../lib/gcc/arm-none-eabi/10.3.1/thumb/v6-m/nofp/crtbegin.o
 *(.init)
 .init          0x08006078        0x4 e:/progra~2/stmicr~1/stm32c~1/gcc-ar~1.10-/gcc-ar~1.10/bin/../lib/gcc/arm-none-eabi/10.3.1/thumb/v6-m/nofp/crti.o
                0x08006078                _init
 .init          0x0800607c        0x8 e:/progra~2/stmicr~1/stm32c~1/gcc-ar~1.10-/gcc-ar~1.10/bin/../lib/gcc/arm-none-eabi/10.3.1/thumb/v6-m/nofp/crtn.o
 *(.fini)
 .fini          0x08006084        0x4 e:/progra~2/stmicr~1/stm32c~1/gcc-ar~1.10-/gcc-ar~1.10/bin/../lib/gcc/arm-none-eabi/10.3.1/thumb/v6-m/nofp/crti.o
                0x08006084                _fini
 .fini          0x08006088        0x8 e:/progra~2/stmicr~1/stm32c~1/gcc-ar~1.10-/gcc-ar~1.10/bin/../lib/gcc/arm-none-eabi/10.3.1/thumb/v6-m/nofp/crtn.o
                0x08006090                . = ALIGN (0x4)
                0x08006090                _etext = .

.vfp11_veneer   0x08006090        0x0
 .vfp11_veneer  0x08006090        0x0 linker stubs

.v4_bx          0x08006090        0x0
 .v4_bx         0x08006090        0x0 linker stubs

.iplt           0x08006090        0x0
 .iplt          0x08006090        0x0 e:/progra~2/stmicr~1/stm32c~1/gcc-ar~1.10-/gcc-ar~1.10/bin/../lib/gcc/arm-none-eabi/10.3.1/thumb/v6-m/nofp/crtbegin.o

.rodata         0x08006090      0x1c4
                0x08006090                . = ALIGN (0x4)
 *(.rodata)
 .rodata        0x08006090       0x30 CMakeFiles/smart_servo.elf.dir/UserApp/main.cpp.obj
 .rodata        0x080060c0       0x80 e:/progra~2/stmicr~1/stm32c~1/gcc-ar~1.10-/gcc-ar~1.10/bin/../lib/gcc/arm-none-eabi/10.3.1/thumb/v6-m/nofp\libgcc.a(divsf3.o)
 .rodata        0x08006140       0x40 e:/progra~2/stmicr~1/stm32c~1/gcc-ar~1.10-/gcc-ar~1.10/bin/../lib/gcc/arm-none-eabi/10.3.1/thumb/v6-m/nofp\libgcc.a(mulsf3.o)
 *(.rodata*)
 .rodata.AHBPrescTable
                0x08006180       0x10 CMakeFiles/smart_servo.elf.dir/Core/Src/system_stm32f0xx.c.obj
                0x08006180                AHBPrescTable
 .rodata.aPLLMULFactorTable.1
                0x08006190       0x10 CMakeFiles/smart_servo.elf.dir/Drivers/STM32F0xx_HAL_Driver/Src/stm32f0xx_hal_rcc.c.obj
 .rodata.aPredivFactorTable.0
                0x080061a0       0x10 CMakeFiles/smart_servo.elf.dir/Drivers/STM32F0xx_HAL_Driver/Src/stm32f0xx_hal_rcc.c.obj
 .rodata.HAL_I2C_SlaveRxCpltCallback
                0x080061b0       0xa0 CMakeFiles/smart_servo.elf.dir/UserApp/main.cpp.obj
 .rodata._global_impure_ptr
                0x08006250        0x4 e:/progra~2/stmicr~1/stm32c~1/gcc-ar~1.10-/gcc-ar~1.10/bin/../lib/gcc/arm-none-eabi/10.3.1/../../../../arm-none-eabi/lib/thumb/v6-m/nofp\libg.a(lib_a-impure.o)
                0x08006250                _global_impure_ptr
                0x08006254                . = ALIGN (0x4)

.ARM.extab      0x08006254       0x30
                0x08006254                . = ALIGN (0x4)
 *(.ARM.extab* .gnu.linkonce.armextab.*)
 .ARM.extab.text._ZN6EEPROM3putI8Config_tEERKT_iS4_
                0x08006254        0x0 CMakeFiles/smart_servo.elf.dir/UserApp/main.cpp.obj
 .ARM.extab     0x08006254       0x24 e:/progra~2/stmicr~1/stm32c~1/gcc-ar~1.10-/gcc-ar~1.10/bin/../lib/gcc/arm-none-eabi/10.3.1/thumb/v6-m/nofp\libgcc.a(unwind-arm.o)
 .ARM.extab     0x08006278        0xc e:/progra~2/stmicr~1/stm32c~1/gcc-ar~1.10-/gcc-ar~1.10/bin/../lib/gcc/arm-none-eabi/10.3.1/thumb/v6-m/nofp\libgcc.a(pr-support.o)
                0x08006284                . = ALIGN (0x4)

.ARM            0x08006284       0xf8
                0x08006284                . = ALIGN (0x4)
                0x08006284                __exidx_start = .
 *(.ARM.exidx*)
 .ARM.exidx.text._ZN5Motor13CalcDceOutputEff
                0x0800634c        0x0 CMakeFiles/smart_servo.elf.dir/Ctrl/motor.cpp.obj
                                  0x8 (size before relaxing)
 .ARM.exidx.text._ZN5Motor6SetPwmEt
                0x0800634c        0x0 CMakeFiles/smart_servo.elf.dir/Ctrl/motor.cpp.obj
                                  0x8 (size before relaxing)
 .ARM.exidx.text._ZN5Motor14SetTorqueLimitEf
                0x0800634c        0x0 CMakeFiles/smart_servo.elf.dir/Ctrl/motor.cpp.obj
                                  0x8 (size before relaxing)
 .ARM.exidx.text._ZN5Motor9SetEnableEb
                0x0800634c        0x0 CMakeFiles/smart_servo.elf.dir/Ctrl/motor.cpp.obj
                                  0x8 (size before relaxing)
 .ARM.exidx.text.eeprom_buffered_read_byte
                0x0800634c        0x0 CMakeFiles/smart_servo.elf.dir/Ctrl/random_flash_utils.cpp.obj
                                  0x8 (size before relaxing)
 .ARM.exidx.text.eeprom_buffered_write_byte
                0x0800634c        0x0 CMakeFiles/smart_servo.elf.dir/Ctrl/random_flash_utils.cpp.obj
                                  0x8 (size before relaxing)
 .ARM.exidx.text.eeprom_buffer_fill
                0x0800634c        0x0 CMakeFiles/smart_servo.elf.dir/Ctrl/random_flash_utils.cpp.obj
                                  0x8 (size before relaxing)
 .ARM.exidx.text.eeprom_buffer_flush
                0x0800634c       0x10 CMakeFiles/smart_servo.elf.dir/Ctrl/random_flash_utils.cpp.obj
                                  0x8 (size before relaxing)
 .ARM.exidx.text._Z41__static_initialization_and_destruction_0ii
                0x0800635c        0x0 CMakeFiles/smart_servo.elf.dir/UserApp/main.cpp.obj
                                  0x8 (size before relaxing)
 .ARM.exidx.text.HAL_ADC_ConvCpltCallback
                0x0800635c        0x0 CMakeFiles/smart_servo.elf.dir/UserApp/main.cpp.obj
                                  0x8 (size before relaxing)
 .ARM.exidx.text.HAL_I2C_SlaveRxCpltCallback
                0x0800635c        0x8 CMakeFiles/smart_servo.elf.dir/UserApp/main.cpp.obj
 .ARM.exidx.text.HAL_TIM_PeriodElapsedCallback
                0x08006364        0x8 CMakeFiles/smart_servo.elf.dir/UserApp/main.cpp.obj
 .ARM.exidx.text._ZN6EEPROM3putI8Config_tEERKT_iS4_
                0x0800636c        0x8 CMakeFiles/smart_servo.elf.dir/UserApp/main.cpp.obj
 .ARM.exidx.text.Main
                0x08006374        0x0 CMakeFiles/smart_servo.elf.dir/UserApp/main.cpp.obj
                                  0x8 (size before relaxing)
 .ARM.exidx.text._GLOBAL__sub_I_motor
                0x08006374        0x8 CMakeFiles/smart_servo.elf.dir/UserApp/main.cpp.obj
 .ARM.exidx     0x08006284       0x98 e:/progra~2/stmicr~1/stm32c~1/gcc-ar~1.10-/gcc-ar~1.10/bin/../lib/gcc/arm-none-eabi/10.3.1/thumb/v6-m/nofp\libgcc.a(unwind-arm.o)
                                 0xd8 (size before relaxing)
 .ARM.exidx     0x0800631c       0x30 e:/progra~2/stmicr~1/stm32c~1/gcc-ar~1.10-/gcc-ar~1.10/bin/../lib/gcc/arm-none-eabi/10.3.1/thumb/v6-m/nofp\libgcc.a(pr-support.o)
                                 0x38 (size before relaxing)
                0x0800637c                __exidx_end = .
                0x0800637c                . = ALIGN (0x4)

.rel.dyn        0x0800637c        0x0
 .rel.iplt      0x0800637c        0x0 e:/progra~2/stmicr~1/stm32c~1/gcc-ar~1.10-/gcc-ar~1.10/bin/../lib/gcc/arm-none-eabi/10.3.1/thumb/v6-m/nofp/crtbegin.o

.preinit_array  0x0800637c        0x0
                0x0800637c                . = ALIGN (0x4)
                0x0800637c                PROVIDE (__preinit_array_start = .)
 *(.preinit_array*)
                0x0800637c                PROVIDE (__preinit_array_end = .)
                0x0800637c                . = ALIGN (0x4)

.init_array     0x0800637c        0xc
                0x0800637c                . = ALIGN (0x4)
                0x0800637c                PROVIDE (__init_array_start = .)
 *(SORT_BY_NAME(.init_array.*))
 .init_array.00000
                0x0800637c        0x4 e:/progra~2/stmicr~1/stm32c~1/gcc-ar~1.10-/gcc-ar~1.10/bin/../lib/gcc/arm-none-eabi/10.3.1/../../../../arm-none-eabi/lib/thumb/v6-m/nofp\libg.a(lib_a-__call_atexit.o)
 *(.init_array*)
 .init_array    0x08006380        0x4 e:/progra~2/stmicr~1/stm32c~1/gcc-ar~1.10-/gcc-ar~1.10/bin/../lib/gcc/arm-none-eabi/10.3.1/thumb/v6-m/nofp/crtbegin.o
 .init_array    0x08006384        0x4 CMakeFiles/smart_servo.elf.dir/UserApp/main.cpp.obj
                0x08006388                PROVIDE (__init_array_end = .)
                0x08006388                . = ALIGN (0x4)

.fini_array     0x08006388        0x4
                0x08006388                . = ALIGN (0x4)
                0x08006388                PROVIDE (__fini_array_start = .)
 *(SORT_BY_NAME(.fini_array.*))
 *(.fini_array*)
 .fini_array    0x08006388        0x4 e:/progra~2/stmicr~1/stm32c~1/gcc-ar~1.10-/gcc-ar~1.10/bin/../lib/gcc/arm-none-eabi/10.3.1/thumb/v6-m/nofp/crtbegin.o
                0x0800638c                PROVIDE (__fini_array_end = .)
                0x0800638c                . = ALIGN (0x4)
                0x0800638c                _sidata = LOADADDR (.data)

.data           0x20000000      0x43c load address 0x0800638c
                0x20000000                . = ALIGN (0x4)
                0x20000000                _sdata = .
 *(.data)
 *(.data*)
 .data.SystemCoreClock
                0x20000000        0x4 CMakeFiles/smart_servo.elf.dir/Core/Src/system_stm32f0xx.c.obj
                0x20000000                SystemCoreClock
 .data.uwTickFreq
                0x20000004        0x1 CMakeFiles/smart_servo.elf.dir/Drivers/STM32F0xx_HAL_Driver/Src/stm32f0xx_hal.c.obj
                0x20000004                uwTickFreq
 *fill*         0x20000005        0x3 
 .data.uwTickPrio
                0x20000008        0x4 CMakeFiles/smart_servo.elf.dir/Drivers/STM32F0xx_HAL_Driver/Src/stm32f0xx_hal.c.obj
                0x20000008                uwTickPrio
 .data._impure_ptr
                0x2000000c        0x4 e:/progra~2/stmicr~1/stm32c~1/gcc-ar~1.10-/gcc-ar~1.10/bin/../lib/gcc/arm-none-eabi/10.3.1/../../../../arm-none-eabi/lib/thumb/v6-m/nofp\libg.a(lib_a-impure.o)
                0x2000000c                _impure_ptr
 .data.impure_data
                0x20000010      0x428 e:/progra~2/stmicr~1/stm32c~1/gcc-ar~1.10-/gcc-ar~1.10/bin/../lib/gcc/arm-none-eabi/10.3.1/../../../../arm-none-eabi/lib/thumb/v6-m/nofp\libg.a(lib_a-impure.o)
 .data.__atexit_recursive_mutex
                0x20000438        0x4 e:/progra~2/stmicr~1/stm32c~1/gcc-ar~1.10-/gcc-ar~1.10/bin/../lib/gcc/arm-none-eabi/10.3.1/../../../../arm-none-eabi/lib/thumb/v6-m/nofp\libg.a(lib_a-__call_atexit.o)
                0x20000438                __atexit_recursive_mutex
 *(.RamFunc)
 *(.RamFunc*)
                0x2000043c                . = ALIGN (0x4)
                0x2000043c                _edata = .

.igot.plt       0x2000043c        0x0 load address 0x080067c8
 .igot.plt      0x2000043c        0x0 e:/progra~2/stmicr~1/stm32c~1/gcc-ar~1.10-/gcc-ar~1.10/bin/../lib/gcc/arm-none-eabi/10.3.1/thumb/v6-m/nofp/crtbegin.o
                0x2000043c                . = ALIGN (0x4)

.bss            0x20000440      0x660 load address 0x080067c8
                0x20000440                _sbss = .
                0x20000440                __bss_start__ = _sbss
 *(.bss)
 .bss           0x20000440       0x1c e:/progra~2/stmicr~1/stm32c~1/gcc-ar~1.10-/gcc-ar~1.10/bin/../lib/gcc/arm-none-eabi/10.3.1/thumb/v6-m/nofp/crtbegin.o
 *(.bss*)
 .bss.adcData   0x2000045c       0x10 CMakeFiles/smart_servo.elf.dir/Core/Src/adc.c.obj
                0x2000045c                adcData
 .bss.hadc      0x2000046c       0x40 CMakeFiles/smart_servo.elf.dir/Core/Src/adc.c.obj
                0x2000046c                hadc
 .bss.hdma_adc  0x200004ac       0x44 CMakeFiles/smart_servo.elf.dir/Core/Src/adc.c.obj
                0x200004ac                hdma_adc
 .bss.hi2c1     0x200004f0       0x54 CMakeFiles/smart_servo.elf.dir/Core/Src/i2c.c.obj
                0x200004f0                hi2c1
 .bss.i2cDataRx
                0x20000544        0x8 CMakeFiles/smart_servo.elf.dir/Core/Src/i2c.c.obj
                0x20000544                i2cDataRx
 .bss.i2cDataTx
                0x2000054c        0x8 CMakeFiles/smart_servo.elf.dir/Core/Src/i2c.c.obj
                0x2000054c                i2cDataTx
 .bss.htim14    0x20000554       0x48 CMakeFiles/smart_servo.elf.dir/Core/Src/tim.c.obj
                0x20000554                htim14
 .bss.htim3     0x2000059c       0x48 CMakeFiles/smart_servo.elf.dir/Core/Src/tim.c.obj
                0x2000059c                htim3
 *fill*         0x200005e4        0x4 
 .bss._ZL13eeprom_buffer
                0x200005e8      0x400 CMakeFiles/smart_servo.elf.dir/Ctrl/random_flash_utils.cpp.obj
 .bss.uwTick    0x200009e8        0x4 CMakeFiles/smart_servo.elf.dir/Drivers/STM32F0xx_HAL_Driver/Src/stm32f0xx_hal.c.obj
                0x200009e8                uwTick
 *fill*         0x200009ec        0x4 
 .bss.pFlash    0x200009f0       0x20 CMakeFiles/smart_servo.elf.dir/Drivers/STM32F0xx_HAL_Driver/Src/stm32f0xx_hal_flash.c.obj
                0x200009f0                pFlash
 .bss.boardConfig
                0x20000a10       0x30 CMakeFiles/smart_servo.elf.dir/UserApp/main.cpp.obj
                0x20000a10                boardConfig
 .bss.motor     0x20000a40       0x58 CMakeFiles/smart_servo.elf.dir/UserApp/main.cpp.obj
                0x20000a40                motor
 .bss.__lock___atexit_recursive_mutex
                0x20000a98        0x1 e:/progra~2/stmicr~1/stm32c~1/gcc-ar~1.10-/gcc-ar~1.10/bin/../lib/gcc/arm-none-eabi/10.3.1/../../../../arm-none-eabi/lib/thumb/v6-m/nofp\libg.a(lib_a-lock.o)
                0x20000a98                __lock___atexit_recursive_mutex
 *fill*         0x20000a99        0x3 
 .bss.errno     0x20000a9c        0x4 e:/progra~2/stmicr~1/stm32c~1/gcc-ar~1.10-/gcc-ar~1.10/bin/../lib/gcc/arm-none-eabi/10.3.1/../../../../arm-none-eabi/lib/thumb/v6-m/nofp\libg.a(lib_a-reent.o)
                0x20000a9c                errno
 *(COMMON)
                0x20000aa0                . = ALIGN (0x4)
                0x20000aa0                _ebss = .
                0x20000aa0                __bss_end__ = _ebss

._user_heap_stack
                0x20000aa0      0x600 load address 0x080067c8
                0x20000aa0                . = ALIGN (0x8)
                [!provide]                PROVIDE (end = .)
                0x20000aa0                PROVIDE (_end = .)
                0x20000ca0                . = (. + _Min_Heap_Size)
 *fill*         0x20000aa0      0x200 
                0x200010a0                . = (. + _Min_Stack_Size)
 *fill*         0x20000ca0      0x400 
                0x200010a0                . = ALIGN (0x8)

/DISCARD/
 libc.a(*)
 libm.a(*)
 libgcc.a(*)

.ARM.attributes
                0x00000000       0x28
 *(.ARM.attributes)
 .ARM.attributes
                0x00000000       0x1e e:/progra~2/stmicr~1/stm32c~1/gcc-ar~1.10-/gcc-ar~1.10/bin/../lib/gcc/arm-none-eabi/10.3.1/thumb/v6-m/nofp/crti.o
 .ARM.attributes
                0x0000001e       0x2c e:/progra~2/stmicr~1/stm32c~1/gcc-ar~1.10-/gcc-ar~1.10/bin/../lib/gcc/arm-none-eabi/10.3.1/thumb/v6-m/nofp/crtbegin.o
 .ARM.attributes
                0x0000004a       0x2c CMakeFiles/smart_servo.elf.dir/Core/Src/adc.c.obj
 .ARM.attributes
                0x00000076       0x2c CMakeFiles/smart_servo.elf.dir/Core/Src/dma.c.obj
 .ARM.attributes
                0x000000a2       0x2c CMakeFiles/smart_servo.elf.dir/Core/Src/gpio.c.obj
 .ARM.attributes
                0x000000ce       0x2c CMakeFiles/smart_servo.elf.dir/Core/Src/i2c.c.obj
 .ARM.attributes
                0x000000fa       0x2c CMakeFiles/smart_servo.elf.dir/Core/Src/main.c.obj
 .ARM.attributes
                0x00000126       0x2c CMakeFiles/smart_servo.elf.dir/Core/Src/stm32f0xx_hal_msp.c.obj
 .ARM.attributes
                0x00000152       0x2c CMakeFiles/smart_servo.elf.dir/Core/Src/stm32f0xx_it.c.obj
 .ARM.attributes
                0x0000017e       0x2c CMakeFiles/smart_servo.elf.dir/Core/Src/syscalls.c.obj
 .ARM.attributes
                0x000001aa       0x2c CMakeFiles/smart_servo.elf.dir/Core/Src/system_stm32f0xx.c.obj
 .ARM.attributes
                0x000001d6       0x2c CMakeFiles/smart_servo.elf.dir/Core/Src/tim.c.obj
 .ARM.attributes
                0x00000202       0x21 CMakeFiles/smart_servo.elf.dir/Core/Startup/startup_stm32f042f6px.s.obj
 .ARM.attributes
                0x00000223       0x2c CMakeFiles/smart_servo.elf.dir/Ctrl/motor.cpp.obj
 .ARM.attributes
                0x0000024f       0x2c CMakeFiles/smart_servo.elf.dir/Ctrl/random_flash_utils.cpp.obj
 .ARM.attributes
                0x0000027b       0x2c CMakeFiles/smart_servo.elf.dir/Drivers/STM32F0xx_HAL_Driver/Src/stm32f0xx_hal.c.obj
 .ARM.attributes
                0x000002a7       0x2c CMakeFiles/smart_servo.elf.dir/Drivers/STM32F0xx_HAL_Driver/Src/stm32f0xx_hal_adc.c.obj
 .ARM.attributes
                0x000002d3       0x2c CMakeFiles/smart_servo.elf.dir/Drivers/STM32F0xx_HAL_Driver/Src/stm32f0xx_hal_cortex.c.obj
 .ARM.attributes
                0x000002ff       0x2c CMakeFiles/smart_servo.elf.dir/Drivers/STM32F0xx_HAL_Driver/Src/stm32f0xx_hal_dma.c.obj
 .ARM.attributes
                0x0000032b       0x2c CMakeFiles/smart_servo.elf.dir/Drivers/STM32F0xx_HAL_Driver/Src/stm32f0xx_hal_flash.c.obj
 .ARM.attributes
                0x00000357       0x2c CMakeFiles/smart_servo.elf.dir/Drivers/STM32F0xx_HAL_Driver/Src/stm32f0xx_hal_flash_ex.c.obj
 .ARM.attributes
                0x00000383       0x2c CMakeFiles/smart_servo.elf.dir/Drivers/STM32F0xx_HAL_Driver/Src/stm32f0xx_hal_gpio.c.obj
 .ARM.attributes
                0x000003af       0x2c CMakeFiles/smart_servo.elf.dir/Drivers/STM32F0xx_HAL_Driver/Src/stm32f0xx_hal_i2c.c.obj
 .ARM.attributes
                0x000003db       0x2c CMakeFiles/smart_servo.elf.dir/Drivers/STM32F0xx_HAL_Driver/Src/stm32f0xx_hal_i2c_ex.c.obj
 .ARM.attributes
                0x00000407       0x2c CMakeFiles/smart_servo.elf.dir/Drivers/STM32F0xx_HAL_Driver/Src/stm32f0xx_hal_rcc.c.obj
 .ARM.attributes
                0x00000433       0x2c CMakeFiles/smart_servo.elf.dir/Drivers/STM32F0xx_HAL_Driver/Src/stm32f0xx_hal_rcc_ex.c.obj
 .ARM.attributes
                0x0000045f       0x2c CMakeFiles/smart_servo.elf.dir/Drivers/STM32F0xx_HAL_Driver/Src/stm32f0xx_hal_tim.c.obj
 .ARM.attributes
                0x0000048b       0x2c CMakeFiles/smart_servo.elf.dir/Drivers/STM32F0xx_HAL_Driver/Src/stm32f0xx_hal_tim_ex.c.obj
 .ARM.attributes
                0x000004b7       0x2c CMakeFiles/smart_servo.elf.dir/UserApp/main.cpp.obj
 .ARM.attributes
                0x000004e3       0x1e e:/progra~2/stmicr~1/stm32c~1/gcc-ar~1.10-/gcc-ar~1.10/bin/../lib/gcc/arm-none-eabi/10.3.1/thumb/v6-m/nofp\libgcc.a(_udivsi3.o)
 .ARM.attributes
                0x00000501       0x1e e:/progra~2/stmicr~1/stm32c~1/gcc-ar~1.10-/gcc-ar~1.10/bin/../lib/gcc/arm-none-eabi/10.3.1/thumb/v6-m/nofp\libgcc.a(_dvmd_tls.o)
 .ARM.attributes
                0x0000051f       0x1e e:/progra~2/stmicr~1/stm32c~1/gcc-ar~1.10-/gcc-ar~1.10/bin/../lib/gcc/arm-none-eabi/10.3.1/thumb/v6-m/nofp\libgcc.a(_arm_cmpsf2.o)
 .ARM.attributes
                0x0000053d       0x2c e:/progra~2/stmicr~1/stm32c~1/gcc-ar~1.10-/gcc-ar~1.10/bin/../lib/gcc/arm-none-eabi/10.3.1/thumb/v6-m/nofp\libgcc.a(_fixunssfsi.o)
 .ARM.attributes
                0x00000569       0x2c e:/progra~2/stmicr~1/stm32c~1/gcc-ar~1.10-/gcc-ar~1.10/bin/../lib/gcc/arm-none-eabi/10.3.1/thumb/v6-m/nofp\libgcc.a(addsf3.o)
 .ARM.attributes
                0x00000595       0x2c e:/progra~2/stmicr~1/stm32c~1/gcc-ar~1.10-/gcc-ar~1.10/bin/../lib/gcc/arm-none-eabi/10.3.1/thumb/v6-m/nofp\libgcc.a(divsf3.o)
 .ARM.attributes
                0x000005c1       0x2c e:/progra~2/stmicr~1/stm32c~1/gcc-ar~1.10-/gcc-ar~1.10/bin/../lib/gcc/arm-none-eabi/10.3.1/thumb/v6-m/nofp\libgcc.a(eqsf2.o)
 .ARM.attributes
                0x000005ed       0x2c e:/progra~2/stmicr~1/stm32c~1/gcc-ar~1.10-/gcc-ar~1.10/bin/../lib/gcc/arm-none-eabi/10.3.1/thumb/v6-m/nofp\libgcc.a(gesf2.o)
 .ARM.attributes
                0x00000619       0x2c e:/progra~2/stmicr~1/stm32c~1/gcc-ar~1.10-/gcc-ar~1.10/bin/../lib/gcc/arm-none-eabi/10.3.1/thumb/v6-m/nofp\libgcc.a(lesf2.o)
 .ARM.attributes
                0x00000645       0x2c e:/progra~2/stmicr~1/stm32c~1/gcc-ar~1.10-/gcc-ar~1.10/bin/../lib/gcc/arm-none-eabi/10.3.1/thumb/v6-m/nofp\libgcc.a(mulsf3.o)
 .ARM.attributes
                0x00000671       0x2c e:/progra~2/stmicr~1/stm32c~1/gcc-ar~1.10-/gcc-ar~1.10/bin/../lib/gcc/arm-none-eabi/10.3.1/thumb/v6-m/nofp\libgcc.a(subsf3.o)
 .ARM.attributes
                0x0000069d       0x2c e:/progra~2/stmicr~1/stm32c~1/gcc-ar~1.10-/gcc-ar~1.10/bin/../lib/gcc/arm-none-eabi/10.3.1/thumb/v6-m/nofp\libgcc.a(fixsfsi.o)
 .ARM.attributes
                0x000006c9       0x2c e:/progra~2/stmicr~1/stm32c~1/gcc-ar~1.10-/gcc-ar~1.10/bin/../lib/gcc/arm-none-eabi/10.3.1/thumb/v6-m/nofp\libgcc.a(floatunsisf.o)
 .ARM.attributes
                0x000006f5       0x2c e:/progra~2/stmicr~1/stm32c~1/gcc-ar~1.10-/gcc-ar~1.10/bin/../lib/gcc/arm-none-eabi/10.3.1/thumb/v6-m/nofp\libgcc.a(unwind-arm.o)
 .ARM.attributes
                0x00000721       0x1e e:/progra~2/stmicr~1/stm32c~1/gcc-ar~1.10-/gcc-ar~1.10/bin/../lib/gcc/arm-none-eabi/10.3.1/thumb/v6-m/nofp\libgcc.a(libunwind.o)
 .ARM.attributes
                0x0000073f       0x2c e:/progra~2/stmicr~1/stm32c~1/gcc-ar~1.10-/gcc-ar~1.10/bin/../lib/gcc/arm-none-eabi/10.3.1/thumb/v6-m/nofp\libgcc.a(pr-support.o)
 .ARM.attributes
                0x0000076b       0x1e e:/progra~2/stmicr~1/stm32c~1/gcc-ar~1.10-/gcc-ar~1.10/bin/../lib/gcc/arm-none-eabi/10.3.1/thumb/v6-m/nofp\libgcc.a(_clzsi2.o)
 .ARM.attributes
                0x00000789       0x2c e:/progra~2/stmicr~1/stm32c~1/gcc-ar~1.10-/gcc-ar~1.10/bin/../lib/gcc/arm-none-eabi/10.3.1/../../../../arm-none-eabi/lib/thumb/v6-m/nofp\libg.a(lib_a-abort.o)
 .ARM.attributes
                0x000007b5       0x2c e:/progra~2/stmicr~1/stm32c~1/gcc-ar~1.10-/gcc-ar~1.10/bin/../lib/gcc/arm-none-eabi/10.3.1/../../../../arm-none-eabi/lib/thumb/v6-m/nofp\libg.a(lib_a-errno.o)
 .ARM.attributes
                0x000007e1       0x2c e:/progra~2/stmicr~1/stm32c~1/gcc-ar~1.10-/gcc-ar~1.10/bin/../lib/gcc/arm-none-eabi/10.3.1/../../../../arm-none-eabi/lib/thumb/v6-m/nofp\libg.a(lib_a-impure.o)
 .ARM.attributes
                0x0000080d       0x2c e:/progra~2/stmicr~1/stm32c~1/gcc-ar~1.10-/gcc-ar~1.10/bin/../lib/gcc/arm-none-eabi/10.3.1/../../../../arm-none-eabi/lib/thumb/v6-m/nofp\libg.a(lib_a-init.o)
 .ARM.attributes
                0x00000839       0x2c e:/progra~2/stmicr~1/stm32c~1/gcc-ar~1.10-/gcc-ar~1.10/bin/../lib/gcc/arm-none-eabi/10.3.1/../../../../arm-none-eabi/lib/thumb/v6-m/nofp\libg.a(lib_a-memcpy-stub.o)
 .ARM.attributes
                0x00000865       0x2c e:/progra~2/stmicr~1/stm32c~1/gcc-ar~1.10-/gcc-ar~1.10/bin/../lib/gcc/arm-none-eabi/10.3.1/../../../../arm-none-eabi/lib/thumb/v6-m/nofp\libg.a(lib_a-memset.o)
 .ARM.attributes
                0x00000891       0x2c e:/progra~2/stmicr~1/stm32c~1/gcc-ar~1.10-/gcc-ar~1.10/bin/../lib/gcc/arm-none-eabi/10.3.1/../../../../arm-none-eabi/lib/thumb/v6-m/nofp\libg.a(lib_a-signal.o)
 .ARM.attributes
                0x000008bd       0x2c e:/progra~2/stmicr~1/stm32c~1/gcc-ar~1.10-/gcc-ar~1.10/bin/../lib/gcc/arm-none-eabi/10.3.1/../../../../arm-none-eabi/lib/thumb/v6-m/nofp\libg.a(lib_a-signalr.o)
 .ARM.attributes
                0x000008e9       0x2c e:/progra~2/stmicr~1/stm32c~1/gcc-ar~1.10-/gcc-ar~1.10/bin/../lib/gcc/arm-none-eabi/10.3.1/../../../../arm-none-eabi/lib/thumb/v6-m/nofp\libg.a(lib_a-__call_atexit.o)
 .ARM.attributes
                0x00000915       0x2c e:/progra~2/stmicr~1/stm32c~1/gcc-ar~1.10-/gcc-ar~1.10/bin/../lib/gcc/arm-none-eabi/10.3.1/../../../../arm-none-eabi/lib/thumb/v6-m/nofp\libg.a(lib_a-atexit.o)
 .ARM.attributes
                0x00000941       0x2c e:/progra~2/stmicr~1/stm32c~1/gcc-ar~1.10-/gcc-ar~1.10/bin/../lib/gcc/arm-none-eabi/10.3.1/../../../../arm-none-eabi/lib/thumb/v6-m/nofp\libg.a(lib_a-fini.o)
 .ARM.attributes
                0x0000096d       0x2c e:/progra~2/stmicr~1/stm32c~1/gcc-ar~1.10-/gcc-ar~1.10/bin/../lib/gcc/arm-none-eabi/10.3.1/../../../../arm-none-eabi/lib/thumb/v6-m/nofp\libg.a(lib_a-lock.o)
 .ARM.attributes
                0x00000999       0x2c e:/progra~2/stmicr~1/stm32c~1/gcc-ar~1.10-/gcc-ar~1.10/bin/../lib/gcc/arm-none-eabi/10.3.1/../../../../arm-none-eabi/lib/thumb/v6-m/nofp\libg.a(lib_a-reent.o)
 .ARM.attributes
                0x000009c5       0x2c e:/progra~2/stmicr~1/stm32c~1/gcc-ar~1.10-/gcc-ar~1.10/bin/../lib/gcc/arm-none-eabi/10.3.1/../../../../arm-none-eabi/lib/thumb/v6-m/nofp\libg.a(lib_a-__atexit.o)
 .ARM.attributes
                0x000009f1       0x1e e:/progra~2/stmicr~1/stm32c~1/gcc-ar~1.10-/gcc-ar~1.10/bin/../lib/gcc/arm-none-eabi/10.3.1/thumb/v6-m/nofp/crtn.o
OUTPUT(smart_servo.elf elf32-littlearm)
LOAD linker stubs
LOAD e:/progra~2/stmicr~1/stm32c~1/gcc-ar~1.10-/gcc-ar~1.10/bin/../lib/gcc/arm-none-eabi/10.3.1/../../../../arm-none-eabi/lib/thumb/v6-m/nofp\libc.a
LOAD e:/progra~2/stmicr~1/stm32c~1/gcc-ar~1.10-/gcc-ar~1.10/bin/../lib/gcc/arm-none-eabi/10.3.1/../../../../arm-none-eabi/lib/thumb/v6-m/nofp\libm.a
LOAD e:/progra~2/stmicr~1/stm32c~1/gcc-ar~1.10-/gcc-ar~1.10/bin/../lib/gcc/arm-none-eabi/10.3.1/thumb/v6-m/nofp\libgcc.a

.debug_info     0x00000000    0x17049
 .debug_info    0x00000000      0xaf1 CMakeFiles/smart_servo.elf.dir/Core/Src/adc.c.obj
 .debug_info    0x00000af1      0x2b2 CMakeFiles/smart_servo.elf.dir/Core/Src/dma.c.obj
 .debug_info    0x00000da3      0x385 CMakeFiles/smart_servo.elf.dir/Core/Src/gpio.c.obj
 .debug_info    0x00001128      0xc0a CMakeFiles/smart_servo.elf.dir/Core/Src/i2c.c.obj
 .debug_info    0x00001d32      0x49b CMakeFiles/smart_servo.elf.dir/Core/Src/main.c.obj
 .debug_info    0x000021cd      0x1b4 CMakeFiles/smart_servo.elf.dir/Core/Src/stm32f0xx_hal_msp.c.obj
 .debug_info    0x00002381      0xcf3 CMakeFiles/smart_servo.elf.dir/Core/Src/stm32f0xx_it.c.obj
 .debug_info    0x00003074      0x7af CMakeFiles/smart_servo.elf.dir/Core/Src/syscalls.c.obj
 .debug_info    0x00003823      0x29d CMakeFiles/smart_servo.elf.dir/Core/Src/system_stm32f0xx.c.obj
 .debug_info    0x00003ac0      0xd68 CMakeFiles/smart_servo.elf.dir/Core/Src/tim.c.obj
 .debug_info    0x00004828       0x22 CMakeFiles/smart_servo.elf.dir/Core/Startup/startup_stm32f042f6px.s.obj
 .debug_info    0x0000484a      0xe15 CMakeFiles/smart_servo.elf.dir/Ctrl/motor.cpp.obj
 .debug_info    0x0000565f      0x46f CMakeFiles/smart_servo.elf.dir/Ctrl/random_flash_utils.cpp.obj
 .debug_info    0x00005ace      0x74e CMakeFiles/smart_servo.elf.dir/Drivers/STM32F0xx_HAL_Driver/Src/stm32f0xx_hal.c.obj
 .debug_info    0x0000621c      0xfd2 CMakeFiles/smart_servo.elf.dir/Drivers/STM32F0xx_HAL_Driver/Src/stm32f0xx_hal_adc.c.obj
 .debug_info    0x000071ee      0x846 CMakeFiles/smart_servo.elf.dir/Drivers/STM32F0xx_HAL_Driver/Src/stm32f0xx_hal_cortex.c.obj
 .debug_info    0x00007a34      0x8a8 CMakeFiles/smart_servo.elf.dir/Drivers/STM32F0xx_HAL_Driver/Src/stm32f0xx_hal_dma.c.obj
 .debug_info    0x000082dc      0x671 CMakeFiles/smart_servo.elf.dir/Drivers/STM32F0xx_HAL_Driver/Src/stm32f0xx_hal_flash.c.obj
 .debug_info    0x0000894d      0x98b CMakeFiles/smart_servo.elf.dir/Drivers/STM32F0xx_HAL_Driver/Src/stm32f0xx_hal_flash_ex.c.obj
 .debug_info    0x000092d8      0x664 CMakeFiles/smart_servo.elf.dir/Drivers/STM32F0xx_HAL_Driver/Src/stm32f0xx_hal_gpio.c.obj
 .debug_info    0x0000993c     0x4449 CMakeFiles/smart_servo.elf.dir/Drivers/STM32F0xx_HAL_Driver/Src/stm32f0xx_hal_i2c.c.obj
 .debug_info    0x0000dd85      0x8cf CMakeFiles/smart_servo.elf.dir/Drivers/STM32F0xx_HAL_Driver/Src/stm32f0xx_hal_i2c_ex.c.obj
 .debug_info    0x0000e654      0xac0 CMakeFiles/smart_servo.elf.dir/Drivers/STM32F0xx_HAL_Driver/Src/stm32f0xx_hal_rcc.c.obj
 .debug_info    0x0000f114      0x72a CMakeFiles/smart_servo.elf.dir/Drivers/STM32F0xx_HAL_Driver/Src/stm32f0xx_hal_rcc_ex.c.obj
 .debug_info    0x0000f83e     0x3d4e CMakeFiles/smart_servo.elf.dir/Drivers/STM32F0xx_HAL_Driver/Src/stm32f0xx_hal_tim.c.obj
 .debug_info    0x0001358c     0x1a59 CMakeFiles/smart_servo.elf.dir/Drivers/STM32F0xx_HAL_Driver/Src/stm32f0xx_hal_tim_ex.c.obj
 .debug_info    0x00014fe5     0x2064 CMakeFiles/smart_servo.elf.dir/UserApp/main.cpp.obj

.debug_abbrev   0x00000000     0x34fa
 .debug_abbrev  0x00000000      0x200 CMakeFiles/smart_servo.elf.dir/Core/Src/adc.c.obj
 .debug_abbrev  0x00000200      0x114 CMakeFiles/smart_servo.elf.dir/Core/Src/dma.c.obj
 .debug_abbrev  0x00000314      0x15f CMakeFiles/smart_servo.elf.dir/Core/Src/gpio.c.obj
 .debug_abbrev  0x00000473      0x20c CMakeFiles/smart_servo.elf.dir/Core/Src/i2c.c.obj
 .debug_abbrev  0x0000067f      0x182 CMakeFiles/smart_servo.elf.dir/Core/Src/main.c.obj
 .debug_abbrev  0x00000801       0xbf CMakeFiles/smart_servo.elf.dir/Core/Src/stm32f0xx_hal_msp.c.obj
 .debug_abbrev  0x000008c0      0x195 CMakeFiles/smart_servo.elf.dir/Core/Src/stm32f0xx_it.c.obj
 .debug_abbrev  0x00000a55      0x1a3 CMakeFiles/smart_servo.elf.dir/Core/Src/syscalls.c.obj
 .debug_abbrev  0x00000bf8      0x131 CMakeFiles/smart_servo.elf.dir/Core/Src/system_stm32f0xx.c.obj
 .debug_abbrev  0x00000d29      0x21a CMakeFiles/smart_servo.elf.dir/Core/Src/tim.c.obj
 .debug_abbrev  0x00000f43       0x12 CMakeFiles/smart_servo.elf.dir/Core/Startup/startup_stm32f042f6px.s.obj
 .debug_abbrev  0x00000f55      0x29f CMakeFiles/smart_servo.elf.dir/Ctrl/motor.cpp.obj
 .debug_abbrev  0x000011f4      0x1cc CMakeFiles/smart_servo.elf.dir/Ctrl/random_flash_utils.cpp.obj
 .debug_abbrev  0x000013c0      0x245 CMakeFiles/smart_servo.elf.dir/Drivers/STM32F0xx_HAL_Driver/Src/stm32f0xx_hal.c.obj
 .debug_abbrev  0x00001605      0x24f CMakeFiles/smart_servo.elf.dir/Drivers/STM32F0xx_HAL_Driver/Src/stm32f0xx_hal_adc.c.obj
 .debug_abbrev  0x00001854      0x293 CMakeFiles/smart_servo.elf.dir/Drivers/STM32F0xx_HAL_Driver/Src/stm32f0xx_hal_cortex.c.obj
 .debug_abbrev  0x00001ae7      0x21f CMakeFiles/smart_servo.elf.dir/Drivers/STM32F0xx_HAL_Driver/Src/stm32f0xx_hal_dma.c.obj
 .debug_abbrev  0x00001d06      0x22d CMakeFiles/smart_servo.elf.dir/Drivers/STM32F0xx_HAL_Driver/Src/stm32f0xx_hal_flash.c.obj
 .debug_abbrev  0x00001f33      0x232 CMakeFiles/smart_servo.elf.dir/Drivers/STM32F0xx_HAL_Driver/Src/stm32f0xx_hal_flash_ex.c.obj
 .debug_abbrev  0x00002165      0x1e6 CMakeFiles/smart_servo.elf.dir/Drivers/STM32F0xx_HAL_Driver/Src/stm32f0xx_hal_gpio.c.obj
 .debug_abbrev  0x0000234b      0x259 CMakeFiles/smart_servo.elf.dir/Drivers/STM32F0xx_HAL_Driver/Src/stm32f0xx_hal_i2c.c.obj
 .debug_abbrev  0x000025a4      0x1b3 CMakeFiles/smart_servo.elf.dir/Drivers/STM32F0xx_HAL_Driver/Src/stm32f0xx_hal_i2c_ex.c.obj
 .debug_abbrev  0x00002757      0x260 CMakeFiles/smart_servo.elf.dir/Drivers/STM32F0xx_HAL_Driver/Src/stm32f0xx_hal_rcc.c.obj
 .debug_abbrev  0x000029b7      0x200 CMakeFiles/smart_servo.elf.dir/Drivers/STM32F0xx_HAL_Driver/Src/stm32f0xx_hal_rcc_ex.c.obj
 .debug_abbrev  0x00002bb7      0x245 CMakeFiles/smart_servo.elf.dir/Drivers/STM32F0xx_HAL_Driver/Src/stm32f0xx_hal_tim.c.obj
 .debug_abbrev  0x00002dfc      0x248 CMakeFiles/smart_servo.elf.dir/Drivers/STM32F0xx_HAL_Driver/Src/stm32f0xx_hal_tim_ex.c.obj
 .debug_abbrev  0x00003044      0x4b6 CMakeFiles/smart_servo.elf.dir/UserApp/main.cpp.obj

.debug_loc      0x00000000    0x11e7e
 .debug_loc     0x00000000       0x8b CMakeFiles/smart_servo.elf.dir/Core/Src/adc.c.obj
 .debug_loc     0x0000008b       0xc7 CMakeFiles/smart_servo.elf.dir/Core/Src/i2c.c.obj
 .debug_loc     0x00000152      0x3d0 CMakeFiles/smart_servo.elf.dir/Core/Src/syscalls.c.obj
 .debug_loc     0x00000522      0x168 CMakeFiles/smart_servo.elf.dir/Core/Src/system_stm32f0xx.c.obj
 .debug_loc     0x0000068a       0xc3 CMakeFiles/smart_servo.elf.dir/Core/Src/tim.c.obj
 .debug_loc     0x0000074d      0x21b CMakeFiles/smart_servo.elf.dir/Ctrl/motor.cpp.obj
 .debug_loc     0x00000968       0xeb CMakeFiles/smart_servo.elf.dir/Ctrl/random_flash_utils.cpp.obj
 .debug_loc     0x00000a53      0x141 CMakeFiles/smart_servo.elf.dir/Drivers/STM32F0xx_HAL_Driver/Src/stm32f0xx_hal.c.obj
 .debug_loc     0x00000b94      0xe95 CMakeFiles/smart_servo.elf.dir/Drivers/STM32F0xx_HAL_Driver/Src/stm32f0xx_hal_adc.c.obj
 .debug_loc     0x00001a29      0x433 CMakeFiles/smart_servo.elf.dir/Drivers/STM32F0xx_HAL_Driver/Src/stm32f0xx_hal_cortex.c.obj
 .debug_loc     0x00001e5c      0x91b CMakeFiles/smart_servo.elf.dir/Drivers/STM32F0xx_HAL_Driver/Src/stm32f0xx_hal_dma.c.obj
 .debug_loc     0x00002777      0x383 CMakeFiles/smart_servo.elf.dir/Drivers/STM32F0xx_HAL_Driver/Src/stm32f0xx_hal_flash.c.obj
 .debug_loc     0x00002afa      0x6d5 CMakeFiles/smart_servo.elf.dir/Drivers/STM32F0xx_HAL_Driver/Src/stm32f0xx_hal_flash_ex.c.obj
 .debug_loc     0x000031cf      0x388 CMakeFiles/smart_servo.elf.dir/Drivers/STM32F0xx_HAL_Driver/Src/stm32f0xx_hal_gpio.c.obj
 .debug_loc     0x00003557     0x534f CMakeFiles/smart_servo.elf.dir/Drivers/STM32F0xx_HAL_Driver/Src/stm32f0xx_hal_i2c.c.obj
 .debug_loc     0x000088a6      0x210 CMakeFiles/smart_servo.elf.dir/Drivers/STM32F0xx_HAL_Driver/Src/stm32f0xx_hal_i2c_ex.c.obj
 .debug_loc     0x00008ab6      0x6b4 CMakeFiles/smart_servo.elf.dir/Drivers/STM32F0xx_HAL_Driver/Src/stm32f0xx_hal_rcc.c.obj
 .debug_loc     0x0000916a      0x7ca CMakeFiles/smart_servo.elf.dir/Drivers/STM32F0xx_HAL_Driver/Src/stm32f0xx_hal_rcc_ex.c.obj
 .debug_loc     0x00009934     0x5745 CMakeFiles/smart_servo.elf.dir/Drivers/STM32F0xx_HAL_Driver/Src/stm32f0xx_hal_tim.c.obj
 .debug_loc     0x0000f079     0x2272 CMakeFiles/smart_servo.elf.dir/Drivers/STM32F0xx_HAL_Driver/Src/stm32f0xx_hal_tim_ex.c.obj
 .debug_loc     0x000112eb      0xb93 CMakeFiles/smart_servo.elf.dir/UserApp/main.cpp.obj

.debug_aranges  0x00000000     0x10d0
 .debug_aranges
                0x00000000       0x30 CMakeFiles/smart_servo.elf.dir/Core/Src/adc.c.obj
 .debug_aranges
                0x00000030       0x20 CMakeFiles/smart_servo.elf.dir/Core/Src/dma.c.obj
 .debug_aranges
                0x00000050       0x20 CMakeFiles/smart_servo.elf.dir/Core/Src/gpio.c.obj
 .debug_aranges
                0x00000070       0x38 CMakeFiles/smart_servo.elf.dir/Core/Src/i2c.c.obj
 .debug_aranges
                0x000000a8       0x30 CMakeFiles/smart_servo.elf.dir/Core/Src/main.c.obj
 .debug_aranges
                0x000000d8       0x20 CMakeFiles/smart_servo.elf.dir/Core/Src/stm32f0xx_hal_msp.c.obj
 .debug_aranges
                0x000000f8       0x60 CMakeFiles/smart_servo.elf.dir/Core/Src/stm32f0xx_it.c.obj
 .debug_aranges
                0x00000158       0xa8 CMakeFiles/smart_servo.elf.dir/Core/Src/syscalls.c.obj
 .debug_aranges
                0x00000200       0x28 CMakeFiles/smart_servo.elf.dir/Core/Src/system_stm32f0xx.c.obj
 .debug_aranges
                0x00000228       0x50 CMakeFiles/smart_servo.elf.dir/Core/Src/tim.c.obj
 .debug_aranges
                0x00000278       0x28 CMakeFiles/smart_servo.elf.dir/Core/Startup/startup_stm32f042f6px.s.obj
 .debug_aranges
                0x000002a0       0x40 CMakeFiles/smart_servo.elf.dir/Ctrl/motor.cpp.obj
 .debug_aranges
                0x000002e0       0x48 CMakeFiles/smart_servo.elf.dir/Ctrl/random_flash_utils.cpp.obj
 .debug_aranges
                0x00000328       0xd0 CMakeFiles/smart_servo.elf.dir/Drivers/STM32F0xx_HAL_Driver/Src/stm32f0xx_hal.c.obj
 .debug_aranges
                0x000003f8       0xf8 CMakeFiles/smart_servo.elf.dir/Drivers/STM32F0xx_HAL_Driver/Src/stm32f0xx_hal_adc.c.obj
 .debug_aranges
                0x000004f0       0x78 CMakeFiles/smart_servo.elf.dir/Drivers/STM32F0xx_HAL_Driver/Src/stm32f0xx_hal_cortex.c.obj
 .debug_aranges
                0x00000568       0x88 CMakeFiles/smart_servo.elf.dir/Drivers/STM32F0xx_HAL_Driver/Src/stm32f0xx_hal_dma.c.obj
 .debug_aranges
                0x000005f0       0x88 CMakeFiles/smart_servo.elf.dir/Drivers/STM32F0xx_HAL_Driver/Src/stm32f0xx_hal_flash.c.obj
 .debug_aranges
                0x00000678       0x98 CMakeFiles/smart_servo.elf.dir/Drivers/STM32F0xx_HAL_Driver/Src/stm32f0xx_hal_flash_ex.c.obj
 .debug_aranges
                0x00000710       0x58 CMakeFiles/smart_servo.elf.dir/Drivers/STM32F0xx_HAL_Driver/Src/stm32f0xx_hal_gpio.c.obj
 .debug_aranges
                0x00000768      0x2a0 CMakeFiles/smart_servo.elf.dir/Drivers/STM32F0xx_HAL_Driver/Src/stm32f0xx_hal_i2c.c.obj
 .debug_aranges
                0x00000a08       0x48 CMakeFiles/smart_servo.elf.dir/Drivers/STM32F0xx_HAL_Driver/Src/stm32f0xx_hal_i2c_ex.c.obj
 .debug_aranges
                0x00000a50       0x80 CMakeFiles/smart_servo.elf.dir/Drivers/STM32F0xx_HAL_Driver/Src/stm32f0xx_hal_rcc.c.obj
 .debug_aranges
                0x00000ad0       0x78 CMakeFiles/smart_servo.elf.dir/Drivers/STM32F0xx_HAL_Driver/Src/stm32f0xx_hal_rcc_ex.c.obj
 .debug_aranges
                0x00000b48      0x3d0 CMakeFiles/smart_servo.elf.dir/Drivers/STM32F0xx_HAL_Driver/Src/stm32f0xx_hal_tim.c.obj
 .debug_aranges
                0x00000f18      0x168 CMakeFiles/smart_servo.elf.dir/Drivers/STM32F0xx_HAL_Driver/Src/stm32f0xx_hal_tim_ex.c.obj
 .debug_aranges
                0x00001080       0x50 CMakeFiles/smart_servo.elf.dir/UserApp/main.cpp.obj

.debug_ranges   0x00000000     0x1050
 .debug_ranges  0x00000000       0x20 CMakeFiles/smart_servo.elf.dir/Core/Src/adc.c.obj
 .debug_ranges  0x00000020       0x10 CMakeFiles/smart_servo.elf.dir/Core/Src/dma.c.obj
 .debug_ranges  0x00000030       0x10 CMakeFiles/smart_servo.elf.dir/Core/Src/gpio.c.obj
 .debug_ranges  0x00000040       0x28 CMakeFiles/smart_servo.elf.dir/Core/Src/i2c.c.obj
 .debug_ranges  0x00000068       0x20 CMakeFiles/smart_servo.elf.dir/Core/Src/main.c.obj
 .debug_ranges  0x00000088       0x10 CMakeFiles/smart_servo.elf.dir/Core/Src/stm32f0xx_hal_msp.c.obj
 .debug_ranges  0x00000098       0x50 CMakeFiles/smart_servo.elf.dir/Core/Src/stm32f0xx_it.c.obj
 .debug_ranges  0x000000e8       0x98 CMakeFiles/smart_servo.elf.dir/Core/Src/syscalls.c.obj
 .debug_ranges  0x00000180       0x18 CMakeFiles/smart_servo.elf.dir/Core/Src/system_stm32f0xx.c.obj
 .debug_ranges  0x00000198       0x40 CMakeFiles/smart_servo.elf.dir/Core/Src/tim.c.obj
 .debug_ranges  0x000001d8       0x20 CMakeFiles/smart_servo.elf.dir/Core/Startup/startup_stm32f042f6px.s.obj
 .debug_ranges  0x000001f8       0x30 CMakeFiles/smart_servo.elf.dir/Ctrl/motor.cpp.obj
 .debug_ranges  0x00000228       0x38 CMakeFiles/smart_servo.elf.dir/Ctrl/random_flash_utils.cpp.obj
 .debug_ranges  0x00000260       0xc0 CMakeFiles/smart_servo.elf.dir/Drivers/STM32F0xx_HAL_Driver/Src/stm32f0xx_hal.c.obj
 .debug_ranges  0x00000320       0xe8 CMakeFiles/smart_servo.elf.dir/Drivers/STM32F0xx_HAL_Driver/Src/stm32f0xx_hal_adc.c.obj
 .debug_ranges  0x00000408       0xc8 CMakeFiles/smart_servo.elf.dir/Drivers/STM32F0xx_HAL_Driver/Src/stm32f0xx_hal_cortex.c.obj
 .debug_ranges  0x000004d0       0x78 CMakeFiles/smart_servo.elf.dir/Drivers/STM32F0xx_HAL_Driver/Src/stm32f0xx_hal_dma.c.obj
 .debug_ranges  0x00000548       0x78 CMakeFiles/smart_servo.elf.dir/Drivers/STM32F0xx_HAL_Driver/Src/stm32f0xx_hal_flash.c.obj
 .debug_ranges  0x000005c0       0x88 CMakeFiles/smart_servo.elf.dir/Drivers/STM32F0xx_HAL_Driver/Src/stm32f0xx_hal_flash_ex.c.obj
 .debug_ranges  0x00000648       0x48 CMakeFiles/smart_servo.elf.dir/Drivers/STM32F0xx_HAL_Driver/Src/stm32f0xx_hal_gpio.c.obj
 .debug_ranges  0x00000690      0x290 CMakeFiles/smart_servo.elf.dir/Drivers/STM32F0xx_HAL_Driver/Src/stm32f0xx_hal_i2c.c.obj
 .debug_ranges  0x00000920       0x38 CMakeFiles/smart_servo.elf.dir/Drivers/STM32F0xx_HAL_Driver/Src/stm32f0xx_hal_i2c_ex.c.obj
 .debug_ranges  0x00000958       0x88 CMakeFiles/smart_servo.elf.dir/Drivers/STM32F0xx_HAL_Driver/Src/stm32f0xx_hal_rcc.c.obj
 .debug_ranges  0x000009e0       0x80 CMakeFiles/smart_servo.elf.dir/Drivers/STM32F0xx_HAL_Driver/Src/stm32f0xx_hal_rcc_ex.c.obj
 .debug_ranges  0x00000a60      0x3c0 CMakeFiles/smart_servo.elf.dir/Drivers/STM32F0xx_HAL_Driver/Src/stm32f0xx_hal_tim.c.obj
 .debug_ranges  0x00000e20      0x158 CMakeFiles/smart_servo.elf.dir/Drivers/STM32F0xx_HAL_Driver/Src/stm32f0xx_hal_tim_ex.c.obj
 .debug_ranges  0x00000f78       0xd8 CMakeFiles/smart_servo.elf.dir/UserApp/main.cpp.obj

.debug_line     0x00000000    0x1460d
 .debug_line    0x00000000      0x41f CMakeFiles/smart_servo.elf.dir/Core/Src/adc.c.obj
 .debug_line    0x0000041f      0x1e8 CMakeFiles/smart_servo.elf.dir/Core/Src/dma.c.obj
 .debug_line    0x00000607      0x223 CMakeFiles/smart_servo.elf.dir/Core/Src/gpio.c.obj
 .debug_line    0x0000082a      0x446 CMakeFiles/smart_servo.elf.dir/Core/Src/i2c.c.obj
 .debug_line    0x00000c70      0x3ac CMakeFiles/smart_servo.elf.dir/Core/Src/main.c.obj
 .debug_line    0x0000101c      0x1a1 CMakeFiles/smart_servo.elf.dir/Core/Src/stm32f0xx_hal_msp.c.obj
 .debug_line    0x000011bd      0x355 CMakeFiles/smart_servo.elf.dir/Core/Src/stm32f0xx_it.c.obj
 .debug_line    0x00001512      0x450 CMakeFiles/smart_servo.elf.dir/Core/Src/syscalls.c.obj
 .debug_line    0x00001962      0x274 CMakeFiles/smart_servo.elf.dir/Core/Src/system_stm32f0xx.c.obj
 .debug_line    0x00001bd6      0x4bb CMakeFiles/smart_servo.elf.dir/Core/Src/tim.c.obj
 .debug_line    0x00002091       0xb7 CMakeFiles/smart_servo.elf.dir/Core/Startup/startup_stm32f042f6px.s.obj
 .debug_line    0x00002148      0x509 CMakeFiles/smart_servo.elf.dir/Ctrl/motor.cpp.obj
 .debug_line    0x00002651      0x344 CMakeFiles/smart_servo.elf.dir/Ctrl/random_flash_utils.cpp.obj
 .debug_line    0x00002995      0x578 CMakeFiles/smart_servo.elf.dir/Drivers/STM32F0xx_HAL_Driver/Src/stm32f0xx_hal.c.obj
 .debug_line    0x00002f0d     0x104a CMakeFiles/smart_servo.elf.dir/Drivers/STM32F0xx_HAL_Driver/Src/stm32f0xx_hal_adc.c.obj
 .debug_line    0x00003f57      0x56a CMakeFiles/smart_servo.elf.dir/Drivers/STM32F0xx_HAL_Driver/Src/stm32f0xx_hal_cortex.c.obj
 .debug_line    0x000044c1      0xa52 CMakeFiles/smart_servo.elf.dir/Drivers/STM32F0xx_HAL_Driver/Src/stm32f0xx_hal_dma.c.obj
 .debug_line    0x00004f13      0x734 CMakeFiles/smart_servo.elf.dir/Drivers/STM32F0xx_HAL_Driver/Src/stm32f0xx_hal_flash.c.obj
 .debug_line    0x00005647      0x82b CMakeFiles/smart_servo.elf.dir/Drivers/STM32F0xx_HAL_Driver/Src/stm32f0xx_hal_flash_ex.c.obj
 .debug_line    0x00005e72      0x6a8 CMakeFiles/smart_servo.elf.dir/Drivers/STM32F0xx_HAL_Driver/Src/stm32f0xx_hal_gpio.c.obj
 .debug_line    0x0000651a     0x530f CMakeFiles/smart_servo.elf.dir/Drivers/STM32F0xx_HAL_Driver/Src/stm32f0xx_hal_i2c.c.obj
 .debug_line    0x0000b829      0x524 CMakeFiles/smart_servo.elf.dir/Drivers/STM32F0xx_HAL_Driver/Src/stm32f0xx_hal_i2c_ex.c.obj
 .debug_line    0x0000bd4d      0xc98 CMakeFiles/smart_servo.elf.dir/Drivers/STM32F0xx_HAL_Driver/Src/stm32f0xx_hal_rcc.c.obj
 .debug_line    0x0000c9e5      0x929 CMakeFiles/smart_servo.elf.dir/Drivers/STM32F0xx_HAL_Driver/Src/stm32f0xx_hal_rcc_ex.c.obj
 .debug_line    0x0000d30e     0x4a93 CMakeFiles/smart_servo.elf.dir/Drivers/STM32F0xx_HAL_Driver/Src/stm32f0xx_hal_tim.c.obj
 .debug_line    0x00011da1     0x1bed CMakeFiles/smart_servo.elf.dir/Drivers/STM32F0xx_HAL_Driver/Src/stm32f0xx_hal_tim_ex.c.obj
 .debug_line    0x0001398e      0xc7f CMakeFiles/smart_servo.elf.dir/UserApp/main.cpp.obj

.debug_str      0x00000000     0x52ec
 .debug_str     0x00000000      0x7db CMakeFiles/smart_servo.elf.dir/Core/Src/adc.c.obj
                                0x90d (size before relaxing)
 .debug_str     0x000007db       0x3a CMakeFiles/smart_servo.elf.dir/Core/Src/dma.c.obj
                                0x3f8 (size before relaxing)
 .debug_str     0x00000815       0x6a CMakeFiles/smart_servo.elf.dir/Core/Src/gpio.c.obj
                                0x305 (size before relaxing)
 .debug_str     0x0000087f      0x2f5 CMakeFiles/smart_servo.elf.dir/Core/Src/i2c.c.obj
                                0xa10 (size before relaxing)
 .debug_str     0x00000b74      0x27d CMakeFiles/smart_servo.elf.dir/Core/Src/main.c.obj
                                0x4a7 (size before relaxing)
 .debug_str     0x00000df1       0x48 CMakeFiles/smart_servo.elf.dir/Core/Src/stm32f0xx_hal_msp.c.obj
                                0x23c (size before relaxing)
 .debug_str     0x00000e39      0x34d CMakeFiles/smart_servo.elf.dir/Core/Src/stm32f0xx_it.c.obj
                                0xc19 (size before relaxing)
 .debug_str     0x00001186      0x234 CMakeFiles/smart_servo.elf.dir/Core/Src/syscalls.c.obj
                                0x423 (size before relaxing)
 .debug_str     0x000013ba       0xb5 CMakeFiles/smart_servo.elf.dir/Core/Src/system_stm32f0xx.c.obj
                                0x2b4 (size before relaxing)
 .debug_str     0x0000146f      0x1d7 CMakeFiles/smart_servo.elf.dir/Core/Src/tim.c.obj
                                0xb67 (size before relaxing)
 .debug_str     0x00001646       0x52 CMakeFiles/smart_servo.elf.dir/Core/Startup/startup_stm32f042f6px.s.obj
                                 0x83 (size before relaxing)
 .debug_str     0x00001698      0x58b CMakeFiles/smart_servo.elf.dir/Ctrl/motor.cpp.obj
                                0xc43 (size before relaxing)
 .debug_str     0x00001c23      0x230 CMakeFiles/smart_servo.elf.dir/Ctrl/random_flash_utils.cpp.obj
                                0x4b8 (size before relaxing)
 .debug_str     0x00001e53      0x263 CMakeFiles/smart_servo.elf.dir/Drivers/STM32F0xx_HAL_Driver/Src/stm32f0xx_hal.c.obj
                                0x6fe (size before relaxing)
 .debug_str     0x000020b6      0x308 CMakeFiles/smart_servo.elf.dir/Drivers/STM32F0xx_HAL_Driver/Src/stm32f0xx_hal_adc.c.obj
                                0x935 (size before relaxing)
 .debug_str     0x000023be      0x24f CMakeFiles/smart_servo.elf.dir/Drivers/STM32F0xx_HAL_Driver/Src/stm32f0xx_hal_cortex.c.obj
                                0x649 (size before relaxing)
 .debug_str     0x0000260d      0x225 CMakeFiles/smart_servo.elf.dir/Drivers/STM32F0xx_HAL_Driver/Src/stm32f0xx_hal_dma.c.obj
                                0x65a (size before relaxing)
 .debug_str     0x00002832      0x26f CMakeFiles/smart_servo.elf.dir/Drivers/STM32F0xx_HAL_Driver/Src/stm32f0xx_hal_flash.c.obj
                                0x551 (size before relaxing)
 .debug_str     0x00002aa1      0x258 CMakeFiles/smart_servo.elf.dir/Drivers/STM32F0xx_HAL_Driver/Src/stm32f0xx_hal_flash_ex.c.obj
                                0x63e (size before relaxing)
 .debug_str     0x00002cf9      0x127 CMakeFiles/smart_servo.elf.dir/Drivers/STM32F0xx_HAL_Driver/Src/stm32f0xx_hal_gpio.c.obj
                                0x437 (size before relaxing)
 .debug_str     0x00002e20      0x8a4 CMakeFiles/smart_servo.elf.dir/Drivers/STM32F0xx_HAL_Driver/Src/stm32f0xx_hal_i2c.c.obj
                               0x1003 (size before relaxing)
 .debug_str     0x000036c4       0xd4 CMakeFiles/smart_servo.elf.dir/Drivers/STM32F0xx_HAL_Driver/Src/stm32f0xx_hal_i2c_ex.c.obj
                                0x804 (size before relaxing)
 .debug_str     0x00003798      0x1dc CMakeFiles/smart_servo.elf.dir/Drivers/STM32F0xx_HAL_Driver/Src/stm32f0xx_hal_rcc.c.obj
                                0x6a3 (size before relaxing)
 .debug_str     0x00003974      0x27c CMakeFiles/smart_servo.elf.dir/Drivers/STM32F0xx_HAL_Driver/Src/stm32f0xx_hal_rcc_ex.c.obj
                                0x64f (size before relaxing)
 .debug_str     0x00003bf0      0xe0c CMakeFiles/smart_servo.elf.dir/Drivers/STM32F0xx_HAL_Driver/Src/stm32f0xx_hal_tim.c.obj
                               0x1686 (size before relaxing)
 .debug_str     0x000049fc      0x540 CMakeFiles/smart_servo.elf.dir/Drivers/STM32F0xx_HAL_Driver/Src/stm32f0xx_hal_tim_ex.c.obj
                                0xe77 (size before relaxing)
 .debug_str     0x00004f3c      0x3b0 CMakeFiles/smart_servo.elf.dir/UserApp/main.cpp.obj
                               0x1647 (size before relaxing)

.comment        0x00000000       0x49
 .comment       0x00000000       0x49 CMakeFiles/smart_servo.elf.dir/Core/Src/adc.c.obj
                                 0x4a (size before relaxing)
 .comment       0x00000049       0x4a CMakeFiles/smart_servo.elf.dir/Core/Src/dma.c.obj
 .comment       0x00000049       0x4a CMakeFiles/smart_servo.elf.dir/Core/Src/gpio.c.obj
 .comment       0x00000049       0x4a CMakeFiles/smart_servo.elf.dir/Core/Src/i2c.c.obj
 .comment       0x00000049       0x4a CMakeFiles/smart_servo.elf.dir/Core/Src/main.c.obj
 .comment       0x00000049       0x4a CMakeFiles/smart_servo.elf.dir/Core/Src/stm32f0xx_hal_msp.c.obj
 .comment       0x00000049       0x4a CMakeFiles/smart_servo.elf.dir/Core/Src/stm32f0xx_it.c.obj
 .comment       0x00000049       0x4a CMakeFiles/smart_servo.elf.dir/Core/Src/syscalls.c.obj
 .comment       0x00000049       0x4a CMakeFiles/smart_servo.elf.dir/Core/Src/system_stm32f0xx.c.obj
 .comment       0x00000049       0x4a CMakeFiles/smart_servo.elf.dir/Core/Src/tim.c.obj
 .comment       0x00000049       0x4a CMakeFiles/smart_servo.elf.dir/Ctrl/motor.cpp.obj
 .comment       0x00000049       0x4a CMakeFiles/smart_servo.elf.dir/Ctrl/random_flash_utils.cpp.obj
 .comment       0x00000049       0x4a CMakeFiles/smart_servo.elf.dir/Drivers/STM32F0xx_HAL_Driver/Src/stm32f0xx_hal.c.obj
 .comment       0x00000049       0x4a CMakeFiles/smart_servo.elf.dir/Drivers/STM32F0xx_HAL_Driver/Src/stm32f0xx_hal_adc.c.obj
 .comment       0x00000049       0x4a CMakeFiles/smart_servo.elf.dir/Drivers/STM32F0xx_HAL_Driver/Src/stm32f0xx_hal_cortex.c.obj
 .comment       0x00000049       0x4a CMakeFiles/smart_servo.elf.dir/Drivers/STM32F0xx_HAL_Driver/Src/stm32f0xx_hal_dma.c.obj
 .comment       0x00000049       0x4a CMakeFiles/smart_servo.elf.dir/Drivers/STM32F0xx_HAL_Driver/Src/stm32f0xx_hal_flash.c.obj
 .comment       0x00000049       0x4a CMakeFiles/smart_servo.elf.dir/Drivers/STM32F0xx_HAL_Driver/Src/stm32f0xx_hal_flash_ex.c.obj
 .comment       0x00000049       0x4a CMakeFiles/smart_servo.elf.dir/Drivers/STM32F0xx_HAL_Driver/Src/stm32f0xx_hal_gpio.c.obj
 .comment       0x00000049       0x4a CMakeFiles/smart_servo.elf.dir/Drivers/STM32F0xx_HAL_Driver/Src/stm32f0xx_hal_i2c.c.obj
 .comment       0x00000049       0x4a CMakeFiles/smart_servo.elf.dir/Drivers/STM32F0xx_HAL_Driver/Src/stm32f0xx_hal_i2c_ex.c.obj